[1.192s] Invoking command in '/home/haoran/Arm/meter_replacement/robot/build/meter_grasp': CONDA_PROMPT_MODIFIER=(base) PYTHONPATH=/home/haoran/Arm/meter_replacement/robot/build/meter_grasp/prefix_override:/usr/lib/python3/dist-packages/colcon_core/task/python/colcon_distutils_commands:/home/haoran/Arm/meter_replacement/robot/install/meter_grasp/lib/python3.10/site-packages:${PYTHONPATH} /usr/bin/python3 -W ignore:setup.py install is deprecated -W ignore:easy_install command is deprecated setup.py develop --editable --build-directory /home/haoran/Arm/meter_replacement/robot/build/meter_grasp/build --no-deps symlink_data
[1.439s] running develop
[1.589s] running egg_info
[1.589s] writing meter_grasp.egg-info/PKG-INFO
[1.590s] writing dependency_links to meter_grasp.egg-info/dependency_links.txt
[1.591s] writing entry points to meter_grasp.egg-info/entry_points.txt
[1.591s] writing requirements to meter_grasp.egg-info/requires.txt
[1.591s] writing top-level names to meter_grasp.egg-info/top_level.txt
[1.594s] reading manifest file 'meter_grasp.egg-info/SOURCES.txt'
[1.595s] writing manifest file 'meter_grasp.egg-info/SOURCES.txt'
[1.597s] running build_ext
[1.597s] Creating /home/haoran/Arm/meter_replacement/robot/install/meter_grasp/lib/python3.10/site-packages/meter-grasp.egg-link (link to .)
[1.598s] Installing add_meter_collision script to /home/haoran/Arm/meter_replacement/robot/install/meter_grasp/lib/meter_grasp
[1.598s] Installing attach_meter script to /home/haoran/Arm/meter_replacement/robot/install/meter_grasp/lib/meter_grasp
[1.598s] Installing detach_meter script to /home/haoran/Arm/meter_replacement/robot/install/meter_grasp/lib/meter_grasp
[1.598s] Installing run_meter_grasp script to /home/haoran/Arm/meter_replacement/robot/install/meter_grasp/lib/meter_grasp
[1.599s] Installing run_meter_remove script to /home/haoran/Arm/meter_replacement/robot/install/meter_grasp/lib/meter_grasp
[1.599s] Installing run_pick_sequence script to /home/haoran/Arm/meter_replacement/robot/install/meter_grasp/lib/meter_grasp
[1.599s] Installing show_meter_cad script to /home/haoran/Arm/meter_replacement/robot/install/meter_grasp/lib/meter_grasp
[1.599s] Installing show_meter_slots script to /home/haoran/Arm/meter_replacement/robot/install/meter_grasp/lib/meter_grasp
[1.599s] Installing show_workcell_camera script to /home/haoran/Arm/meter_replacement/robot/install/meter_grasp/lib/meter_grasp
[1.600s] 
[1.600s] Installed /home/haoran/Arm/meter_replacement/robot/build/meter_grasp
[1.600s] running symlink_data
[1.642s] Invoked command in '/home/haoran/Arm/meter_replacement/robot/build/meter_grasp' returned '0': CONDA_PROMPT_MODIFIER=(base) PYTHONPATH=/home/haoran/Arm/meter_replacement/robot/build/meter_grasp/prefix_override:/usr/lib/python3/dist-packages/colcon_core/task/python/colcon_distutils_commands:/home/haoran/Arm/meter_replacement/robot/install/meter_grasp/lib/python3.10/site-packages:${PYTHONPATH} /usr/bin/python3 -W ignore:setup.py install is deprecated -W ignore:easy_install command is deprecated setup.py develop --editable --build-directory /home/haoran/Arm/meter_replacement/robot/build/meter_grasp/build --no-deps symlink_data
