[0.096s] DEBUG:colcon:Command line arguments: ['/usr/bin/colcon', 'build', '--symlink-install', '--packages-select', 'meter_replacement_sim', '--base-paths', '../simulation/ros2']
[0.096s] DEBUG:colcon:Parsed command line arguments: Namespace(log_base=None, log_level=None, verb_name='build', build_base='build', install_base='install', merge_install=False, symlink_install=True, test_result_base=None, continue_on_error=False, executor='parallel', parallel_workers=4, event_handlers=None, ignore_user_meta=False, metas=['./colcon.meta'], base_paths=['../simulation/ros2'], packages_ignore=None, packages_ignore_regex=None, paths=None, packages_up_to=None, packages_up_to_regex=None, packages_above=None, packages_above_and_dependencies=None, packages_above_depth=None, packages_select_by_dep=None, packages_skip_by_dep=None, packages_skip_up_to=None, packages_select_build_failed=False, packages_skip_build_finished=False, packages_select_test_failures=False, packages_skip_test_passed=False, packages_select=['meter_replacement_sim'], packages_skip=None, packages_select_regex=None, packages_skip_regex=None, packages_start=None, packages_end=None, allow_overriding=[], cmake_args=None, cmake_target=None, cmake_target_skip_unavailable=False, cmake_clean_cache=False, cmake_clean_first=False, cmake_force_configure=False, ament_cmake_args=None, catkin_cmake_args=None, catkin_skip_building_tests=False, verb_parser=<colcon_defaults.argument_parser.defaults.DefaultArgumentsDecorator object at 0x7c2432944580>, verb_extension=<colcon_core.verb.build.BuildVerb object at 0x7c2432ac1c00>, main=<bound method BuildVerb.main of <colcon_core.verb.build.BuildVerb object at 0x7c2432ac1c00>>)
[0.237s] Level 1:colcon.colcon_core.package_discovery:discover_packages(colcon_meta) check parameters
[0.237s] Level 1:colcon.colcon_core.package_discovery:discover_packages(recursive) check parameters
[0.237s] Level 1:colcon.colcon_core.package_discovery:discover_packages(ignore) check parameters
[0.237s] Level 1:colcon.colcon_core.package_discovery:discover_packages(path) check parameters
[0.237s] Level 1:colcon.colcon_core.package_discovery:discover_packages(recursive) discover
[0.237s] INFO:colcon.colcon_core.package_discovery:Crawling recursively for packages in '/home/haoran/Arm/meter_replacement/simulation/ros2'
[0.237s] Level 1:colcon.colcon_core.package_identification:_identify(../simulation/ros2) by extensions ['ignore', 'ignore_ament_install']
[0.238s] Level 1:colcon.colcon_core.package_identification:_identify(../simulation/ros2) by extension 'ignore'
[0.238s] Level 1:colcon.colcon_core.package_identification:_identify(../simulation/ros2) by extension 'ignore_ament_install'
[0.238s] Level 1:colcon.colcon_core.package_identification:_identify(../simulation/ros2) by extensions ['colcon_pkg']
[0.238s] Level 1:colcon.colcon_core.package_identification:_identify(../simulation/ros2) by extension 'colcon_pkg'
[0.238s] Level 1:colcon.colcon_core.package_identification:_identify(../simulation/ros2) by extensions ['colcon_meta']
[0.238s] Level 1:colcon.colcon_core.package_identification:_identify(../simulation/ros2) by extension 'colcon_meta'
[0.238s] Level 1:colcon.colcon_core.package_identification:_identify(../simulation/ros2) by extensions ['ros']
[0.238s] Level 1:colcon.colcon_core.package_identification:_identify(../simulation/ros2) by extension 'ros'
[0.248s] Level 1:colcon.colcon_core.package_identification:_identify(../simulation/ros2) by extensions ['cmake', 'python']
[0.248s] Level 1:colcon.colcon_core.package_identification:_identify(../simulation/ros2) by extension 'cmake'
[0.248s] Level 1:colcon.colcon_core.package_identification:_identify(../simulation/ros2) by extension 'python'
[0.248s] Level 1:colcon.colcon_core.package_identification:_identify(../simulation/ros2) by extensions ['python_setup_py']
[0.248s] Level 1:colcon.colcon_core.package_identification:_identify(../simulation/ros2) by extension 'python_setup_py'
[0.248s] Level 1:colcon.colcon_core.package_identification:_identify(../simulation/ros2/config) by extensions ['ignore', 'ignore_ament_install']
[0.248s] Level 1:colcon.colcon_core.package_identification:_identify(../simulation/ros2/config) by extension 'ignore'
[0.248s] Level 1:colcon.colcon_core.package_identification:_identify(../simulation/ros2/config) by extension 'ignore_ament_install'
[0.248s] Level 1:colcon.colcon_core.package_identification:_identify(../simulation/ros2/config) by extensions ['colcon_pkg']
[0.248s] Level 1:colcon.colcon_core.package_identification:_identify(../simulation/ros2/config) by extension 'colcon_pkg'
[0.248s] Level 1:colcon.colcon_core.package_identification:_identify(../simulation/ros2/config) by extensions ['colcon_meta']
[0.248s] Level 1:colcon.colcon_core.package_identification:_identify(../simulation/ros2/config) by extension 'colcon_meta'
[0.248s] Level 1:colcon.colcon_core.package_identification:_identify(../simulation/ros2/config) by extensions ['ros']
[0.249s] Level 1:colcon.colcon_core.package_identification:_identify(../simulation/ros2/config) by extension 'ros'
[0.249s] Level 1:colcon.colcon_core.package_identification:_identify(../simulation/ros2/config) by extensions ['cmake', 'python']
[0.249s] Level 1:colcon.colcon_core.package_identification:_identify(../simulation/ros2/config) by extension 'cmake'
[0.249s] Level 1:colcon.colcon_core.package_identification:_identify(../simulation/ros2/config) by extension 'python'
[0.249s] Level 1:colcon.colcon_core.package_identification:_identify(../simulation/ros2/config) by extensions ['python_setup_py']
[0.249s] Level 1:colcon.colcon_core.package_identification:_identify(../simulation/ros2/config) by extension 'python_setup_py'
[0.249s] Level 1:colcon.colcon_core.package_identification:_identify(../simulation/ros2/description) by extensions ['ignore', 'ignore_ament_install']
[0.249s] Level 1:colcon.colcon_core.package_identification:_identify(../simulation/ros2/description) by extension 'ignore'
[0.249s] Level 1:colcon.colcon_core.package_identification:_identify(../simulation/ros2/description) by extension 'ignore_ament_install'
[0.249s] Level 1:colcon.colcon_core.package_identification:_identify(../simulation/ros2/description) by extensions ['colcon_pkg']
[0.249s] Level 1:colcon.colcon_core.package_identification:_identify(../simulation/ros2/description) by extension 'colcon_pkg'
[0.249s] Level 1:colcon.colcon_core.package_identification:_identify(../simulation/ros2/description) by extensions ['colcon_meta']
[0.249s] Level 1:colcon.colcon_core.package_identification:_identify(../simulation/ros2/description) by extension 'colcon_meta'
[0.249s] Level 1:colcon.colcon_core.package_identification:_identify(../simulation/ros2/description) by extensions ['ros']
[0.249s] Level 1:colcon.colcon_core.package_identification:_identify(../simulation/ros2/description) by extension 'ros'
[0.249s] Level 1:colcon.colcon_core.package_identification:_identify(../simulation/ros2/description) by extensions ['cmake', 'python']
[0.249s] Level 1:colcon.colcon_core.package_identification:_identify(../simulation/ros2/description) by extension 'cmake'
[0.249s] Level 1:colcon.colcon_core.package_identification:_identify(../simulation/ros2/description) by extension 'python'
[0.249s] Level 1:colcon.colcon_core.package_identification:_identify(../simulation/ros2/description) by extensions ['python_setup_py']
[0.249s] Level 1:colcon.colcon_core.package_identification:_identify(../simulation/ros2/description) by extension 'python_setup_py'
[0.249s] Level 1:colcon.colcon_core.package_identification:_identify(../simulation/ros2/launch) by extensions ['ignore', 'ignore_ament_install']
[0.249s] Level 1:colcon.colcon_core.package_identification:_identify(../simulation/ros2/launch) by extension 'ignore'
[0.249s] Level 1:colcon.colcon_core.package_identification:_identify(../simulation/ros2/launch) by extension 'ignore_ament_install'
[0.249s] Level 1:colcon.colcon_core.package_identification:_identify(../simulation/ros2/launch) by extensions ['colcon_pkg']
[0.250s] Level 1:colcon.colcon_core.package_identification:_identify(../simulation/ros2/launch) by extension 'colcon_pkg'
[0.250s] Level 1:colcon.colcon_core.package_identification:_identify(../simulation/ros2/launch) by extensions ['colcon_meta']
[0.250s] Level 1:colcon.colcon_core.package_identification:_identify(../simulation/ros2/launch) by extension 'colcon_meta'
[0.250s] Level 1:colcon.colcon_core.package_identification:_identify(../simulation/ros2/launch) by extensions ['ros']
[0.250s] Level 1:colcon.colcon_core.package_identification:_identify(../simulation/ros2/launch) by extension 'ros'
[0.250s] Level 1:colcon.colcon_core.package_identification:_identify(../simulation/ros2/launch) by extensions ['cmake', 'python']
[0.250s] Level 1:colcon.colcon_core.package_identification:_identify(../simulation/ros2/launch) by extension 'cmake'
[0.250s] Level 1:colcon.colcon_core.package_identification:_identify(../simulation/ros2/launch) by extension 'python'
[0.250s] Level 1:colcon.colcon_core.package_identification:_identify(../simulation/ros2/launch) by extensions ['python_setup_py']
[0.250s] Level 1:colcon.colcon_core.package_identification:_identify(../simulation/ros2/launch) by extension 'python_setup_py'
[0.250s] Level 1:colcon.colcon_core.package_identification:_identify(../simulation/ros2/meter_replacement_sim) by extensions ['ignore', 'ignore_ament_install']
[0.250s] Level 1:colcon.colcon_core.package_identification:_identify(../simulation/ros2/meter_replacement_sim) by extension 'ignore'
[0.250s] Level 1:colcon.colcon_core.package_identification:_identify(../simulation/ros2/meter_replacement_sim) by extension 'ignore_ament_install'
[0.250s] Level 1:colcon.colcon_core.package_identification:_identify(../simulation/ros2/meter_replacement_sim) by extensions ['colcon_pkg']
[0.250s] Level 1:colcon.colcon_core.package_identification:_identify(../simulation/ros2/meter_replacement_sim) by extension 'colcon_pkg'
[0.250s] Level 1:colcon.colcon_core.package_identification:_identify(../simulation/ros2/meter_replacement_sim) by extensions ['colcon_meta']
[0.250s] Level 1:colcon.colcon_core.package_identification:_identify(../simulation/ros2/meter_replacement_sim) by extension 'colcon_meta'
[0.250s] Level 1:colcon.colcon_core.package_identification:_identify(../simulation/ros2/meter_replacement_sim) by extensions ['ros']
[0.251s] Level 1:colcon.colcon_core.package_identification:_identify(../simulation/ros2/meter_replacement_sim) by extension 'ros'
[0.252s] DEBUG:colcon.colcon_core.package_identification:Package '../simulation/ros2/meter_replacement_sim' with type 'ros.ament_python' and name 'meter_replacement_sim'
[0.252s] Level 1:colcon.colcon_core.package_discovery:discover_packages(recursive) using defaults
[0.270s] Level 1:colcon.colcon_core.package_discovery:discover_packages(prefix_path) check parameters
[0.270s] Level 1:colcon.colcon_core.package_discovery:discover_packages(prefix_path) discover
[0.272s] DEBUG:colcon.colcon_installed_package_information.package_discovery:Found 357 installed packages in /opt/ros/humble
[0.284s] Level 1:colcon.colcon_core.package_discovery:discover_packages(prefix_path) using defaults
[0.324s] Level 5:colcon.colcon_core.verb:set package 'meter_replacement_sim' build argument 'cmake_args' from command line to 'None'
[0.324s] Level 5:colcon.colcon_core.verb:set package 'meter_replacement_sim' build argument 'cmake_target' from command line to 'None'
[0.324s] Level 5:colcon.colcon_core.verb:set package 'meter_replacement_sim' build argument 'cmake_target_skip_unavailable' from command line to 'False'
[0.324s] Level 5:colcon.colcon_core.verb:set package 'meter_replacement_sim' build argument 'cmake_clean_cache' from command line to 'False'
[0.324s] Level 5:colcon.colcon_core.verb:set package 'meter_replacement_sim' build argument 'cmake_clean_first' from command line to 'False'
[0.324s] Level 5:colcon.colcon_core.verb:set package 'meter_replacement_sim' build argument 'cmake_force_configure' from command line to 'False'
[0.324s] Level 5:colcon.colcon_core.verb:set package 'meter_replacement_sim' build argument 'ament_cmake_args' from command line to 'None'
[0.324s] Level 5:colcon.colcon_core.verb:set package 'meter_replacement_sim' build argument 'catkin_cmake_args' from command line to 'None'
[0.324s] Level 5:colcon.colcon_core.verb:set package 'meter_replacement_sim' build argument 'catkin_skip_building_tests' from command line to 'False'
[0.324s] DEBUG:colcon.colcon_core.verb:Building package 'meter_replacement_sim' with the following arguments: {'ament_cmake_args': None, 'build_base': '/home/haoran/Arm/meter_replacement/robot/build/meter_replacement_sim', 'catkin_cmake_args': None, 'catkin_skip_building_tests': False, 'cmake_args': None, 'cmake_clean_cache': False, 'cmake_clean_first': False, 'cmake_force_configure': False, 'cmake_target': None, 'cmake_target_skip_unavailable': False, 'install_base': '/home/haoran/Arm/meter_replacement/robot/install/meter_replacement_sim', 'merge_install': False, 'path': '/home/haoran/Arm/meter_replacement/simulation/ros2/meter_replacement_sim', 'symlink_install': True, 'test_result_base': None}
[0.324s] INFO:colcon.colcon_core.executor:Executing jobs using 'parallel' executor
[0.325s] DEBUG:colcon.colcon_parallel_executor.executor.parallel:run_until_complete
[0.325s] INFO:colcon.colcon_ros.task.ament_python.build:Building ROS package in '/home/haoran/Arm/meter_replacement/simulation/ros2/meter_replacement_sim' with build type 'ament_python'
[0.326s] Level 1:colcon.colcon_core.shell:create_environment_hook('meter_replacement_sim', 'ament_prefix_path')
[0.328s] INFO:colcon.colcon_core.plugin_system:Skipping extension 'colcon_core.shell.bat': Not used on non-Windows systems
[0.328s] INFO:colcon.colcon_core.shell:Creating environment hook '/home/haoran/Arm/meter_replacement/robot/install/meter_replacement_sim/share/meter_replacement_sim/hook/ament_prefix_path.ps1'
[0.329s] INFO:colcon.colcon_core.shell:Creating environment descriptor '/home/haoran/Arm/meter_replacement/robot/install/meter_replacement_sim/share/meter_replacement_sim/hook/ament_prefix_path.dsv'
[0.329s] INFO:colcon.colcon_core.shell:Creating environment hook '/home/haoran/Arm/meter_replacement/robot/install/meter_replacement_sim/share/meter_replacement_sim/hook/ament_prefix_path.sh'
[0.330s] INFO:colcon.colcon_core.shell:Skip shell extension 'powershell' for command environment: Not usable outside of PowerShell
[0.330s] DEBUG:colcon.colcon_core.shell:Skip shell extension 'dsv' for command environment
[0.592s] INFO:colcon.colcon_core.task.python.build:Building Python package in '/home/haoran/Arm/meter_replacement/simulation/ros2/meter_replacement_sim'
[0.593s] INFO:colcon.colcon_core.shell:Skip shell extension 'powershell' for command environment: Not usable outside of PowerShell
[0.593s] DEBUG:colcon.colcon_core.shell:Skip shell extension 'dsv' for command environment
[30.646s] DEBUG:colcon.colcon_core.task.python.build:Available setuptools commands: install_lib, build_clib, build_py, bdist_egg, bdist_dumb, build_ext, dist_info, easy_install, build, install_scripts, install_egg_info, bdist, symlink_data, saveopts, compile_catalog, update_catalog, sdist, develop, egg_info, rotate, bdist_rpm, install_data, build_scripts, test, register, upload_docs, init_catalog, install_headers, setopt, extract_messages, alias, upload, clean, check, install
[30.884s] DEBUG:colcon.colcon_core.task.python.build:Available setuptools 'develop' options: --no-user-cfg, --uninstall, --zip-ok, --optimize, --prefix, --local-snapshots-ok, --install-layout, --verbose, --no-find-links, --record, --build-directory, --always-unzip, --version, --always-copy, --egg-path, --editable, --exclude-scripts, --help, --force-installation-into-system-dir, --find-links, --site-dirs, --upgrade, --no-deps, --dry-run, --multi-version, --allow-hosts, --install-dir, --quiet, --script-dir, --user, --index-url
[30.886s] DEBUG:colcon.colcon_core.event_handler.log_command:Invoking command in '/home/haoran/Arm/meter_replacement/robot/build/meter_replacement_sim': CONDA_PROMPT_MODIFIER=(base) PYTHONPATH=/home/haoran/Arm/meter_replacement/robot/build/meter_replacement_sim/prefix_override:/usr/lib/python3/dist-packages/colcon_core/task/python/colcon_distutils_commands:/home/haoran/Arm/meter_replacement/robot/install/meter_replacement_sim/lib/python3.10/site-packages:${PYTHONPATH} /usr/bin/python3 -W ignore:setup.py install is deprecated -W ignore:easy_install command is deprecated setup.py develop --editable --build-directory /home/haoran/Arm/meter_replacement/robot/build/meter_replacement_sim/build --no-deps symlink_data
[60.347s] Level 1:colcon.colcon_core.shell:create_environment_hook('meter_replacement_sim', 'pythonpath_develop')
[60.348s] DEBUG:colcon.colcon_core.event_handler.log_command:Invoked command in '/home/haoran/Arm/meter_replacement/robot/build/meter_replacement_sim' returned '0': CONDA_PROMPT_MODIFIER=(base) PYTHONPATH=/home/haoran/Arm/meter_replacement/robot/build/meter_replacement_sim/prefix_override:/usr/lib/python3/dist-packages/colcon_core/task/python/colcon_distutils_commands:/home/haoran/Arm/meter_replacement/robot/install/meter_replacement_sim/lib/python3.10/site-packages:${PYTHONPATH} /usr/bin/python3 -W ignore:setup.py install is deprecated -W ignore:easy_install command is deprecated setup.py develop --editable --build-directory /home/haoran/Arm/meter_replacement/robot/build/meter_replacement_sim/build --no-deps symlink_data
[60.348s] INFO:colcon.colcon_core.shell:Creating environment hook '/home/haoran/Arm/meter_replacement/robot/build/meter_replacement_sim/share/meter_replacement_sim/hook/pythonpath_develop.ps1'
[60.349s] INFO:colcon.colcon_core.shell:Creating environment descriptor '/home/haoran/Arm/meter_replacement/robot/build/meter_replacement_sim/share/meter_replacement_sim/hook/pythonpath_develop.dsv'
[60.350s] INFO:colcon.colcon_core.shell:Creating environment hook '/home/haoran/Arm/meter_replacement/robot/build/meter_replacement_sim/share/meter_replacement_sim/hook/pythonpath_develop.sh'
[60.354s] Level 1:colcon.colcon_core.environment:checking '/home/haoran/Arm/meter_replacement/robot/install/meter_replacement_sim' for CMake module files
[60.354s] Level 1:colcon.colcon_core.environment:checking '/home/haoran/Arm/meter_replacement/robot/install/meter_replacement_sim' for CMake config files
[60.355s] Level 1:colcon.colcon_core.environment:checking '/home/haoran/Arm/meter_replacement/robot/install/meter_replacement_sim/lib'
[60.355s] Level 1:colcon.colcon_core.environment:checking '/home/haoran/Arm/meter_replacement/robot/install/meter_replacement_sim/bin'
[60.355s] Level 1:colcon.colcon_core.environment:checking '/home/haoran/Arm/meter_replacement/robot/install/meter_replacement_sim/lib/pkgconfig/meter_replacement_sim.pc'
[60.355s] Level 1:colcon.colcon_core.environment:checking '/home/haoran/Arm/meter_replacement/robot/install/meter_replacement_sim/lib/python3.10/site-packages'
[60.355s] Level 1:colcon.colcon_core.shell:create_environment_hook('meter_replacement_sim', 'pythonpath')
[60.356s] INFO:colcon.colcon_core.shell:Creating environment hook '/home/haoran/Arm/meter_replacement/robot/install/meter_replacement_sim/share/meter_replacement_sim/hook/pythonpath.ps1'
[60.357s] INFO:colcon.colcon_core.shell:Creating environment descriptor '/home/haoran/Arm/meter_replacement/robot/install/meter_replacement_sim/share/meter_replacement_sim/hook/pythonpath.dsv'
[60.359s] INFO:colcon.colcon_core.shell:Creating environment hook '/home/haoran/Arm/meter_replacement/robot/install/meter_replacement_sim/share/meter_replacement_sim/hook/pythonpath.sh'
[60.360s] Level 1:colcon.colcon_core.environment:checking '/home/haoran/Arm/meter_replacement/robot/install/meter_replacement_sim/bin'
[60.360s] Level 1:colcon.colcon_core.environment:create_environment_scripts_only(meter_replacement_sim)
[60.361s] INFO:colcon.colcon_core.shell:Creating package script '/home/haoran/Arm/meter_replacement/robot/install/meter_replacement_sim/share/meter_replacement_sim/package.ps1'
[60.362s] INFO:colcon.colcon_core.shell:Creating package descriptor '/home/haoran/Arm/meter_replacement/robot/install/meter_replacement_sim/share/meter_replacement_sim/package.dsv'
[60.363s] INFO:colcon.colcon_core.shell:Creating package script '/home/haoran/Arm/meter_replacement/robot/install/meter_replacement_sim/share/meter_replacement_sim/package.sh'
[60.363s] INFO:colcon.colcon_core.shell:Creating package script '/home/haoran/Arm/meter_replacement/robot/install/meter_replacement_sim/share/meter_replacement_sim/package.bash'
[60.365s] INFO:colcon.colcon_core.shell:Creating package script '/home/haoran/Arm/meter_replacement/robot/install/meter_replacement_sim/share/meter_replacement_sim/package.zsh'
[60.366s] Level 1:colcon.colcon_core.environment:create_file_with_runtime_dependencies(/home/haoran/Arm/meter_replacement/robot/install/meter_replacement_sim/share/colcon-core/packages/meter_replacement_sim)
[60.367s] DEBUG:colcon.colcon_parallel_executor.executor.parallel:closing loop
[60.367s] DEBUG:colcon.colcon_parallel_executor.executor.parallel:loop closed
[60.367s] DEBUG:colcon.colcon_parallel_executor.executor.parallel:run_until_complete finished with '0'
[60.367s] DEBUG:colcon.colcon_core.event_reactor:joining thread
[60.376s] INFO:colcon.colcon_core.plugin_system:Skipping extension 'colcon_notification.desktop_notification.terminal_notifier': Not used on non-Darwin systems
[60.376s] INFO:colcon.colcon_core.plugin_system:Skipping extension 'colcon_notification.desktop_notification.win32': Not used on non-Windows systems
[60.376s] INFO:colcon.colcon_notification.desktop_notification:Sending desktop notification using 'notify2'
[60.376s] DEBUG:colcon.colcon_notification.desktop_notification.notify2:Failed to initialize notify2: org.freedesktop.DBus.Error.AccessDenied: Failed to connect to socket /run/user/1000/bus: Operation not permitted
[60.376s] DEBUG:colcon.colcon_core.event_reactor:joined thread
[60.377s] INFO:colcon.colcon_core.shell:Creating prefix script '/home/haoran/Arm/meter_replacement/robot/install/local_setup.ps1'
[60.378s] INFO:colcon.colcon_core.shell:Creating prefix util module '/home/haoran/Arm/meter_replacement/robot/install/_local_setup_util_ps1.py'
[60.379s] INFO:colcon.colcon_core.shell:Creating prefix chain script '/home/haoran/Arm/meter_replacement/robot/install/setup.ps1'
[60.380s] INFO:colcon.colcon_core.shell:Creating prefix script '/home/haoran/Arm/meter_replacement/robot/install/local_setup.sh'
[60.381s] INFO:colcon.colcon_core.shell:Creating prefix util module '/home/haoran/Arm/meter_replacement/robot/install/_local_setup_util_sh.py'
[60.381s] INFO:colcon.colcon_core.shell:Creating prefix chain script '/home/haoran/Arm/meter_replacement/robot/install/setup.sh'
[60.382s] INFO:colcon.colcon_core.shell:Creating prefix script '/home/haoran/Arm/meter_replacement/robot/install/local_setup.bash'
[60.383s] INFO:colcon.colcon_core.shell:Creating prefix chain script '/home/haoran/Arm/meter_replacement/robot/install/setup.bash'
[60.384s] INFO:colcon.colcon_core.shell:Creating prefix script '/home/haoran/Arm/meter_replacement/robot/install/local_setup.zsh'
[60.384s] INFO:colcon.colcon_core.shell:Creating prefix chain script '/home/haoran/Arm/meter_replacement/robot/install/setup.zsh'
