[0.303s] DEBUG:colcon:Command line arguments: ['/usr/bin/colcon', 'build', '--packages-select', 'cr5_moveit_config', 'meter_grasp', '--symlink-install']
[0.303s] DEBUG:colcon:Parsed command line arguments: Namespace(log_base=None, log_level=None, verb_name='build', build_base='build', install_base='install', merge_install=False, symlink_install=True, test_result_base=None, continue_on_error=False, executor='parallel', parallel_workers=4, event_handlers=None, ignore_user_meta=False, metas=['./colcon.meta'], base_paths=['.'], packages_ignore=None, packages_ignore_regex=None, paths=None, packages_up_to=None, packages_up_to_regex=None, packages_above=None, packages_above_and_dependencies=None, packages_above_depth=None, packages_select_by_dep=None, packages_skip_by_dep=None, packages_skip_up_to=None, packages_select_build_failed=False, packages_skip_build_finished=False, packages_select_test_failures=False, packages_skip_test_passed=False, packages_select=['cr5_moveit_config', 'meter_grasp'], packages_skip=None, packages_select_regex=None, packages_skip_regex=None, packages_start=None, packages_end=None, allow_overriding=[], cmake_args=None, cmake_target=None, cmake_target_skip_unavailable=False, cmake_clean_cache=False, cmake_clean_first=False, cmake_force_configure=False, ament_cmake_args=None, catkin_cmake_args=None, catkin_skip_building_tests=False, verb_parser=<colcon_defaults.argument_parser.defaults.DefaultArgumentsDecorator object at 0x7d00cb750580>, verb_extension=<colcon_core.verb.build.BuildVerb object at 0x7d00cb8cdc00>, main=<bound method BuildVerb.main of <colcon_core.verb.build.BuildVerb object at 0x7d00cb8cdc00>>)
[0.613s] Level 1:colcon.colcon_core.package_discovery:discover_packages(colcon_meta) check parameters
[0.613s] Level 1:colcon.colcon_core.package_discovery:discover_packages(recursive) check parameters
[0.613s] Level 1:colcon.colcon_core.package_discovery:discover_packages(ignore) check parameters
[0.613s] Level 1:colcon.colcon_core.package_discovery:discover_packages(path) check parameters
[0.613s] Level 1:colcon.colcon_core.package_discovery:discover_packages(colcon_meta) discover
[0.613s] Level 1:colcon.colcon_core.package_discovery:discover_packages(recursive) discover
[0.613s] INFO:colcon.colcon_core.package_discovery:Crawling recursively for packages in '/home/haoran/Arm/meter_replacement/robot'
[0.614s] Level 1:colcon.colcon_core.package_identification:_identify(.) by extensions ['ignore', 'ignore_ament_install']
[0.614s] Level 1:colcon.colcon_core.package_identification:_identify(.) by extension 'ignore'
[0.614s] Level 1:colcon.colcon_core.package_identification:_identify(.) by extension 'ignore_ament_install'
[0.614s] Level 1:colcon.colcon_core.package_identification:_identify(.) by extensions ['colcon_pkg']
[0.614s] Level 1:colcon.colcon_core.package_identification:_identify(.) by extension 'colcon_pkg'
[0.614s] Level 1:colcon.colcon_core.package_identification:_identify(.) by extensions ['colcon_meta']
[0.614s] Level 1:colcon.colcon_core.package_identification:_identify(.) by extension 'colcon_meta'
[0.614s] Level 1:colcon.colcon_core.package_identification:_identify(.) by extensions ['ros']
[0.614s] Level 1:colcon.colcon_core.package_identification:_identify(.) by extension 'ros'
[0.631s] Level 1:colcon.colcon_core.package_identification:_identify(.) by extensions ['cmake', 'python']
[0.631s] Level 1:colcon.colcon_core.package_identification:_identify(.) by extension 'cmake'
[0.631s] Level 1:colcon.colcon_core.package_identification:_identify(.) by extension 'python'
[0.632s] Level 1:colcon.colcon_core.package_identification:_identify(.) by extensions ['python_setup_py']
[0.632s] Level 1:colcon.colcon_core.package_identification:_identify(.) by extension 'python_setup_py'
[0.632s] Level 1:colcon.colcon_core.package_identification:_identify(build) by extensions ['ignore', 'ignore_ament_install']
[0.632s] Level 1:colcon.colcon_core.package_identification:_identify(build) by extension 'ignore'
[0.632s] Level 1:colcon.colcon_core.package_identification:_identify(build) ignored
[0.632s] Level 1:colcon.colcon_core.package_identification:_identify(install) by extensions ['ignore', 'ignore_ament_install']
[0.632s] Level 1:colcon.colcon_core.package_identification:_identify(install) by extension 'ignore'
[0.632s] Level 1:colcon.colcon_core.package_identification:_identify(install) ignored
[0.633s] Level 1:colcon.colcon_core.package_identification:_identify(log) by extensions ['ignore', 'ignore_ament_install']
[0.633s] Level 1:colcon.colcon_core.package_identification:_identify(log) by extension 'ignore'
[0.633s] Level 1:colcon.colcon_core.package_identification:_identify(log) ignored
[0.633s] Level 1:colcon.colcon_core.package_identification:_identify(src) by extensions ['ignore', 'ignore_ament_install']
[0.634s] Level 1:colcon.colcon_core.package_identification:_identify(src) by extension 'ignore'
[0.634s] Level 1:colcon.colcon_core.package_identification:_identify(src) by extension 'ignore_ament_install'
[0.634s] Level 1:colcon.colcon_core.package_identification:_identify(src) by extensions ['colcon_pkg']
[0.634s] Level 1:colcon.colcon_core.package_identification:_identify(src) by extension 'colcon_pkg'
[0.634s] Level 1:colcon.colcon_core.package_identification:_identify(src) by extensions ['colcon_meta']
[0.634s] Level 1:colcon.colcon_core.package_identification:_identify(src) by extension 'colcon_meta'
[0.634s] Level 1:colcon.colcon_core.package_identification:_identify(src) by extensions ['ros']
[0.634s] Level 1:colcon.colcon_core.package_identification:_identify(src) by extension 'ros'
[0.634s] Level 1:colcon.colcon_core.package_identification:_identify(src) by extensions ['cmake', 'python']
[0.634s] Level 1:colcon.colcon_core.package_identification:_identify(src) by extension 'cmake'
[0.634s] Level 1:colcon.colcon_core.package_identification:_identify(src) by extension 'python'
[0.635s] Level 1:colcon.colcon_core.package_identification:_identify(src) by extensions ['python_setup_py']
[0.635s] Level 1:colcon.colcon_core.package_identification:_identify(src) by extension 'python_setup_py'
[0.635s] Level 1:colcon.colcon_core.package_identification:_identify(src/cr5_description) by extensions ['ignore', 'ignore_ament_install']
[0.635s] Level 1:colcon.colcon_core.package_identification:_identify(src/cr5_description) by extension 'ignore'
[0.635s] Level 1:colcon.colcon_core.package_identification:_identify(src/cr5_description) by extension 'ignore_ament_install'
[0.635s] Level 1:colcon.colcon_core.package_identification:_identify(src/cr5_description) by extensions ['colcon_pkg']
[0.635s] Level 1:colcon.colcon_core.package_identification:_identify(src/cr5_description) by extension 'colcon_pkg'
[0.635s] Level 1:colcon.colcon_core.package_identification:_identify(src/cr5_description) by extensions ['colcon_meta']
[0.635s] Level 1:colcon.colcon_core.package_identification:_identify(src/cr5_description) by extension 'colcon_meta'
[0.636s] Level 1:colcon.colcon_core.package_identification:_identify(src/cr5_description) by extensions ['ros']
[0.636s] Level 1:colcon.colcon_core.package_identification:_identify(src/cr5_description) by extension 'ros'
[0.639s] DEBUG:colcon.colcon_core.package_identification:Package 'src/cr5_description' with type 'ros.ament_cmake' and name 'cr5_description'
[0.640s] Level 1:colcon.colcon_core.package_identification:_identify(src/cr5_moveit_config) by extensions ['ignore', 'ignore_ament_install']
[0.640s] Level 1:colcon.colcon_core.package_identification:_identify(src/cr5_moveit_config) by extension 'ignore'
[0.640s] Level 1:colcon.colcon_core.package_identification:_identify(src/cr5_moveit_config) by extension 'ignore_ament_install'
[0.640s] Level 1:colcon.colcon_core.package_identification:_identify(src/cr5_moveit_config) by extensions ['colcon_pkg']
[0.640s] Level 1:colcon.colcon_core.package_identification:_identify(src/cr5_moveit_config) by extension 'colcon_pkg'
[0.640s] Level 1:colcon.colcon_core.package_identification:_identify(src/cr5_moveit_config) by extensions ['colcon_meta']
[0.640s] Level 1:colcon.colcon_core.package_identification:_identify(src/cr5_moveit_config) by extension 'colcon_meta'
[0.640s] Level 1:colcon.colcon_core.package_identification:_identify(src/cr5_moveit_config) by extensions ['ros']
[0.640s] Level 1:colcon.colcon_core.package_identification:_identify(src/cr5_moveit_config) by extension 'ros'
[0.641s] DEBUG:colcon.colcon_core.package_identification:Package 'src/cr5_moveit_config' with type 'ros.ament_cmake' and name 'cr5_moveit_config'
[0.641s] Level 1:colcon.colcon_core.package_discovery:discover_packages(recursive) using defaults
[0.642s] Level 1:colcon.colcon_core.package_discovery:discover_packages(ignore) discover
[0.642s] Level 1:colcon.colcon_core.package_discovery:discover_packages(ignore) using defaults
[0.642s] Level 1:colcon.colcon_core.package_discovery:discover_packages(path) discover
[0.642s] Level 1:colcon.colcon_core.package_discovery:discover_packages(path) using defaults
[0.642s] WARNING:colcon.colcon_core.package_selection:ignoring unknown package 'meter_grasp' in --packages-select
[0.678s] INFO:colcon.colcon_core.package_selection:Skipping not selected package 'cr5_description' in 'src/cr5_description'
[0.678s] Level 1:colcon.colcon_core.package_discovery:discover_packages(prefix_path) check parameters
[0.679s] Level 1:colcon.colcon_core.package_discovery:discover_packages(prefix_path) discover
[0.683s] DEBUG:colcon.colcon_installed_package_information.package_discovery:Found 359 installed packages in /opt/ros/humble
[0.698s] Level 1:colcon.colcon_core.package_discovery:discover_packages(prefix_path) using defaults
[0.739s] Level 5:colcon.colcon_core.verb:set package 'cr5_moveit_config' build argument 'cmake_args' from command line to 'None'
[0.740s] Level 5:colcon.colcon_core.verb:set package 'cr5_moveit_config' build argument 'cmake_target' from command line to 'None'
[0.740s] Level 5:colcon.colcon_core.verb:set package 'cr5_moveit_config' build argument 'cmake_target_skip_unavailable' from command line to 'False'
[0.740s] Level 5:colcon.colcon_core.verb:set package 'cr5_moveit_config' build argument 'cmake_clean_cache' from command line to 'False'
[0.740s] Level 5:colcon.colcon_core.verb:set package 'cr5_moveit_config' build argument 'cmake_clean_first' from command line to 'False'
[0.740s] Level 5:colcon.colcon_core.verb:set package 'cr5_moveit_config' build argument 'cmake_force_configure' from command line to 'False'
[0.740s] Level 5:colcon.colcon_core.verb:set package 'cr5_moveit_config' build argument 'ament_cmake_args' from command line to 'None'
[0.740s] Level 5:colcon.colcon_core.verb:set package 'cr5_moveit_config' build argument 'catkin_cmake_args' from command line to 'None'
[0.740s] Level 5:colcon.colcon_core.verb:set package 'cr5_moveit_config' build argument 'catkin_skip_building_tests' from command line to 'False'
[0.740s] DEBUG:colcon.colcon_core.verb:Building package 'cr5_moveit_config' with the following arguments: {'ament_cmake_args': None, 'build_base': '/home/haoran/Arm/meter_replacement/robot/build/cr5_moveit_config', 'catkin_cmake_args': None, 'catkin_skip_building_tests': False, 'cmake_args': None, 'cmake_clean_cache': False, 'cmake_clean_first': False, 'cmake_force_configure': False, 'cmake_target': None, 'cmake_target_skip_unavailable': False, 'install_base': '/home/haoran/Arm/meter_replacement/robot/install/cr5_moveit_config', 'merge_install': False, 'path': '/home/haoran/Arm/meter_replacement/robot/src/cr5_moveit_config', 'symlink_install': True, 'test_result_base': None}
[0.740s] INFO:colcon.colcon_core.executor:Executing jobs using 'parallel' executor
[0.741s] DEBUG:colcon.colcon_parallel_executor.executor.parallel:run_until_complete
[0.741s] INFO:colcon.colcon_ros.task.ament_cmake.build:Building ROS package in '/home/haoran/Arm/meter_replacement/robot/src/cr5_moveit_config' with build type 'ament_cmake'
[0.742s] INFO:colcon.colcon_cmake.task.cmake.build:Building CMake package in '/home/haoran/Arm/meter_replacement/robot/src/cr5_moveit_config'
[0.749s] INFO:colcon.colcon_core.plugin_system:Skipping extension 'colcon_core.shell.bat': Not used on non-Windows systems
[0.749s] INFO:colcon.colcon_core.shell:Skip shell extension 'powershell' for command environment: Not usable outside of PowerShell
[0.749s] DEBUG:colcon.colcon_core.shell:Skip shell extension 'dsv' for command environment
[0.768s] DEBUG:colcon.colcon_core.event_handler.log_command:Invoking command in '/home/haoran/Arm/meter_replacement/robot/build/cr5_moveit_config': AMENT_PREFIX_PATH=/home/haoran/Arm/meter_replacement/robot/install/cr5_description:${AMENT_PREFIX_PATH} CMAKE_PREFIX_PATH=/home/haoran/Arm/meter_replacement/robot/install/cr5_description:/opt/ros/humble CONDA_PROMPT_MODIFIER=(base) /usr/bin/cmake --build /home/haoran/Arm/meter_replacement/robot/build/cr5_moveit_config -- -j4 -l4
[0.917s] DEBUG:colcon.colcon_core.event_handler.log_command:Invoked command in '/home/haoran/Arm/meter_replacement/robot/build/cr5_moveit_config' returned '0': AMENT_PREFIX_PATH=/home/haoran/Arm/meter_replacement/robot/install/cr5_description:${AMENT_PREFIX_PATH} CMAKE_PREFIX_PATH=/home/haoran/Arm/meter_replacement/robot/install/cr5_description:/opt/ros/humble CONDA_PROMPT_MODIFIER=(base) /usr/bin/cmake --build /home/haoran/Arm/meter_replacement/robot/build/cr5_moveit_config -- -j4 -l4
[0.931s] DEBUG:colcon.colcon_core.event_handler.log_command:Invoking command in '/home/haoran/Arm/meter_replacement/robot/build/cr5_moveit_config': AMENT_PREFIX_PATH=/home/haoran/Arm/meter_replacement/robot/install/cr5_description:${AMENT_PREFIX_PATH} CMAKE_PREFIX_PATH=/home/haoran/Arm/meter_replacement/robot/install/cr5_description:/opt/ros/humble CONDA_PROMPT_MODIFIER=(base) /usr/bin/cmake --install /home/haoran/Arm/meter_replacement/robot/build/cr5_moveit_config
[0.974s] Level 1:colcon.colcon_core.environment:create_environment_scripts_only(cr5_moveit_config)
[0.974s] DEBUG:colcon.colcon_core.event_handler.log_command:Invoked command in '/home/haoran/Arm/meter_replacement/robot/build/cr5_moveit_config' returned '0': AMENT_PREFIX_PATH=/home/haoran/Arm/meter_replacement/robot/install/cr5_description:${AMENT_PREFIX_PATH} CMAKE_PREFIX_PATH=/home/haoran/Arm/meter_replacement/robot/install/cr5_description:/opt/ros/humble CONDA_PROMPT_MODIFIER=(base) /usr/bin/cmake --install /home/haoran/Arm/meter_replacement/robot/build/cr5_moveit_config
[0.983s] Level 1:colcon.colcon_core.environment:checking '/home/haoran/Arm/meter_replacement/robot/install/cr5_moveit_config' for CMake module files
[0.984s] Level 1:colcon.colcon_core.environment:checking '/home/haoran/Arm/meter_replacement/robot/install/cr5_moveit_config' for CMake config files
[0.985s] Level 1:colcon.colcon_core.shell:create_environment_hook('cr5_moveit_config', 'cmake_prefix_path')
[0.985s] INFO:colcon.colcon_core.shell:Creating environment hook '/home/haoran/Arm/meter_replacement/robot/install/cr5_moveit_config/share/cr5_moveit_config/hook/cmake_prefix_path.ps1'
[0.986s] INFO:colcon.colcon_core.shell:Creating environment descriptor '/home/haoran/Arm/meter_replacement/robot/install/cr5_moveit_config/share/cr5_moveit_config/hook/cmake_prefix_path.dsv'
[0.987s] INFO:colcon.colcon_core.shell:Creating environment hook '/home/haoran/Arm/meter_replacement/robot/install/cr5_moveit_config/share/cr5_moveit_config/hook/cmake_prefix_path.sh'
[0.988s] Level 1:colcon.colcon_core.environment:checking '/home/haoran/Arm/meter_replacement/robot/install/cr5_moveit_config/bin'
[0.989s] Level 1:colcon.colcon_core.environment:checking '/home/haoran/Arm/meter_replacement/robot/install/cr5_moveit_config/lib/pkgconfig/cr5_moveit_config.pc'
[0.989s] Level 1:colcon.colcon_core.environment:checking '/home/haoran/Arm/meter_replacement/robot/install/cr5_moveit_config/lib/python3.10/site-packages'
[0.989s] Level 1:colcon.colcon_core.environment:checking '/home/haoran/Arm/meter_replacement/robot/install/cr5_moveit_config/bin'
[0.989s] INFO:colcon.colcon_core.shell:Creating package script '/home/haoran/Arm/meter_replacement/robot/install/cr5_moveit_config/share/cr5_moveit_config/package.ps1'
[0.991s] INFO:colcon.colcon_core.shell:Creating package descriptor '/home/haoran/Arm/meter_replacement/robot/install/cr5_moveit_config/share/cr5_moveit_config/package.dsv'
[0.992s] INFO:colcon.colcon_core.shell:Creating package script '/home/haoran/Arm/meter_replacement/robot/install/cr5_moveit_config/share/cr5_moveit_config/package.sh'
[0.993s] INFO:colcon.colcon_core.shell:Creating package script '/home/haoran/Arm/meter_replacement/robot/install/cr5_moveit_config/share/cr5_moveit_config/package.bash'
[0.994s] INFO:colcon.colcon_core.shell:Creating package script '/home/haoran/Arm/meter_replacement/robot/install/cr5_moveit_config/share/cr5_moveit_config/package.zsh'
[0.996s] Level 1:colcon.colcon_core.environment:create_file_with_runtime_dependencies(/home/haoran/Arm/meter_replacement/robot/install/cr5_moveit_config/share/colcon-core/packages/cr5_moveit_config)
[0.997s] Level 1:colcon.colcon_core.environment:create_environment_scripts_only(cr5_moveit_config)
[0.997s] Level 1:colcon.colcon_core.environment:checking '/home/haoran/Arm/meter_replacement/robot/install/cr5_moveit_config' for CMake module files
[0.997s] Level 1:colcon.colcon_core.environment:checking '/home/haoran/Arm/meter_replacement/robot/install/cr5_moveit_config' for CMake config files
[0.998s] Level 1:colcon.colcon_core.shell:create_environment_hook('cr5_moveit_config', 'cmake_prefix_path')
[0.998s] INFO:colcon.colcon_core.shell:Creating environment hook '/home/haoran/Arm/meter_replacement/robot/install/cr5_moveit_config/share/cr5_moveit_config/hook/cmake_prefix_path.ps1'
[0.999s] INFO:colcon.colcon_core.shell:Creating environment descriptor '/home/haoran/Arm/meter_replacement/robot/install/cr5_moveit_config/share/cr5_moveit_config/hook/cmake_prefix_path.dsv'
[1.000s] INFO:colcon.colcon_core.shell:Creating environment hook '/home/haoran/Arm/meter_replacement/robot/install/cr5_moveit_config/share/cr5_moveit_config/hook/cmake_prefix_path.sh'
[1.000s] Level 1:colcon.colcon_core.environment:checking '/home/haoran/Arm/meter_replacement/robot/install/cr5_moveit_config/bin'
[1.000s] Level 1:colcon.colcon_core.environment:checking '/home/haoran/Arm/meter_replacement/robot/install/cr5_moveit_config/lib/pkgconfig/cr5_moveit_config.pc'
[1.001s] Level 1:colcon.colcon_core.environment:checking '/home/haoran/Arm/meter_replacement/robot/install/cr5_moveit_config/lib/python3.10/site-packages'
[1.001s] Level 1:colcon.colcon_core.environment:checking '/home/haoran/Arm/meter_replacement/robot/install/cr5_moveit_config/bin'
[1.001s] INFO:colcon.colcon_core.shell:Creating package script '/home/haoran/Arm/meter_replacement/robot/install/cr5_moveit_config/share/cr5_moveit_config/package.ps1'
[1.002s] INFO:colcon.colcon_core.shell:Creating package descriptor '/home/haoran/Arm/meter_replacement/robot/install/cr5_moveit_config/share/cr5_moveit_config/package.dsv'
[1.003s] INFO:colcon.colcon_core.shell:Creating package script '/home/haoran/Arm/meter_replacement/robot/install/cr5_moveit_config/share/cr5_moveit_config/package.sh'
[1.003s] INFO:colcon.colcon_core.shell:Creating package script '/home/haoran/Arm/meter_replacement/robot/install/cr5_moveit_config/share/cr5_moveit_config/package.bash'
[1.004s] INFO:colcon.colcon_core.shell:Creating package script '/home/haoran/Arm/meter_replacement/robot/install/cr5_moveit_config/share/cr5_moveit_config/package.zsh'
[1.005s] Level 1:colcon.colcon_core.environment:create_file_with_runtime_dependencies(/home/haoran/Arm/meter_replacement/robot/install/cr5_moveit_config/share/colcon-core/packages/cr5_moveit_config)
[1.005s] DEBUG:colcon.colcon_parallel_executor.executor.parallel:closing loop
[1.006s] DEBUG:colcon.colcon_parallel_executor.executor.parallel:loop closed
[1.006s] DEBUG:colcon.colcon_parallel_executor.executor.parallel:run_until_complete finished with '0'
[1.006s] DEBUG:colcon.colcon_core.event_reactor:joining thread
[1.024s] INFO:colcon.colcon_core.plugin_system:Skipping extension 'colcon_notification.desktop_notification.terminal_notifier': Not used on non-Darwin systems
[1.024s] INFO:colcon.colcon_core.plugin_system:Skipping extension 'colcon_notification.desktop_notification.win32': Not used on non-Windows systems
[1.024s] INFO:colcon.colcon_notification.desktop_notification:Sending desktop notification using 'notify2'
[1.024s] DEBUG:colcon.colcon_notification.desktop_notification.notify2:Failed to initialize notify2: org.freedesktop.DBus.Error.AccessDenied: Failed to connect to socket /run/user/1000/bus: Operation not permitted
[1.024s] DEBUG:colcon.colcon_core.event_reactor:joined thread
[1.025s] INFO:colcon.colcon_core.shell:Creating prefix script '/home/haoran/Arm/meter_replacement/robot/install/local_setup.ps1'
[1.026s] INFO:colcon.colcon_core.shell:Creating prefix util module '/home/haoran/Arm/meter_replacement/robot/install/_local_setup_util_ps1.py'
[1.028s] INFO:colcon.colcon_core.shell:Creating prefix chain script '/home/haoran/Arm/meter_replacement/robot/install/setup.ps1'
[1.029s] INFO:colcon.colcon_core.shell:Creating prefix script '/home/haoran/Arm/meter_replacement/robot/install/local_setup.sh'
[1.030s] INFO:colcon.colcon_core.shell:Creating prefix util module '/home/haoran/Arm/meter_replacement/robot/install/_local_setup_util_sh.py'
[1.031s] INFO:colcon.colcon_core.shell:Creating prefix chain script '/home/haoran/Arm/meter_replacement/robot/install/setup.sh'
[1.032s] INFO:colcon.colcon_core.shell:Creating prefix script '/home/haoran/Arm/meter_replacement/robot/install/local_setup.bash'
[1.033s] INFO:colcon.colcon_core.shell:Creating prefix chain script '/home/haoran/Arm/meter_replacement/robot/install/setup.bash'
[1.035s] INFO:colcon.colcon_core.shell:Creating prefix script '/home/haoran/Arm/meter_replacement/robot/install/local_setup.zsh'
[1.035s] INFO:colcon.colcon_core.shell:Creating prefix chain script '/home/haoran/Arm/meter_replacement/robot/install/setup.zsh'
