[0.022s] Invoking command in '/home/haoran/Arm/meter_replacement/robot/build/cr5_moveit_config': AMENT_PREFIX_PATH=/home/haoran/Arm/meter_replacement/robot/install/cr5_description:${AMENT_PREFIX_PATH} CMAKE_PREFIX_PATH=/home/haoran/Arm/meter_replacement/robot/install/cr5_description:/opt/ros/humble CONDA_PROMPT_MODIFIER=(base) /usr/bin/cmake --build /home/haoran/Arm/meter_replacement/robot/build/cr5_moveit_config -- -j4 -l4
[30.028s] Invoked command in '/home/haoran/Arm/meter_replacement/robot/build/cr5_moveit_config' returned '0': AMENT_PREFIX_PATH=/home/haoran/Arm/meter_replacement/robot/install/cr5_description:${AMENT_PREFIX_PATH} CMAKE_PREFIX_PATH=/home/haoran/Arm/meter_replacement/robot/install/cr5_description:/opt/ros/humble CONDA_PROMPT_MODIFIER=(base) /usr/bin/cmake --build /home/haoran/Arm/meter_replacement/robot/build/cr5_moveit_config -- -j4 -l4
[30.052s] Invoking command in '/home/haoran/Arm/meter_replacement/robot/build/cr5_moveit_config': AMENT_PREFIX_PATH=/home/haoran/Arm/meter_replacement/robot/install/cr5_description:${AMENT_PREFIX_PATH} CMAKE_PREFIX_PATH=/home/haoran/Arm/meter_replacement/robot/install/cr5_description:/opt/ros/humble CONDA_PROMPT_MODIFIER=(base) /usr/bin/cmake --install /home/haoran/Arm/meter_replacement/robot/build/cr5_moveit_config
[30.063s] -- Install configuration: ""
[30.066s] -- Execute custom install script
[30.066s] -- Up-to-date symlink: /home/haoran/Arm/meter_replacement/robot/install/cr5_moveit_config/share/ament_index/resource_index/package_run_dependencies/cr5_moveit_config
[30.067s] -- Up-to-date symlink: /home/haoran/Arm/meter_replacement/robot/install/cr5_moveit_config/share/ament_index/resource_index/parent_prefix_path/cr5_moveit_config
[30.067s] -- Up-to-date symlink: /home/haoran/Arm/meter_replacement/robot/install/cr5_moveit_config/share/cr5_moveit_config/environment/ament_prefix_path.sh
[30.067s] -- Up-to-date symlink: /home/haoran/Arm/meter_replacement/robot/install/cr5_moveit_config/share/cr5_moveit_config/environment/ament_prefix_path.dsv
[30.067s] -- Up-to-date symlink: /home/haoran/Arm/meter_replacement/robot/install/cr5_moveit_config/share/cr5_moveit_config/environment/path.sh
[30.067s] -- Up-to-date symlink: /home/haoran/Arm/meter_replacement/robot/install/cr5_moveit_config/share/cr5_moveit_config/environment/path.dsv
[30.067s] -- Up-to-date symlink: /home/haoran/Arm/meter_replacement/robot/install/cr5_moveit_config/share/cr5_moveit_config/local_setup.bash
[30.067s] -- Up-to-date symlink: /home/haoran/Arm/meter_replacement/robot/install/cr5_moveit_config/share/cr5_moveit_config/local_setup.sh
[30.067s] -- Up-to-date symlink: /home/haoran/Arm/meter_replacement/robot/install/cr5_moveit_config/share/cr5_moveit_config/local_setup.zsh
[30.067s] -- Up-to-date symlink: /home/haoran/Arm/meter_replacement/robot/install/cr5_moveit_config/share/cr5_moveit_config/local_setup.dsv
[30.067s] -- Symlinking: /home/haoran/Arm/meter_replacement/robot/install/cr5_moveit_config/share/cr5_moveit_config/package.dsv
[30.080s] -- Up-to-date symlink: /home/haoran/Arm/meter_replacement/robot/install/cr5_moveit_config/share/ament_index/resource_index/packages/cr5_moveit_config
[30.081s] -- Up-to-date symlink: /home/haoran/Arm/meter_replacement/robot/install/cr5_moveit_config/share/cr5_moveit_config/cmake/cr5_moveit_configConfig.cmake
[30.081s] -- Up-to-date symlink: /home/haoran/Arm/meter_replacement/robot/install/cr5_moveit_config/share/cr5_moveit_config/cmake/cr5_moveit_configConfig-version.cmake
[30.081s] -- Up-to-date symlink: /home/haoran/Arm/meter_replacement/robot/install/cr5_moveit_config/share/cr5_moveit_config/package.xml
[30.081s] -- Up-to-date symlink: /home/haoran/Arm/meter_replacement/robot/install/cr5_moveit_config/share/cr5_moveit_config/launch/demo.launch.py
[30.082s] -- Up-to-date symlink: /home/haoran/Arm/meter_replacement/robot/install/cr5_moveit_config/share/cr5_moveit_config/launch/move_group.launch.py
[30.082s] -- Up-to-date symlink: /home/haoran/Arm/meter_replacement/robot/install/cr5_moveit_config/share/cr5_moveit_config/launch/moveit_rviz.launch.py
[30.083s] -- Up-to-date symlink: /home/haoran/Arm/meter_replacement/robot/install/cr5_moveit_config/share/cr5_moveit_config/launch/rsp.launch.py
[30.083s] -- Up-to-date symlink: /home/haoran/Arm/meter_replacement/robot/install/cr5_moveit_config/share/cr5_moveit_config/launch/setup_assistant.launch.py
[30.083s] -- Up-to-date symlink: /home/haoran/Arm/meter_replacement/robot/install/cr5_moveit_config/share/cr5_moveit_config/launch/spawn_controllers.launch.py
[30.083s] -- Up-to-date symlink: /home/haoran/Arm/meter_replacement/robot/install/cr5_moveit_config/share/cr5_moveit_config/launch/static_virtual_joint_tfs.launch.py
[30.083s] -- Up-to-date symlink: /home/haoran/Arm/meter_replacement/robot/install/cr5_moveit_config/share/cr5_moveit_config/launch/warehouse_db.launch.py
[30.083s] -- Up-to-date symlink: /home/haoran/Arm/meter_replacement/robot/install/cr5_moveit_config/share/cr5_moveit_config/config/cr5_with_gripper.ros2_control.xacro
[30.084s] -- Up-to-date symlink: /home/haoran/Arm/meter_replacement/robot/install/cr5_moveit_config/share/cr5_moveit_config/config/cr5_with_gripper.srdf
[30.084s] -- Up-to-date symlink: /home/haoran/Arm/meter_replacement/robot/install/cr5_moveit_config/share/cr5_moveit_config/config/cr5_with_gripper.urdf.xacro
[30.084s] -- Up-to-date symlink: /home/haoran/Arm/meter_replacement/robot/install/cr5_moveit_config/share/cr5_moveit_config/config/initial_positions.yaml
[30.084s] -- Up-to-date symlink: /home/haoran/Arm/meter_replacement/robot/install/cr5_moveit_config/share/cr5_moveit_config/config/joint_limits.yaml
[30.084s] -- Up-to-date symlink: /home/haoran/Arm/meter_replacement/robot/install/cr5_moveit_config/share/cr5_moveit_config/config/kinematics.yaml
[30.084s] -- Up-to-date symlink: /home/haoran/Arm/meter_replacement/robot/install/cr5_moveit_config/share/cr5_moveit_config/config/moveit.rviz
[30.084s] -- Up-to-date symlink: /home/haoran/Arm/meter_replacement/robot/install/cr5_moveit_config/share/cr5_moveit_config/config/moveit_controllers.yaml
[30.084s] -- Up-to-date symlink: /home/haoran/Arm/meter_replacement/robot/install/cr5_moveit_config/share/cr5_moveit_config/config/pilz_cartesian_limits.yaml
[30.084s] -- Up-to-date symlink: /home/haoran/Arm/meter_replacement/robot/install/cr5_moveit_config/share/cr5_moveit_config/config/ros2_controllers.yaml
[30.084s] -- Up-to-date symlink: /home/haoran/Arm/meter_replacement/robot/install/cr5_moveit_config/share/cr5_moveit_config/.setup_assistant
[60.057s] Invoked command in '/home/haoran/Arm/meter_replacement/robot/build/cr5_moveit_config' returned '0': AMENT_PREFIX_PATH=/home/haoran/Arm/meter_replacement/robot/install/cr5_description:${AMENT_PREFIX_PATH} CMAKE_PREFIX_PATH=/home/haoran/Arm/meter_replacement/robot/install/cr5_description:/opt/ros/humble CONDA_PROMPT_MODIFIER=(base) /usr/bin/cmake --install /home/haoran/Arm/meter_replacement/robot/build/cr5_moveit_config
