-- Install configuration: ""
-- Execute custom install script
-- Symlinking: /home/haoran/Arm/meter_replacement/robot/install/cr5_description/share/cr5_description/launch/display.launch.py
-- Symlinking: /home/haoran/Arm/meter_replacement/robot/install/cr5_description/share/cr5_description/meshes/J1.STL
-- Symlinking: /home/haoran/Arm/meter_replacement/robot/install/cr5_description/share/cr5_description/meshes/J2.STL
-- Symlinking: /home/haoran/Arm/meter_replacement/robot/install/cr5_description/share/cr5_description/meshes/J3.STL
-- Symlinking: /home/haoran/Arm/meter_replacement/robot/install/cr5_description/share/cr5_description/meshes/J4.STL
-- Symlinking: /home/haoran/Arm/meter_replacement/robot/install/cr5_description/share/cr5_description/meshes/J5.STL
-- Symlinking: /home/haoran/Arm/meter_replacement/robot/install/cr5_description/share/cr5_description/meshes/J6.STL
-- Symlinking: /home/haoran/Arm/meter_replacement/robot/install/cr5_description/share/cr5_description/meshes/base_link.STL
-- Symlinking: /home/haoran/Arm/meter_replacement/robot/install/cr5_description/share/cr5_description/rviz/cr5.rviz
-- Symlinking: /home/haoran/Arm/meter_replacement/robot/install/cr5_description/share/cr5_description/urdf/cr5_robot.urdf
-- Symlinking: /home/haoran/Arm/meter_replacement/robot/install/cr5_description/share/ament_index/resource_index/package_run_dependencies/cr5_description
-- Symlinking: /home/haoran/Arm/meter_replacement/robot/install/cr5_description/share/ament_index/resource_index/parent_prefix_path/cr5_description
-- Symlinking: /home/haoran/Arm/meter_replacement/robot/install/cr5_description/share/cr5_description/environment/ament_prefix_path.sh
-- Symlinking: /home/haoran/Arm/meter_replacement/robot/install/cr5_description/share/cr5_description/environment/ament_prefix_path.dsv
-- Symlinking: /home/haoran/Arm/meter_replacement/robot/install/cr5_description/share/cr5_description/environment/path.sh
-- Symlinking: /home/haoran/Arm/meter_replacement/robot/install/cr5_description/share/cr5_description/environment/path.dsv
-- Symlinking: /home/haoran/Arm/meter_replacement/robot/install/cr5_description/share/cr5_description/local_setup.bash
-- Symlinking: /home/haoran/Arm/meter_replacement/robot/install/cr5_description/share/cr5_description/local_setup.sh
-- Symlinking: /home/haoran/Arm/meter_replacement/robot/install/cr5_description/share/cr5_description/local_setup.zsh
-- Symlinking: /home/haoran/Arm/meter_replacement/robot/install/cr5_description/share/cr5_description/local_setup.dsv
-- Symlinking: /home/haoran/Arm/meter_replacement/robot/install/cr5_description/share/cr5_description/package.dsv
-- Symlinking: /home/haoran/Arm/meter_replacement/robot/install/cr5_description/share/ament_index/resource_index/packages/cr5_description
-- Symlinking: /home/haoran/Arm/meter_replacement/robot/install/cr5_description/share/cr5_description/cmake/cr5_descriptionConfig.cmake
-- Symlinking: /home/haoran/Arm/meter_replacement/robot/install/cr5_description/share/cr5_description/cmake/cr5_descriptionConfig-version.cmake
-- Symlinking: /home/haoran/Arm/meter_replacement/robot/install/cr5_description/share/cr5_description/package.xml
