[0.141s] DEBUG:colcon:Command line arguments: ['/usr/bin/colcon', '--log-base', 'robot/log', 'build', '--base-paths', 'simulation/ros2/meter_grasp', '--packages-select', 'meter_grasp', '--build-base', 'robot/build', '--install-base', 'robot/install', '--symlink-install']
[0.141s] DEBUG:colcon:Parsed command line arguments: Namespace(log_base='robot/log', log_level=None, verb_name='build', build_base='/home/haoran/Arm/meter_replacement/robot/build', install_base='/home/haoran/Arm/meter_replacement/robot/install', merge_install=False, symlink_install=True, test_result_base=None, continue_on_error=False, executor='parallel', parallel_workers=4, event_handlers=None, ignore_user_meta=False, metas=['./colcon.meta'], base_paths=['simulation/ros2/meter_grasp'], packages_ignore=None, packages_ignore_regex=None, paths=None, packages_up_to=None, packages_up_to_regex=None, packages_above=None, packages_above_and_dependencies=None, packages_above_depth=None, packages_select_by_dep=None, packages_skip_by_dep=None, packages_skip_up_to=None, packages_select_build_failed=False, packages_skip_build_finished=False, packages_select_test_failures=False, packages_skip_test_passed=False, packages_select=['meter_grasp'], packages_skip=None, packages_select_regex=None, packages_skip_regex=None, packages_start=None, packages_end=None, allow_overriding=[], cmake_args=None, cmake_target=None, cmake_target_skip_unavailable=False, cmake_clean_cache=False, cmake_clean_first=False, cmake_force_configure=False, ament_cmake_args=None, catkin_cmake_args=None, catkin_skip_building_tests=False, verb_parser=<colcon_defaults.argument_parser.defaults.DefaultArgumentsDecorator object at 0x7b72aa8486d0>, verb_extension=<colcon_core.verb.build.BuildVerb object at 0x7b72aa9c5d50>, main=<bound method BuildVerb.main of <colcon_core.verb.build.BuildVerb object at 0x7b72aa9c5d50>>)
[0.299s] Level 1:colcon.colcon_core.package_discovery:discover_packages(colcon_meta) check parameters
[0.299s] Level 1:colcon.colcon_core.package_discovery:discover_packages(recursive) check parameters
[0.299s] Level 1:colcon.colcon_core.package_discovery:discover_packages(ignore) check parameters
[0.300s] Level 1:colcon.colcon_core.package_discovery:discover_packages(path) check parameters
[0.300s] Level 1:colcon.colcon_core.package_discovery:discover_packages(recursive) discover
[0.300s] INFO:colcon.colcon_core.package_discovery:Crawling recursively for packages in '/home/haoran/Arm/meter_replacement/simulation/ros2/meter_grasp'
[0.300s] Level 1:colcon.colcon_core.package_identification:_identify(simulation/ros2/meter_grasp) by extensions ['ignore', 'ignore_ament_install']
[0.300s] Level 1:colcon.colcon_core.package_identification:_identify(simulation/ros2/meter_grasp) by extension 'ignore'
[0.301s] Level 1:colcon.colcon_core.package_identification:_identify(simulation/ros2/meter_grasp) by extension 'ignore_ament_install'
[0.301s] Level 1:colcon.colcon_core.package_identification:_identify(simulation/ros2/meter_grasp) by extensions ['colcon_pkg']
[0.301s] Level 1:colcon.colcon_core.package_identification:_identify(simulation/ros2/meter_grasp) by extension 'colcon_pkg'
[0.301s] Level 1:colcon.colcon_core.package_identification:_identify(simulation/ros2/meter_grasp) by extensions ['colcon_meta']
[0.301s] Level 1:colcon.colcon_core.package_identification:_identify(simulation/ros2/meter_grasp) by extension 'colcon_meta'
[0.301s] Level 1:colcon.colcon_core.package_identification:_identify(simulation/ros2/meter_grasp) by extensions ['ros']
[0.301s] Level 1:colcon.colcon_core.package_identification:_identify(simulation/ros2/meter_grasp) by extension 'ros'
[0.320s] DEBUG:colcon.colcon_core.package_identification:Package 'simulation/ros2/meter_grasp' with type 'ros.ament_python' and name 'meter_grasp'
[0.320s] Level 1:colcon.colcon_core.package_discovery:discover_packages(recursive) using defaults
[0.344s] Level 1:colcon.colcon_core.package_discovery:discover_packages(prefix_path) check parameters
[0.344s] Level 1:colcon.colcon_core.package_discovery:discover_packages(prefix_path) discover
[0.350s] DEBUG:colcon.colcon_installed_package_information.package_discovery:Found 362 installed packages in /opt/ros/humble
[0.370s] Level 1:colcon.colcon_core.package_discovery:discover_packages(prefix_path) using defaults
[0.414s] Level 5:colcon.colcon_core.verb:set package 'meter_grasp' build argument 'cmake_args' from command line to 'None'
[0.414s] Level 5:colcon.colcon_core.verb:set package 'meter_grasp' build argument 'cmake_target' from command line to 'None'
[0.414s] Level 5:colcon.colcon_core.verb:set package 'meter_grasp' build argument 'cmake_target_skip_unavailable' from command line to 'False'
[0.414s] Level 5:colcon.colcon_core.verb:set package 'meter_grasp' build argument 'cmake_clean_cache' from command line to 'False'
[0.414s] Level 5:colcon.colcon_core.verb:set package 'meter_grasp' build argument 'cmake_clean_first' from command line to 'False'
[0.414s] Level 5:colcon.colcon_core.verb:set package 'meter_grasp' build argument 'cmake_force_configure' from command line to 'False'
[0.414s] Level 5:colcon.colcon_core.verb:set package 'meter_grasp' build argument 'ament_cmake_args' from command line to 'None'
[0.414s] Level 5:colcon.colcon_core.verb:set package 'meter_grasp' build argument 'catkin_cmake_args' from command line to 'None'
[0.414s] Level 5:colcon.colcon_core.verb:set package 'meter_grasp' build argument 'catkin_skip_building_tests' from command line to 'False'
[0.414s] DEBUG:colcon.colcon_core.verb:Building package 'meter_grasp' with the following arguments: {'ament_cmake_args': None, 'build_base': '/home/haoran/Arm/meter_replacement/robot/build/meter_grasp', 'catkin_cmake_args': None, 'catkin_skip_building_tests': False, 'cmake_args': None, 'cmake_clean_cache': False, 'cmake_clean_first': False, 'cmake_force_configure': False, 'cmake_target': None, 'cmake_target_skip_unavailable': False, 'install_base': '/home/haoran/Arm/meter_replacement/robot/install/meter_grasp', 'merge_install': False, 'path': '/home/haoran/Arm/meter_replacement/simulation/ros2/meter_grasp', 'symlink_install': True, 'test_result_base': None}
[0.414s] INFO:colcon.colcon_core.executor:Executing jobs using 'parallel' executor
[0.416s] DEBUG:colcon.colcon_parallel_executor.executor.parallel:run_until_complete
[0.416s] INFO:colcon.colcon_ros.task.ament_python.build:Building ROS package in '/home/haoran/Arm/meter_replacement/simulation/ros2/meter_grasp' with build type 'ament_python'
[0.416s] Level 1:colcon.colcon_core.shell:create_environment_hook('meter_grasp', 'ament_prefix_path')
[0.422s] INFO:colcon.colcon_core.plugin_system:Skipping extension 'colcon_core.shell.bat': Not used on non-Windows systems
[0.422s] INFO:colcon.colcon_core.shell:Creating environment hook '/home/haoran/Arm/meter_replacement/robot/install/meter_grasp/share/meter_grasp/hook/ament_prefix_path.ps1'
[0.423s] INFO:colcon.colcon_core.shell:Creating environment descriptor '/home/haoran/Arm/meter_replacement/robot/install/meter_grasp/share/meter_grasp/hook/ament_prefix_path.dsv'
[0.424s] INFO:colcon.colcon_core.shell:Creating environment hook '/home/haoran/Arm/meter_replacement/robot/install/meter_grasp/share/meter_grasp/hook/ament_prefix_path.sh'
[0.425s] INFO:colcon.colcon_core.shell:Skip shell extension 'powershell' for command environment: Not usable outside of PowerShell
[0.425s] DEBUG:colcon.colcon_core.shell:Skip shell extension 'dsv' for command environment
[0.699s] INFO:colcon.colcon_core.task.python.build:Building Python package in '/home/haoran/Arm/meter_replacement/simulation/ros2/meter_grasp'
[0.699s] INFO:colcon.colcon_core.shell:Skip shell extension 'powershell' for command environment: Not usable outside of PowerShell
[0.700s] DEBUG:colcon.colcon_core.shell:Skip shell extension 'dsv' for command environment
[1.323s] DEBUG:colcon.colcon_core.task.python.build:Available setuptools commands: test, install_scripts, check, register, saveopts, bdist_rpm, init_catalog, build_clib, clean, alias, egg_info, upload_docs, bdist_egg, upload, easy_install, rotate, setopt, compile_catalog, install_lib, sdist, symlink_data, build_ext, build, update_catalog, develop, dist_info, extract_messages, build_scripts, install, install_egg_info, install_data, bdist_dumb, build_py, install_headers, bdist
[1.605s] DEBUG:colcon.colcon_core.task.python.build:Available setuptools 'develop' options: --find-links, --help, --user, --editable, --install-dir, --uninstall, --optimize, --allow-hosts, --upgrade, --exclude-scripts, --install-layout, --index-url, --no-deps, --script-dir, --force-installation-into-system-dir, --site-dirs, --record, --no-find-links, --zip-ok, --quiet, --multi-version, --always-copy, --build-directory, --verbose, --no-user-cfg, --dry-run, --egg-path, --local-snapshots-ok, --prefix, --always-unzip, --version
[1.609s] DEBUG:colcon.colcon_core.event_handler.log_command:Invoking command in '/home/haoran/Arm/meter_replacement/robot/build/meter_grasp': CONDA_PROMPT_MODIFIER=(base) PYTHONPATH=/home/haoran/Arm/meter_replacement/robot/build/meter_grasp/prefix_override:/usr/lib/python3/dist-packages/colcon_core/task/python/colcon_distutils_commands:/home/haoran/Arm/meter_replacement/robot/install/meter_grasp/lib/python3.10/site-packages:${PYTHONPATH} /usr/bin/python3 -W ignore:setup.py install is deprecated -W ignore:easy_install command is deprecated setup.py develop --editable --build-directory /home/haoran/Arm/meter_replacement/robot/build/meter_grasp/build --no-deps symlink_data
[2.058s] Level 1:colcon.colcon_core.shell:create_environment_hook('meter_grasp', 'pythonpath_develop')
[2.058s] INFO:colcon.colcon_core.shell:Creating environment hook '/home/haoran/Arm/meter_replacement/robot/build/meter_grasp/share/meter_grasp/hook/pythonpath_develop.ps1'
[2.059s] DEBUG:colcon.colcon_core.event_handler.log_command:Invoked command in '/home/haoran/Arm/meter_replacement/robot/build/meter_grasp' returned '0': CONDA_PROMPT_MODIFIER=(base) PYTHONPATH=/home/haoran/Arm/meter_replacement/robot/build/meter_grasp/prefix_override:/usr/lib/python3/dist-packages/colcon_core/task/python/colcon_distutils_commands:/home/haoran/Arm/meter_replacement/robot/install/meter_grasp/lib/python3.10/site-packages:${PYTHONPATH} /usr/bin/python3 -W ignore:setup.py install is deprecated -W ignore:easy_install command is deprecated setup.py develop --editable --build-directory /home/haoran/Arm/meter_replacement/robot/build/meter_grasp/build --no-deps symlink_data
[2.060s] INFO:colcon.colcon_core.shell:Creating environment descriptor '/home/haoran/Arm/meter_replacement/robot/build/meter_grasp/share/meter_grasp/hook/pythonpath_develop.dsv'
[2.060s] INFO:colcon.colcon_core.shell:Creating environment hook '/home/haoran/Arm/meter_replacement/robot/build/meter_grasp/share/meter_grasp/hook/pythonpath_develop.sh'
[2.066s] Level 1:colcon.colcon_core.environment:checking '/home/haoran/Arm/meter_replacement/robot/install/meter_grasp' for CMake module files
[2.067s] Level 1:colcon.colcon_core.environment:checking '/home/haoran/Arm/meter_replacement/robot/install/meter_grasp' for CMake config files
[2.067s] Level 1:colcon.colcon_core.environment:checking '/home/haoran/Arm/meter_replacement/robot/install/meter_grasp/lib'
[2.068s] Level 1:colcon.colcon_core.environment:checking '/home/haoran/Arm/meter_replacement/robot/install/meter_grasp/bin'
[2.068s] Level 1:colcon.colcon_core.environment:checking '/home/haoran/Arm/meter_replacement/robot/install/meter_grasp/lib/pkgconfig/meter_grasp.pc'
[2.068s] Level 1:colcon.colcon_core.environment:checking '/home/haoran/Arm/meter_replacement/robot/install/meter_grasp/lib/python3.10/site-packages'
[2.068s] Level 1:colcon.colcon_core.shell:create_environment_hook('meter_grasp', 'pythonpath')
[2.068s] INFO:colcon.colcon_core.shell:Creating environment hook '/home/haoran/Arm/meter_replacement/robot/install/meter_grasp/share/meter_grasp/hook/pythonpath.ps1'
[2.069s] INFO:colcon.colcon_core.shell:Creating environment descriptor '/home/haoran/Arm/meter_replacement/robot/install/meter_grasp/share/meter_grasp/hook/pythonpath.dsv'
[2.070s] INFO:colcon.colcon_core.shell:Creating environment hook '/home/haoran/Arm/meter_replacement/robot/install/meter_grasp/share/meter_grasp/hook/pythonpath.sh'
[2.071s] Level 1:colcon.colcon_core.environment:checking '/home/haoran/Arm/meter_replacement/robot/install/meter_grasp/bin'
[2.072s] Level 1:colcon.colcon_core.environment:create_environment_scripts_only(meter_grasp)
[2.072s] INFO:colcon.colcon_core.shell:Creating package script '/home/haoran/Arm/meter_replacement/robot/install/meter_grasp/share/meter_grasp/package.ps1'
[2.074s] INFO:colcon.colcon_core.shell:Creating package descriptor '/home/haoran/Arm/meter_replacement/robot/install/meter_grasp/share/meter_grasp/package.dsv'
[2.075s] INFO:colcon.colcon_core.shell:Creating package script '/home/haoran/Arm/meter_replacement/robot/install/meter_grasp/share/meter_grasp/package.sh'
[2.076s] INFO:colcon.colcon_core.shell:Creating package script '/home/haoran/Arm/meter_replacement/robot/install/meter_grasp/share/meter_grasp/package.bash'
[2.078s] INFO:colcon.colcon_core.shell:Creating package script '/home/haoran/Arm/meter_replacement/robot/install/meter_grasp/share/meter_grasp/package.zsh'
[2.079s] Level 1:colcon.colcon_core.environment:create_file_with_runtime_dependencies(/home/haoran/Arm/meter_replacement/robot/install/meter_grasp/share/colcon-core/packages/meter_grasp)
[2.079s] DEBUG:colcon.colcon_parallel_executor.executor.parallel:closing loop
[2.079s] DEBUG:colcon.colcon_parallel_executor.executor.parallel:loop closed
[2.079s] DEBUG:colcon.colcon_parallel_executor.executor.parallel:run_until_complete finished with '0'
[2.079s] DEBUG:colcon.colcon_core.event_reactor:joining thread
[2.093s] INFO:colcon.colcon_core.plugin_system:Skipping extension 'colcon_notification.desktop_notification.terminal_notifier': Not used on non-Darwin systems
[2.094s] INFO:colcon.colcon_core.plugin_system:Skipping extension 'colcon_notification.desktop_notification.win32': Not used on non-Windows systems
[2.094s] INFO:colcon.colcon_notification.desktop_notification:Sending desktop notification using 'notify2'
[2.094s] DEBUG:colcon.colcon_notification.desktop_notification.notify2:Failed to initialize notify2: org.freedesktop.DBus.Error.AccessDenied: Failed to connect to socket /run/user/1000/bus: Operation not permitted
[2.094s] DEBUG:colcon.colcon_core.event_reactor:joined thread
[2.094s] INFO:colcon.colcon_core.shell:Creating prefix script '/home/haoran/Arm/meter_replacement/robot/install/local_setup.ps1'
[2.096s] INFO:colcon.colcon_core.shell:Creating prefix util module '/home/haoran/Arm/meter_replacement/robot/install/_local_setup_util_ps1.py'
[2.097s] INFO:colcon.colcon_core.shell:Creating prefix chain script '/home/haoran/Arm/meter_replacement/robot/install/setup.ps1'
[2.098s] INFO:colcon.colcon_core.shell:Creating prefix script '/home/haoran/Arm/meter_replacement/robot/install/local_setup.sh'
[2.100s] INFO:colcon.colcon_core.shell:Creating prefix util module '/home/haoran/Arm/meter_replacement/robot/install/_local_setup_util_sh.py'
[2.101s] INFO:colcon.colcon_core.shell:Creating prefix chain script '/home/haoran/Arm/meter_replacement/robot/install/setup.sh'
[2.103s] INFO:colcon.colcon_core.shell:Creating prefix script '/home/haoran/Arm/meter_replacement/robot/install/local_setup.bash'
[2.104s] INFO:colcon.colcon_core.shell:Creating prefix chain script '/home/haoran/Arm/meter_replacement/robot/install/setup.bash'
[2.105s] INFO:colcon.colcon_core.shell:Creating prefix script '/home/haoran/Arm/meter_replacement/robot/install/local_setup.zsh'
[2.106s] INFO:colcon.colcon_core.shell:Creating prefix chain script '/home/haoran/Arm/meter_replacement/robot/install/setup.zsh'
