[60.259s] Invoking command in '/home/haoran/Arm/meter_replacement/robot/build/meter_grasp': AMENT_PREFIX_PATH=/home/haoran/Arm/meter_replacement/robot/install/cr5_moveit_config:/home/haoran/Arm/meter_replacement/robot/install/cr5_description:${AMENT_PREFIX_PATH} CMAKE_PREFIX_PATH=/home/haoran/Arm/meter_replacement/robot/install/cr5_moveit_config:/home/haoran/Arm/meter_replacement/robot/install/cr5_description CONDA_PROMPT_MODIFIER=(base) PYTHONPATH=/home/haoran/Arm/meter_replacement/robot/build/meter_grasp/prefix_override:/usr/lib/python3/dist-packages/colcon_core/task/python/colcon_distutils_commands:/home/haoran/Arm/meter_replacement/robot/install/meter_grasp/lib/python3.10/site-packages:${PYTHONPATH} /usr/bin/python3 -W ignore:setup.py install is deprecated -W ignore:easy_install command is deprecated setup.py develop --editable --build-directory /home/haoran/Arm/meter_replacement/robot/build/meter_grasp/build --no-deps symlink_data
[60.474s] running develop
[60.604s] running egg_info
[60.604s] writing meter_grasp.egg-info/PKG-INFO
[60.604s] writing dependency_links to meter_grasp.egg-info/dependency_links.txt
[60.605s] writing entry points to meter_grasp.egg-info/entry_points.txt
[60.605s] writing requirements to meter_grasp.egg-info/requires.txt
[60.605s] writing top-level names to meter_grasp.egg-info/top_level.txt
[60.608s] reading manifest file 'meter_grasp.egg-info/SOURCES.txt'
[60.609s] writing manifest file 'meter_grasp.egg-info/SOURCES.txt'
[60.610s] running build_ext
[60.610s] Creating /home/haoran/Arm/meter_replacement/robot/install/meter_grasp/lib/python3.10/site-packages/meter-grasp.egg-link (link to .)
[60.611s] Installing add_meter_collision script to /home/haoran/Arm/meter_replacement/robot/install/meter_grasp/lib/meter_grasp
[60.612s] Installing attach_meter script to /home/haoran/Arm/meter_replacement/robot/install/meter_grasp/lib/meter_grasp
[60.612s] Installing detach_meter script to /home/haoran/Arm/meter_replacement/robot/install/meter_grasp/lib/meter_grasp
[60.612s] Installing run_meter_grasp script to /home/haoran/Arm/meter_replacement/robot/install/meter_grasp/lib/meter_grasp
[60.612s] Installing run_meter_remove script to /home/haoran/Arm/meter_replacement/robot/install/meter_grasp/lib/meter_grasp
[60.612s] Installing run_pick_sequence script to /home/haoran/Arm/meter_replacement/robot/install/meter_grasp/lib/meter_grasp
[60.613s] Installing show_meter_cad script to /home/haoran/Arm/meter_replacement/robot/install/meter_grasp/lib/meter_grasp
[60.613s] Installing show_meter_slots script to /home/haoran/Arm/meter_replacement/robot/install/meter_grasp/lib/meter_grasp
[60.613s] 
[60.613s] Installed /home/haoran/Arm/meter_replacement/robot/build/meter_grasp
[60.613s] running symlink_data
[60.614s] creating /home/haoran/Arm/meter_replacement/robot/install/meter_grasp/share/meter_grasp/meshes
[60.615s] symbolically linking /home/haoran/Arm/meter_replacement/robot/build/meter_grasp/meshes/electric_meter_body.stl -> /home/haoran/Arm/meter_replacement/robot/install/meter_grasp/share/meter_grasp/meshes
[60.615s] symbolically linking /home/haoran/Arm/meter_replacement/robot/build/meter_grasp/meshes/electric_meter_cover.stl -> /home/haoran/Arm/meter_replacement/robot/install/meter_grasp/share/meter_grasp/meshes
[90.054s] Invoked command in '/home/haoran/Arm/meter_replacement/robot/build/meter_grasp' returned '0': AMENT_PREFIX_PATH=/home/haoran/Arm/meter_replacement/robot/install/cr5_moveit_config:/home/haoran/Arm/meter_replacement/robot/install/cr5_description:${AMENT_PREFIX_PATH} CMAKE_PREFIX_PATH=/home/haoran/Arm/meter_replacement/robot/install/cr5_moveit_config:/home/haoran/Arm/meter_replacement/robot/install/cr5_description CONDA_PROMPT_MODIFIER=(base) PYTHONPATH=/home/haoran/Arm/meter_replacement/robot/build/meter_grasp/prefix_override:/usr/lib/python3/dist-packages/colcon_core/task/python/colcon_distutils_commands:/home/haoran/Arm/meter_replacement/robot/install/meter_grasp/lib/python3.10/site-packages:${PYTHONPATH} /usr/bin/python3 -W ignore:setup.py install is deprecated -W ignore:easy_install command is deprecated setup.py develop --editable --build-directory /home/haoran/Arm/meter_replacement/robot/build/meter_grasp/build --no-deps symlink_data
