[0.018s] Invoking command in '/home/haoran/Arm/meter_replacement/robot/build/cr5_description': CMAKE_PREFIX_PATH=/opt/ros/humble CONDA_PROMPT_MODIFIER=(base) /usr/bin/cmake --build /home/haoran/Arm/meter_replacement/robot/build/cr5_description -- -j4 -l4
[0.164s] -- Found ament_cmake: 1.3.14 (/opt/ros/humble/share/ament_cmake/cmake)
[0.315s] -- Override CMake install command with custom implementation using symlinks instead of copying resources
[0.343s] -- Found ament_lint_auto: 0.12.15 (/opt/ros/humble/share/ament_lint_auto/cmake)
[0.425s] -- Added test 'flake8' to check Python code syntax and style conventions
[0.425s] -- Added test 'lint_cmake' to check CMake code style
[0.426s] -- Added test 'pep257' to check Python code against some of the docstring style conventions in PEP 257
[0.429s] -- Added test 'xmllint' to check XML markup files
[0.432s] -- Configuring done
[0.443s] -- Generating done
[0.445s] -- Build files have been written to: /home/haoran/Arm/meter_replacement/robot/build/cr5_description
[0.476s] Invoked command in '/home/haoran/Arm/meter_replacement/robot/build/cr5_description' returned '0': CMAKE_PREFIX_PATH=/opt/ros/humble CONDA_PROMPT_MODIFIER=(base) /usr/bin/cmake --build /home/haoran/Arm/meter_replacement/robot/build/cr5_description -- -j4 -l4
[0.490s] Invoking command in '/home/haoran/Arm/meter_replacement/robot/build/cr5_description': CMAKE_PREFIX_PATH=/opt/ros/humble CONDA_PROMPT_MODIFIER=(base) /usr/bin/cmake --install /home/haoran/Arm/meter_replacement/robot/build/cr5_description
[0.498s] -- Install configuration: ""
[0.501s] -- Execute custom install script
[0.501s] -- Up-to-date symlink: /home/haoran/Arm/meter_replacement/robot/install/cr5_description/share/cr5_description/launch/display.launch.py
[0.501s] -- Up-to-date symlink: /home/haoran/Arm/meter_replacement/robot/install/cr5_description/share/cr5_description/meshes/J1.STL
[0.501s] -- Up-to-date symlink: /home/haoran/Arm/meter_replacement/robot/install/cr5_description/share/cr5_description/meshes/J2.STL
[0.501s] -- Up-to-date symlink: /home/haoran/Arm/meter_replacement/robot/install/cr5_description/share/cr5_description/meshes/J3.STL
[0.502s] -- Up-to-date symlink: /home/haoran/Arm/meter_replacement/robot/install/cr5_description/share/cr5_description/meshes/J4.STL
[0.502s] -- Up-to-date symlink: /home/haoran/Arm/meter_replacement/robot/install/cr5_description/share/cr5_description/meshes/J5.STL
[0.502s] -- Up-to-date symlink: /home/haoran/Arm/meter_replacement/robot/install/cr5_description/share/cr5_description/meshes/J6.STL
[0.502s] -- Up-to-date symlink: /home/haoran/Arm/meter_replacement/robot/install/cr5_description/share/cr5_description/meshes/base_link.STL
[0.503s] -- Up-to-date symlink: /home/haoran/Arm/meter_replacement/robot/install/cr5_description/share/cr5_description/rviz/cr5.rviz
[0.503s] -- Symlinking: /home/haoran/Arm/meter_replacement/robot/install/cr5_description/share/cr5_description/urdf/ag_style_gripper.xacro
[0.515s] -- Up-to-date symlink: /home/haoran/Arm/meter_replacement/robot/install/cr5_description/share/cr5_description/urdf/cr5_robot.urdf
[0.515s] -- Symlinking: /home/haoran/Arm/meter_replacement/robot/install/cr5_description/share/cr5_description/urdf/cr5_with_gripper.urdf.xacro
[0.526s] -- Up-to-date symlink: /home/haoran/Arm/meter_replacement/robot/install/cr5_description/share/ament_index/resource_index/package_run_dependencies/cr5_description
[0.526s] -- Up-to-date symlink: /home/haoran/Arm/meter_replacement/robot/install/cr5_description/share/ament_index/resource_index/parent_prefix_path/cr5_description
[0.527s] -- Up-to-date symlink: /home/haoran/Arm/meter_replacement/robot/install/cr5_description/share/cr5_description/environment/ament_prefix_path.sh
[0.527s] -- Up-to-date symlink: /home/haoran/Arm/meter_replacement/robot/install/cr5_description/share/cr5_description/environment/ament_prefix_path.dsv
[0.527s] -- Up-to-date symlink: /home/haoran/Arm/meter_replacement/robot/install/cr5_description/share/cr5_description/environment/path.sh
[0.527s] -- Up-to-date symlink: /home/haoran/Arm/meter_replacement/robot/install/cr5_description/share/cr5_description/environment/path.dsv
[0.527s] -- Up-to-date symlink: /home/haoran/Arm/meter_replacement/robot/install/cr5_description/share/cr5_description/local_setup.bash
[0.528s] -- Up-to-date symlink: /home/haoran/Arm/meter_replacement/robot/install/cr5_description/share/cr5_description/local_setup.sh
[0.528s] -- Up-to-date symlink: /home/haoran/Arm/meter_replacement/robot/install/cr5_description/share/cr5_description/local_setup.zsh
[0.528s] -- Up-to-date symlink: /home/haoran/Arm/meter_replacement/robot/install/cr5_description/share/cr5_description/local_setup.dsv
[0.528s] -- Symlinking: /home/haoran/Arm/meter_replacement/robot/install/cr5_description/share/cr5_description/package.dsv
[0.543s] -- Up-to-date symlink: /home/haoran/Arm/meter_replacement/robot/install/cr5_description/share/ament_index/resource_index/packages/cr5_description
[0.543s] -- Up-to-date symlink: /home/haoran/Arm/meter_replacement/robot/install/cr5_description/share/cr5_description/cmake/cr5_descriptionConfig.cmake
[0.543s] -- Up-to-date symlink: /home/haoran/Arm/meter_replacement/robot/install/cr5_description/share/cr5_description/cmake/cr5_descriptionConfig-version.cmake
[0.543s] -- Up-to-date symlink: /home/haoran/Arm/meter_replacement/robot/install/cr5_description/share/cr5_description/package.xml
[30.005s] Invoked command in '/home/haoran/Arm/meter_replacement/robot/build/cr5_description' returned '0': CMAKE_PREFIX_PATH=/opt/ros/humble CONDA_PROMPT_MODIFIER=(base) /usr/bin/cmake --install /home/haoran/Arm/meter_replacement/robot/build/cr5_description
