[0.108s] DEBUG:colcon:Command line arguments: ['/usr/bin/colcon', 'build', '--base-paths', 'src', '../simulation/ros2', '--packages-select', 'meter_grasp', '--symlink-install']
[0.108s] DEBUG:colcon:Parsed command line arguments: Namespace(log_base=None, log_level=None, verb_name='build', build_base='build', install_base='install', merge_install=False, symlink_install=True, test_result_base=None, continue_on_error=False, executor='parallel', parallel_workers=4, event_handlers=None, ignore_user_meta=False, metas=['./colcon.meta'], base_paths=['src', '../simulation/ros2'], packages_ignore=None, packages_ignore_regex=None, paths=None, packages_up_to=None, packages_up_to_regex=None, packages_above=None, packages_above_and_dependencies=None, packages_above_depth=None, packages_select_by_dep=None, packages_skip_by_dep=None, packages_skip_up_to=None, packages_select_build_failed=False, packages_skip_build_finished=False, packages_select_test_failures=False, packages_skip_test_passed=False, packages_select=['meter_grasp'], packages_skip=None, packages_select_regex=None, packages_skip_regex=None, packages_start=None, packages_end=None, allow_overriding=[], cmake_args=None, cmake_target=None, cmake_target_skip_unavailable=False, cmake_clean_cache=False, cmake_clean_first=False, cmake_force_configure=False, ament_cmake_args=None, catkin_cmake_args=None, catkin_skip_building_tests=False, verb_parser=<colcon_defaults.argument_parser.defaults.DefaultArgumentsDecorator object at 0x7a3f91150550>, verb_extension=<colcon_core.verb.build.BuildVerb object at 0x7a3f912cdbd0>, main=<bound method BuildVerb.main of <colcon_core.verb.build.BuildVerb object at 0x7a3f912cdbd0>>)
[0.256s] Level 1:colcon.colcon_core.package_discovery:discover_packages(colcon_meta) check parameters
[0.257s] Level 1:colcon.colcon_core.package_discovery:discover_packages(recursive) check parameters
[0.257s] Level 1:colcon.colcon_core.package_discovery:discover_packages(ignore) check parameters
[0.257s] Level 1:colcon.colcon_core.package_discovery:discover_packages(path) check parameters
[0.257s] Level 1:colcon.colcon_core.package_discovery:discover_packages(recursive) discover
[0.257s] INFO:colcon.colcon_core.package_discovery:Crawling recursively for packages in '/home/haoran/Arm/meter_replacement/robot/src', '/home/haoran/Arm/meter_replacement/simulation/ros2'
[0.257s] Level 1:colcon.colcon_core.package_identification:_identify(src) by extensions ['ignore', 'ignore_ament_install']
[0.257s] Level 1:colcon.colcon_core.package_identification:_identify(src) by extension 'ignore'
[0.257s] Level 1:colcon.colcon_core.package_identification:_identify(src) by extension 'ignore_ament_install'
[0.257s] Level 1:colcon.colcon_core.package_identification:_identify(src) by extensions ['colcon_pkg']
[0.257s] Level 1:colcon.colcon_core.package_identification:_identify(src) by extension 'colcon_pkg'
[0.257s] Level 1:colcon.colcon_core.package_identification:_identify(src) by extensions ['colcon_meta']
[0.257s] Level 1:colcon.colcon_core.package_identification:_identify(src) by extension 'colcon_meta'
[0.257s] Level 1:colcon.colcon_core.package_identification:_identify(src) by extensions ['ros']
[0.257s] Level 1:colcon.colcon_core.package_identification:_identify(src) by extension 'ros'
[0.267s] Level 1:colcon.colcon_core.package_identification:_identify(src) by extensions ['cmake', 'python']
[0.267s] Level 1:colcon.colcon_core.package_identification:_identify(src) by extension 'cmake'
[0.267s] Level 1:colcon.colcon_core.package_identification:_identify(src) by extension 'python'
[0.267s] Level 1:colcon.colcon_core.package_identification:_identify(src) by extensions ['python_setup_py']
[0.267s] Level 1:colcon.colcon_core.package_identification:_identify(src) by extension 'python_setup_py'
[0.267s] Level 1:colcon.colcon_core.package_identification:_identify(src/cr5_description) by extensions ['ignore', 'ignore_ament_install']
[0.267s] Level 1:colcon.colcon_core.package_identification:_identify(src/cr5_description) by extension 'ignore'
[0.267s] Level 1:colcon.colcon_core.package_identification:_identify(src/cr5_description) by extension 'ignore_ament_install'
[0.268s] Level 1:colcon.colcon_core.package_identification:_identify(src/cr5_description) by extensions ['colcon_pkg']
[0.268s] Level 1:colcon.colcon_core.package_identification:_identify(src/cr5_description) by extension 'colcon_pkg'
[0.268s] Level 1:colcon.colcon_core.package_identification:_identify(src/cr5_description) by extensions ['colcon_meta']
[0.268s] Level 1:colcon.colcon_core.package_identification:_identify(src/cr5_description) by extension 'colcon_meta'
[0.268s] Level 1:colcon.colcon_core.package_identification:_identify(src/cr5_description) by extensions ['ros']
[0.268s] Level 1:colcon.colcon_core.package_identification:_identify(src/cr5_description) by extension 'ros'
[0.270s] DEBUG:colcon.colcon_core.package_identification:Package 'src/cr5_description' with type 'ros.ament_cmake' and name 'cr5_description'
[0.270s] Level 1:colcon.colcon_core.package_identification:_identify(src/cr5_moveit_config) by extensions ['ignore', 'ignore_ament_install']
[0.270s] Level 1:colcon.colcon_core.package_identification:_identify(src/cr5_moveit_config) by extension 'ignore'
[0.270s] Level 1:colcon.colcon_core.package_identification:_identify(src/cr5_moveit_config) by extension 'ignore_ament_install'
[0.270s] Level 1:colcon.colcon_core.package_identification:_identify(src/cr5_moveit_config) by extensions ['colcon_pkg']
[0.270s] Level 1:colcon.colcon_core.package_identification:_identify(src/cr5_moveit_config) by extension 'colcon_pkg'
[0.270s] Level 1:colcon.colcon_core.package_identification:_identify(src/cr5_moveit_config) by extensions ['colcon_meta']
[0.270s] Level 1:colcon.colcon_core.package_identification:_identify(src/cr5_moveit_config) by extension 'colcon_meta'
[0.270s] Level 1:colcon.colcon_core.package_identification:_identify(src/cr5_moveit_config) by extensions ['ros']
[0.270s] Level 1:colcon.colcon_core.package_identification:_identify(src/cr5_moveit_config) by extension 'ros'
[0.272s] DEBUG:colcon.colcon_core.package_identification:Package 'src/cr5_moveit_config' with type 'ros.ament_cmake' and name 'cr5_moveit_config'
[0.272s] Level 1:colcon.colcon_core.package_identification:_identify(../simulation/ros2) by extensions ['ignore', 'ignore_ament_install']
[0.272s] Level 1:colcon.colcon_core.package_identification:_identify(../simulation/ros2) by extension 'ignore'
[0.272s] Level 1:colcon.colcon_core.package_identification:_identify(../simulation/ros2) by extension 'ignore_ament_install'
[0.272s] Level 1:colcon.colcon_core.package_identification:_identify(../simulation/ros2) by extensions ['colcon_pkg']
[0.272s] Level 1:colcon.colcon_core.package_identification:_identify(../simulation/ros2) by extension 'colcon_pkg'
[0.272s] Level 1:colcon.colcon_core.package_identification:_identify(../simulation/ros2) by extensions ['colcon_meta']
[0.272s] Level 1:colcon.colcon_core.package_identification:_identify(../simulation/ros2) by extension 'colcon_meta'
[0.272s] Level 1:colcon.colcon_core.package_identification:_identify(../simulation/ros2) by extensions ['ros']
[0.272s] Level 1:colcon.colcon_core.package_identification:_identify(../simulation/ros2) by extension 'ros'
[0.272s] Level 1:colcon.colcon_core.package_identification:_identify(../simulation/ros2) by extensions ['cmake', 'python']
[0.272s] Level 1:colcon.colcon_core.package_identification:_identify(../simulation/ros2) by extension 'cmake'
[0.272s] Level 1:colcon.colcon_core.package_identification:_identify(../simulation/ros2) by extension 'python'
[0.272s] Level 1:colcon.colcon_core.package_identification:_identify(../simulation/ros2) by extensions ['python_setup_py']
[0.272s] Level 1:colcon.colcon_core.package_identification:_identify(../simulation/ros2) by extension 'python_setup_py'
[0.272s] Level 1:colcon.colcon_core.package_identification:_identify(../simulation/ros2/meter_grasp) by extensions ['ignore', 'ignore_ament_install']
[0.273s] Level 1:colcon.colcon_core.package_identification:_identify(../simulation/ros2/meter_grasp) by extension 'ignore'
[0.273s] Level 1:colcon.colcon_core.package_identification:_identify(../simulation/ros2/meter_grasp) by extension 'ignore_ament_install'
[0.273s] Level 1:colcon.colcon_core.package_identification:_identify(../simulation/ros2/meter_grasp) by extensions ['colcon_pkg']
[0.273s] Level 1:colcon.colcon_core.package_identification:_identify(../simulation/ros2/meter_grasp) by extension 'colcon_pkg'
[0.273s] Level 1:colcon.colcon_core.package_identification:_identify(../simulation/ros2/meter_grasp) by extensions ['colcon_meta']
[0.273s] Level 1:colcon.colcon_core.package_identification:_identify(../simulation/ros2/meter_grasp) by extension 'colcon_meta'
[0.273s] Level 1:colcon.colcon_core.package_identification:_identify(../simulation/ros2/meter_grasp) by extensions ['ros']
[0.273s] Level 1:colcon.colcon_core.package_identification:_identify(../simulation/ros2/meter_grasp) by extension 'ros'
[0.274s] DEBUG:colcon.colcon_core.package_identification:Package '../simulation/ros2/meter_grasp' with type 'ros.ament_python' and name 'meter_grasp'
[0.274s] Level 1:colcon.colcon_core.package_discovery:discover_packages(recursive) using defaults
[0.291s] INFO:colcon.colcon_core.package_selection:Skipping not selected package 'cr5_description' in 'src/cr5_description'
[0.291s] INFO:colcon.colcon_core.package_selection:Skipping not selected package 'cr5_moveit_config' in 'src/cr5_moveit_config'
[0.291s] Level 1:colcon.colcon_core.package_discovery:discover_packages(prefix_path) check parameters
[0.291s] Level 1:colcon.colcon_core.package_discovery:discover_packages(prefix_path) discover
[0.294s] DEBUG:colcon.colcon_installed_package_information.package_discovery:Found 359 installed packages in /opt/ros/humble
[0.306s] Level 1:colcon.colcon_core.package_discovery:discover_packages(prefix_path) using defaults
[0.348s] Level 5:colcon.colcon_core.verb:set package 'meter_grasp' build argument 'cmake_args' from command line to 'None'
[0.348s] Level 5:colcon.colcon_core.verb:set package 'meter_grasp' build argument 'cmake_target' from command line to 'None'
[0.348s] Level 5:colcon.colcon_core.verb:set package 'meter_grasp' build argument 'cmake_target_skip_unavailable' from command line to 'False'
[0.348s] Level 5:colcon.colcon_core.verb:set package 'meter_grasp' build argument 'cmake_clean_cache' from command line to 'False'
[0.348s] Level 5:colcon.colcon_core.verb:set package 'meter_grasp' build argument 'cmake_clean_first' from command line to 'False'
[0.348s] Level 5:colcon.colcon_core.verb:set package 'meter_grasp' build argument 'cmake_force_configure' from command line to 'False'
[0.348s] Level 5:colcon.colcon_core.verb:set package 'meter_grasp' build argument 'ament_cmake_args' from command line to 'None'
[0.348s] Level 5:colcon.colcon_core.verb:set package 'meter_grasp' build argument 'catkin_cmake_args' from command line to 'None'
[0.349s] Level 5:colcon.colcon_core.verb:set package 'meter_grasp' build argument 'catkin_skip_building_tests' from command line to 'False'
[0.349s] DEBUG:colcon.colcon_core.verb:Building package 'meter_grasp' with the following arguments: {'ament_cmake_args': None, 'build_base': '/home/haoran/Arm/meter_replacement/robot/build/meter_grasp', 'catkin_cmake_args': None, 'catkin_skip_building_tests': False, 'cmake_args': None, 'cmake_clean_cache': False, 'cmake_clean_first': False, 'cmake_force_configure': False, 'cmake_target': None, 'cmake_target_skip_unavailable': False, 'install_base': '/home/haoran/Arm/meter_replacement/robot/install/meter_grasp', 'merge_install': False, 'path': '/home/haoran/Arm/meter_replacement/simulation/ros2/meter_grasp', 'symlink_install': True, 'test_result_base': None}
[0.349s] INFO:colcon.colcon_core.executor:Executing jobs using 'parallel' executor
[0.350s] DEBUG:colcon.colcon_parallel_executor.executor.parallel:run_until_complete
[0.351s] INFO:colcon.colcon_ros.task.ament_python.build:Building ROS package in '/home/haoran/Arm/meter_replacement/simulation/ros2/meter_grasp' with build type 'ament_python'
[0.351s] Level 1:colcon.colcon_core.shell:create_environment_hook('meter_grasp', 'ament_prefix_path')
[0.353s] INFO:colcon.colcon_core.plugin_system:Skipping extension 'colcon_core.shell.bat': Not used on non-Windows systems
[0.354s] INFO:colcon.colcon_core.shell:Creating environment hook '/home/haoran/Arm/meter_replacement/robot/install/meter_grasp/share/meter_grasp/hook/ament_prefix_path.ps1'
[0.355s] INFO:colcon.colcon_core.shell:Creating environment descriptor '/home/haoran/Arm/meter_replacement/robot/install/meter_grasp/share/meter_grasp/hook/ament_prefix_path.dsv'
[0.356s] INFO:colcon.colcon_core.shell:Creating environment hook '/home/haoran/Arm/meter_replacement/robot/install/meter_grasp/share/meter_grasp/hook/ament_prefix_path.sh'
[0.356s] INFO:colcon.colcon_core.shell:Skip shell extension 'powershell' for command environment: Not usable outside of PowerShell
[0.357s] DEBUG:colcon.colcon_core.shell:Skip shell extension 'dsv' for command environment
[30.653s] INFO:colcon.colcon_core.task.python.build:Building Python package in '/home/haoran/Arm/meter_replacement/simulation/ros2/meter_grasp'
[30.654s] INFO:colcon.colcon_core.shell:Skip shell extension 'powershell' for command environment: Not usable outside of PowerShell
[30.654s] DEBUG:colcon.colcon_core.shell:Skip shell extension 'dsv' for command environment
[30.998s] DEBUG:colcon.colcon_core.task.python.build:Available setuptools commands: dist_info, setopt, init_catalog, install_egg_info, update_catalog, bdist, easy_install, build, egg_info, symlink_data, install, install_scripts, install_headers, bdist_dumb, upload, develop, sdist, build_clib, compile_catalog, rotate, alias, register, saveopts, clean, check, build_scripts, bdist_rpm, install_data, build_py, upload_docs, build_ext, install_lib, extract_messages, test, bdist_egg
[60.413s] DEBUG:colcon.colcon_core.task.python.build:Available setuptools 'develop' options: --uninstall, --editable, --optimize, --multi-version, --find-links, --site-dirs, --local-snapshots-ok, --install-dir, --install-layout, --build-directory, --zip-ok, --no-deps, --always-unzip, --dry-run, --index-url, --no-user-cfg, --prefix, --user, --help, --always-copy, --egg-path, --upgrade, --script-dir, --verbose, --version, --quiet, --force-installation-into-system-dir, --allow-hosts, --exclude-scripts, --no-find-links, --record
[60.415s] DEBUG:colcon.colcon_core.event_handler.log_command:Invoking command in '/home/haoran/Arm/meter_replacement/robot/build/meter_grasp': AMENT_PREFIX_PATH=/home/haoran/Arm/meter_replacement/robot/install/cr5_moveit_config:/home/haoran/Arm/meter_replacement/robot/install/cr5_description:${AMENT_PREFIX_PATH} CMAKE_PREFIX_PATH=/home/haoran/Arm/meter_replacement/robot/install/cr5_moveit_config:/home/haoran/Arm/meter_replacement/robot/install/cr5_description CONDA_PROMPT_MODIFIER=(base) PYTHONPATH=/home/haoran/Arm/meter_replacement/robot/build/meter_grasp/prefix_override:/usr/lib/python3/dist-packages/colcon_core/task/python/colcon_distutils_commands:/home/haoran/Arm/meter_replacement/robot/install/meter_grasp/lib/python3.10/site-packages:${PYTHONPATH} /usr/bin/python3 -W ignore:setup.py install is deprecated -W ignore:easy_install command is deprecated setup.py develop --editable --build-directory /home/haoran/Arm/meter_replacement/robot/build/meter_grasp/build --no-deps symlink_data
[60.856s] Level 1:colcon.colcon_core.shell:create_environment_hook('meter_grasp', 'pythonpath_develop')
[60.857s] INFO:colcon.colcon_core.shell:Creating environment hook '/home/haoran/Arm/meter_replacement/robot/build/meter_grasp/share/meter_grasp/hook/pythonpath_develop.ps1'
[60.858s] INFO:colcon.colcon_core.shell:Creating environment descriptor '/home/haoran/Arm/meter_replacement/robot/build/meter_grasp/share/meter_grasp/hook/pythonpath_develop.dsv'
[60.857s] DEBUG:colcon.colcon_core.event_handler.log_command:Invoked command in '/home/haoran/Arm/meter_replacement/robot/build/meter_grasp' returned '0': AMENT_PREFIX_PATH=/home/haoran/Arm/meter_replacement/robot/install/cr5_moveit_config:/home/haoran/Arm/meter_replacement/robot/install/cr5_description:${AMENT_PREFIX_PATH} CMAKE_PREFIX_PATH=/home/haoran/Arm/meter_replacement/robot/install/cr5_moveit_config:/home/haoran/Arm/meter_replacement/robot/install/cr5_description CONDA_PROMPT_MODIFIER=(base) PYTHONPATH=/home/haoran/Arm/meter_replacement/robot/build/meter_grasp/prefix_override:/usr/lib/python3/dist-packages/colcon_core/task/python/colcon_distutils_commands:/home/haoran/Arm/meter_replacement/robot/install/meter_grasp/lib/python3.10/site-packages:${PYTHONPATH} /usr/bin/python3 -W ignore:setup.py install is deprecated -W ignore:easy_install command is deprecated setup.py develop --editable --build-directory /home/haoran/Arm/meter_replacement/robot/build/meter_grasp/build --no-deps symlink_data
[60.859s] INFO:colcon.colcon_core.shell:Creating environment hook '/home/haoran/Arm/meter_replacement/robot/build/meter_grasp/share/meter_grasp/hook/pythonpath_develop.sh'
[60.867s] Level 1:colcon.colcon_core.environment:checking '/home/haoran/Arm/meter_replacement/robot/install/meter_grasp' for CMake module files
[60.867s] Level 1:colcon.colcon_core.environment:checking '/home/haoran/Arm/meter_replacement/robot/install/meter_grasp' for CMake config files
[60.868s] Level 1:colcon.colcon_core.environment:checking '/home/haoran/Arm/meter_replacement/robot/install/meter_grasp/lib'
[60.868s] Level 1:colcon.colcon_core.environment:checking '/home/haoran/Arm/meter_replacement/robot/install/meter_grasp/bin'
[60.868s] Level 1:colcon.colcon_core.environment:checking '/home/haoran/Arm/meter_replacement/robot/install/meter_grasp/lib/pkgconfig/meter_grasp.pc'
[60.868s] Level 1:colcon.colcon_core.environment:checking '/home/haoran/Arm/meter_replacement/robot/install/meter_grasp/lib/python3.10/site-packages'
[60.868s] Level 1:colcon.colcon_core.shell:create_environment_hook('meter_grasp', 'pythonpath')
[60.869s] INFO:colcon.colcon_core.shell:Creating environment hook '/home/haoran/Arm/meter_replacement/robot/install/meter_grasp/share/meter_grasp/hook/pythonpath.ps1'
[60.869s] INFO:colcon.colcon_core.shell:Creating environment descriptor '/home/haoran/Arm/meter_replacement/robot/install/meter_grasp/share/meter_grasp/hook/pythonpath.dsv'
[60.870s] INFO:colcon.colcon_core.shell:Creating environment hook '/home/haoran/Arm/meter_replacement/robot/install/meter_grasp/share/meter_grasp/hook/pythonpath.sh'
[60.871s] Level 1:colcon.colcon_core.environment:checking '/home/haoran/Arm/meter_replacement/robot/install/meter_grasp/bin'
[60.871s] Level 1:colcon.colcon_core.environment:create_environment_scripts_only(meter_grasp)
[60.871s] INFO:colcon.colcon_core.shell:Creating package script '/home/haoran/Arm/meter_replacement/robot/install/meter_grasp/share/meter_grasp/package.ps1'
[60.873s] INFO:colcon.colcon_core.shell:Creating package descriptor '/home/haoran/Arm/meter_replacement/robot/install/meter_grasp/share/meter_grasp/package.dsv'
[60.874s] INFO:colcon.colcon_core.shell:Creating package script '/home/haoran/Arm/meter_replacement/robot/install/meter_grasp/share/meter_grasp/package.sh'
[60.875s] INFO:colcon.colcon_core.shell:Creating package script '/home/haoran/Arm/meter_replacement/robot/install/meter_grasp/share/meter_grasp/package.bash'
[60.876s] INFO:colcon.colcon_core.shell:Creating package script '/home/haoran/Arm/meter_replacement/robot/install/meter_grasp/share/meter_grasp/package.zsh'
[60.877s] Level 1:colcon.colcon_core.environment:create_file_with_runtime_dependencies(/home/haoran/Arm/meter_replacement/robot/install/meter_grasp/share/colcon-core/packages/meter_grasp)
[60.878s] DEBUG:colcon.colcon_parallel_executor.executor.parallel:closing loop
[60.878s] DEBUG:colcon.colcon_parallel_executor.executor.parallel:loop closed
[60.878s] DEBUG:colcon.colcon_parallel_executor.executor.parallel:run_until_complete finished with '0'
[60.878s] DEBUG:colcon.colcon_core.event_reactor:joining thread
[60.890s] INFO:colcon.colcon_core.plugin_system:Skipping extension 'colcon_notification.desktop_notification.terminal_notifier': Not used on non-Darwin systems
[60.890s] INFO:colcon.colcon_core.plugin_system:Skipping extension 'colcon_notification.desktop_notification.win32': Not used on non-Windows systems
[60.890s] INFO:colcon.colcon_notification.desktop_notification:Sending desktop notification using 'notify2'
[60.890s] DEBUG:colcon.colcon_notification.desktop_notification.notify2:Failed to initialize notify2: org.freedesktop.DBus.Error.AccessDenied: Failed to connect to socket /run/user/1000/bus: Operation not permitted
[60.890s] DEBUG:colcon.colcon_core.event_reactor:joined thread
[60.890s] INFO:colcon.colcon_core.shell:Creating prefix script '/home/haoran/Arm/meter_replacement/robot/install/local_setup.ps1'
[60.891s] INFO:colcon.colcon_core.shell:Creating prefix util module '/home/haoran/Arm/meter_replacement/robot/install/_local_setup_util_ps1.py'
[60.893s] INFO:colcon.colcon_core.shell:Creating prefix chain script '/home/haoran/Arm/meter_replacement/robot/install/setup.ps1'
[60.894s] INFO:colcon.colcon_core.shell:Creating prefix script '/home/haoran/Arm/meter_replacement/robot/install/local_setup.sh'
[60.895s] INFO:colcon.colcon_core.shell:Creating prefix util module '/home/haoran/Arm/meter_replacement/robot/install/_local_setup_util_sh.py'
[60.896s] INFO:colcon.colcon_core.shell:Creating prefix chain script '/home/haoran/Arm/meter_replacement/robot/install/setup.sh'
[60.897s] INFO:colcon.colcon_core.shell:Creating prefix script '/home/haoran/Arm/meter_replacement/robot/install/local_setup.bash'
[60.898s] INFO:colcon.colcon_core.shell:Creating prefix chain script '/home/haoran/Arm/meter_replacement/robot/install/setup.bash'
[60.899s] INFO:colcon.colcon_core.shell:Creating prefix script '/home/haoran/Arm/meter_replacement/robot/install/local_setup.zsh'
[60.900s] INFO:colcon.colcon_core.shell:Creating prefix chain script '/home/haoran/Arm/meter_replacement/robot/install/setup.zsh'
