[0.220s] DEBUG:colcon:Command line arguments: ['/usr/bin/colcon', 'build', '--base-paths', 'src', '../simulation/ros2', '--packages-select', 'meter_grasp', '--symlink-install']
[0.220s] DEBUG:colcon:Parsed command line arguments: Namespace(log_base=None, log_level=None, verb_name='build', build_base='build', install_base='install', merge_install=False, symlink_install=True, test_result_base=None, continue_on_error=False, executor='parallel', parallel_workers=4, event_handlers=None, ignore_user_meta=False, metas=['./colcon.meta'], base_paths=['src', '../simulation/ros2'], packages_ignore=None, packages_ignore_regex=None, paths=None, packages_up_to=None, packages_up_to_regex=None, packages_above=None, packages_above_and_dependencies=None, packages_above_depth=None, packages_select_by_dep=None, packages_skip_by_dep=None, packages_skip_up_to=None, packages_select_build_failed=False, packages_skip_build_finished=False, packages_select_test_failures=False, packages_skip_test_passed=False, packages_select=['meter_grasp'], packages_skip=None, packages_select_regex=None, packages_skip_regex=None, packages_start=None, packages_end=None, allow_overriding=[], cmake_args=None, cmake_target=None, cmake_target_skip_unavailable=False, cmake_clean_cache=False, cmake_clean_first=False, cmake_force_configure=False, ament_cmake_args=None, catkin_cmake_args=None, catkin_skip_building_tests=False, verb_parser=<colcon_defaults.argument_parser.defaults.DefaultArgumentsDecorator object at 0x7db6192586d0>, verb_extension=<colcon_core.verb.build.BuildVerb object at 0x7db6193d1d50>, main=<bound method BuildVerb.main of <colcon_core.verb.build.BuildVerb object at 0x7db6193d1d50>>)
[0.516s] Level 1:colcon.colcon_core.package_discovery:discover_packages(colcon_meta) check parameters
[0.517s] Level 1:colcon.colcon_core.package_discovery:discover_packages(recursive) check parameters
[0.517s] Level 1:colcon.colcon_core.package_discovery:discover_packages(ignore) check parameters
[0.517s] Level 1:colcon.colcon_core.package_discovery:discover_packages(path) check parameters
[0.517s] Level 1:colcon.colcon_core.package_discovery:discover_packages(recursive) discover
[0.517s] INFO:colcon.colcon_core.package_discovery:Crawling recursively for packages in '/home/haoran/Arm/meter_replacement/robot/src', '/home/haoran/Arm/meter_replacement/simulation/ros2'
[0.517s] Level 1:colcon.colcon_core.package_identification:_identify(src) by extensions ['ignore', 'ignore_ament_install']
[0.517s] Level 1:colcon.colcon_core.package_identification:_identify(src) by extension 'ignore'
[0.518s] Level 1:colcon.colcon_core.package_identification:_identify(src) by extension 'ignore_ament_install'
[0.518s] Level 1:colcon.colcon_core.package_identification:_identify(src) by extensions ['colcon_pkg']
[0.518s] Level 1:colcon.colcon_core.package_identification:_identify(src) by extension 'colcon_pkg'
[0.518s] Level 1:colcon.colcon_core.package_identification:_identify(src) by extensions ['colcon_meta']
[0.518s] Level 1:colcon.colcon_core.package_identification:_identify(src) by extension 'colcon_meta'
[0.518s] Level 1:colcon.colcon_core.package_identification:_identify(src) by extensions ['ros']
[0.518s] Level 1:colcon.colcon_core.package_identification:_identify(src) by extension 'ros'
[0.533s] Level 1:colcon.colcon_core.package_identification:_identify(src) by extensions ['cmake', 'python']
[0.533s] Level 1:colcon.colcon_core.package_identification:_identify(src) by extension 'cmake'
[0.533s] Level 1:colcon.colcon_core.package_identification:_identify(src) by extension 'python'
[0.533s] Level 1:colcon.colcon_core.package_identification:_identify(src) by extensions ['python_setup_py']
[0.533s] Level 1:colcon.colcon_core.package_identification:_identify(src) by extension 'python_setup_py'
[0.534s] Level 1:colcon.colcon_core.package_identification:_identify(src/cr5_description) by extensions ['ignore', 'ignore_ament_install']
[0.534s] Level 1:colcon.colcon_core.package_identification:_identify(src/cr5_description) by extension 'ignore'
[0.534s] Level 1:colcon.colcon_core.package_identification:_identify(src/cr5_description) by extension 'ignore_ament_install'
[0.534s] Level 1:colcon.colcon_core.package_identification:_identify(src/cr5_description) by extensions ['colcon_pkg']
[0.534s] Level 1:colcon.colcon_core.package_identification:_identify(src/cr5_description) by extension 'colcon_pkg'
[0.534s] Level 1:colcon.colcon_core.package_identification:_identify(src/cr5_description) by extensions ['colcon_meta']
[0.534s] Level 1:colcon.colcon_core.package_identification:_identify(src/cr5_description) by extension 'colcon_meta'
[0.535s] Level 1:colcon.colcon_core.package_identification:_identify(src/cr5_description) by extensions ['ros']
[0.535s] Level 1:colcon.colcon_core.package_identification:_identify(src/cr5_description) by extension 'ros'
[0.538s] DEBUG:colcon.colcon_core.package_identification:Package 'src/cr5_description' with type 'ros.ament_cmake' and name 'cr5_description'
[0.538s] Level 1:colcon.colcon_core.package_identification:_identify(src/cr5_moveit_config) by extensions ['ignore', 'ignore_ament_install']
[0.539s] Level 1:colcon.colcon_core.package_identification:_identify(src/cr5_moveit_config) by extension 'ignore'
[0.539s] Level 1:colcon.colcon_core.package_identification:_identify(src/cr5_moveit_config) by extension 'ignore_ament_install'
[0.539s] Level 1:colcon.colcon_core.package_identification:_identify(src/cr5_moveit_config) by extensions ['colcon_pkg']
[0.539s] Level 1:colcon.colcon_core.package_identification:_identify(src/cr5_moveit_config) by extension 'colcon_pkg'
[0.539s] Level 1:colcon.colcon_core.package_identification:_identify(src/cr5_moveit_config) by extensions ['colcon_meta']
[0.539s] Level 1:colcon.colcon_core.package_identification:_identify(src/cr5_moveit_config) by extension 'colcon_meta'
[0.539s] Level 1:colcon.colcon_core.package_identification:_identify(src/cr5_moveit_config) by extensions ['ros']
[0.539s] Level 1:colcon.colcon_core.package_identification:_identify(src/cr5_moveit_config) by extension 'ros'
[0.540s] DEBUG:colcon.colcon_core.package_identification:Package 'src/cr5_moveit_config' with type 'ros.ament_cmake' and name 'cr5_moveit_config'
[0.541s] Level 1:colcon.colcon_core.package_identification:_identify(../simulation/ros2) by extensions ['ignore', 'ignore_ament_install']
[0.541s] Level 1:colcon.colcon_core.package_identification:_identify(../simulation/ros2) by extension 'ignore'
[0.541s] Level 1:colcon.colcon_core.package_identification:_identify(../simulation/ros2) by extension 'ignore_ament_install'
[0.541s] Level 1:colcon.colcon_core.package_identification:_identify(../simulation/ros2) by extensions ['colcon_pkg']
[0.541s] Level 1:colcon.colcon_core.package_identification:_identify(../simulation/ros2) by extension 'colcon_pkg'
[0.541s] Level 1:colcon.colcon_core.package_identification:_identify(../simulation/ros2) by extensions ['colcon_meta']
[0.541s] Level 1:colcon.colcon_core.package_identification:_identify(../simulation/ros2) by extension 'colcon_meta'
[0.541s] Level 1:colcon.colcon_core.package_identification:_identify(../simulation/ros2) by extensions ['ros']
[0.541s] Level 1:colcon.colcon_core.package_identification:_identify(../simulation/ros2) by extension 'ros'
[0.541s] Level 1:colcon.colcon_core.package_identification:_identify(../simulation/ros2) by extensions ['cmake', 'python']
[0.541s] Level 1:colcon.colcon_core.package_identification:_identify(../simulation/ros2) by extension 'cmake'
[0.541s] Level 1:colcon.colcon_core.package_identification:_identify(../simulation/ros2) by extension 'python'
[0.541s] Level 1:colcon.colcon_core.package_identification:_identify(../simulation/ros2) by extensions ['python_setup_py']
[0.542s] Level 1:colcon.colcon_core.package_identification:_identify(../simulation/ros2) by extension 'python_setup_py'
[0.542s] Level 1:colcon.colcon_core.package_identification:_identify(../simulation/ros2/meter_grasp) by extensions ['ignore', 'ignore_ament_install']
[0.542s] Level 1:colcon.colcon_core.package_identification:_identify(../simulation/ros2/meter_grasp) by extension 'ignore'
[0.542s] Level 1:colcon.colcon_core.package_identification:_identify(../simulation/ros2/meter_grasp) by extension 'ignore_ament_install'
[0.542s] Level 1:colcon.colcon_core.package_identification:_identify(../simulation/ros2/meter_grasp) by extensions ['colcon_pkg']
[0.542s] Level 1:colcon.colcon_core.package_identification:_identify(../simulation/ros2/meter_grasp) by extension 'colcon_pkg'
[0.542s] Level 1:colcon.colcon_core.package_identification:_identify(../simulation/ros2/meter_grasp) by extensions ['colcon_meta']
[0.542s] Level 1:colcon.colcon_core.package_identification:_identify(../simulation/ros2/meter_grasp) by extension 'colcon_meta'
[0.542s] Level 1:colcon.colcon_core.package_identification:_identify(../simulation/ros2/meter_grasp) by extensions ['ros']
[0.542s] Level 1:colcon.colcon_core.package_identification:_identify(../simulation/ros2/meter_grasp) by extension 'ros'
[0.543s] DEBUG:colcon.colcon_core.package_identification:Package '../simulation/ros2/meter_grasp' with type 'ros.ament_python' and name 'meter_grasp'
[0.544s] Level 1:colcon.colcon_core.package_discovery:discover_packages(recursive) using defaults
[0.572s] INFO:colcon.colcon_core.package_selection:Skipping not selected package 'cr5_description' in 'src/cr5_description'
[0.572s] INFO:colcon.colcon_core.package_selection:Skipping not selected package 'cr5_moveit_config' in 'src/cr5_moveit_config'
[0.572s] Level 1:colcon.colcon_core.package_discovery:discover_packages(prefix_path) check parameters
[0.572s] Level 1:colcon.colcon_core.package_discovery:discover_packages(prefix_path) discover
[0.577s] DEBUG:colcon.colcon_installed_package_information.package_discovery:Found 362 installed packages in /opt/ros/humble
[0.591s] Level 1:colcon.colcon_core.package_discovery:discover_packages(prefix_path) using defaults
[0.634s] Level 5:colcon.colcon_core.verb:set package 'meter_grasp' build argument 'cmake_args' from command line to 'None'
[0.634s] Level 5:colcon.colcon_core.verb:set package 'meter_grasp' build argument 'cmake_target' from command line to 'None'
[0.634s] Level 5:colcon.colcon_core.verb:set package 'meter_grasp' build argument 'cmake_target_skip_unavailable' from command line to 'False'
[0.634s] Level 5:colcon.colcon_core.verb:set package 'meter_grasp' build argument 'cmake_clean_cache' from command line to 'False'
[0.634s] Level 5:colcon.colcon_core.verb:set package 'meter_grasp' build argument 'cmake_clean_first' from command line to 'False'
[0.634s] Level 5:colcon.colcon_core.verb:set package 'meter_grasp' build argument 'cmake_force_configure' from command line to 'False'
[0.634s] Level 5:colcon.colcon_core.verb:set package 'meter_grasp' build argument 'ament_cmake_args' from command line to 'None'
[0.634s] Level 5:colcon.colcon_core.verb:set package 'meter_grasp' build argument 'catkin_cmake_args' from command line to 'None'
[0.634s] Level 5:colcon.colcon_core.verb:set package 'meter_grasp' build argument 'catkin_skip_building_tests' from command line to 'False'
[0.634s] DEBUG:colcon.colcon_core.verb:Building package 'meter_grasp' with the following arguments: {'ament_cmake_args': None, 'build_base': '/home/haoran/Arm/meter_replacement/robot/build/meter_grasp', 'catkin_cmake_args': None, 'catkin_skip_building_tests': False, 'cmake_args': None, 'cmake_clean_cache': False, 'cmake_clean_first': False, 'cmake_force_configure': False, 'cmake_target': None, 'cmake_target_skip_unavailable': False, 'install_base': '/home/haoran/Arm/meter_replacement/robot/install/meter_grasp', 'merge_install': False, 'path': '/home/haoran/Arm/meter_replacement/simulation/ros2/meter_grasp', 'symlink_install': True, 'test_result_base': None}
[0.635s] INFO:colcon.colcon_core.executor:Executing jobs using 'parallel' executor
[0.636s] DEBUG:colcon.colcon_parallel_executor.executor.parallel:run_until_complete
[0.636s] INFO:colcon.colcon_ros.task.ament_python.build:Building ROS package in '/home/haoran/Arm/meter_replacement/simulation/ros2/meter_grasp' with build type 'ament_python'
[0.636s] Level 1:colcon.colcon_core.shell:create_environment_hook('meter_grasp', 'ament_prefix_path')
[0.642s] INFO:colcon.colcon_core.plugin_system:Skipping extension 'colcon_core.shell.bat': Not used on non-Windows systems
[0.642s] INFO:colcon.colcon_core.shell:Creating environment hook '/home/haoran/Arm/meter_replacement/robot/install/meter_grasp/share/meter_grasp/hook/ament_prefix_path.ps1'
[0.643s] INFO:colcon.colcon_core.shell:Creating environment descriptor '/home/haoran/Arm/meter_replacement/robot/install/meter_grasp/share/meter_grasp/hook/ament_prefix_path.dsv'
[0.644s] INFO:colcon.colcon_core.shell:Creating environment hook '/home/haoran/Arm/meter_replacement/robot/install/meter_grasp/share/meter_grasp/hook/ament_prefix_path.sh'
[0.646s] INFO:colcon.colcon_core.shell:Skip shell extension 'powershell' for command environment: Not usable outside of PowerShell
[0.646s] DEBUG:colcon.colcon_core.shell:Skip shell extension 'dsv' for command environment
[0.903s] INFO:colcon.colcon_core.task.python.build:Building Python package in '/home/haoran/Arm/meter_replacement/simulation/ros2/meter_grasp'
[0.904s] INFO:colcon.colcon_core.shell:Skip shell extension 'powershell' for command environment: Not usable outside of PowerShell
[0.904s] DEBUG:colcon.colcon_core.shell:Skip shell extension 'dsv' for command environment
[1.385s] DEBUG:colcon.colcon_core.task.python.build:Available setuptools commands: upload, easy_install, install_lib, build_py, init_catalog, symlink_data, bdist, build, install, clean, develop, install_egg_info, sdist, compile_catalog, build_ext, bdist_egg, bdist_rpm, install_scripts, build_clib, build_scripts, bdist_dumb, upload_docs, install_data, extract_messages, register, check, update_catalog, saveopts, test, install_headers, egg_info, rotate, setopt, alias, dist_info
[1.644s] DEBUG:colcon.colcon_core.task.python.build:Available setuptools 'develop' options: --local-snapshots-ok, --quiet, --force-installation-into-system-dir, --no-user-cfg, --site-dirs, --exclude-scripts, --version, --find-links, --multi-version, --upgrade, --no-find-links, --prefix, --index-url, --uninstall, --user, --editable, --egg-path, --always-copy, --help, --allow-hosts, --optimize, --install-layout, --zip-ok, --build-directory, --always-unzip, --record, --verbose, --no-deps, --dry-run, --script-dir, --install-dir
[1.649s] DEBUG:colcon.colcon_core.event_handler.log_command:Invoking command in '/home/haoran/Arm/meter_replacement/robot/build/meter_grasp': AMENT_PREFIX_PATH=/home/haoran/Arm/meter_replacement/robot/install/cr5_moveit_config:/home/haoran/Arm/meter_replacement/robot/install/cr5_description:${AMENT_PREFIX_PATH} CMAKE_PREFIX_PATH=/home/haoran/Arm/meter_replacement/robot/install/cr5_moveit_config:/home/haoran/Arm/meter_replacement/robot/install/cr5_description CONDA_PROMPT_MODIFIER=(base) PYTHONPATH=/home/haoran/Arm/meter_replacement/robot/build/meter_grasp/prefix_override:/usr/lib/python3/dist-packages/colcon_core/task/python/colcon_distutils_commands:/home/haoran/Arm/meter_replacement/robot/install/meter_grasp/lib/python3.10/site-packages:${PYTHONPATH} /usr/bin/python3 -W ignore:setup.py install is deprecated -W ignore:easy_install command is deprecated setup.py develop --editable --build-directory /home/haoran/Arm/meter_replacement/robot/build/meter_grasp/build --no-deps symlink_data
[2.075s] Level 1:colcon.colcon_core.shell:create_environment_hook('meter_grasp', 'pythonpath_develop')
[2.076s] DEBUG:colcon.colcon_core.event_handler.log_command:Invoked command in '/home/haoran/Arm/meter_replacement/robot/build/meter_grasp' returned '0': AMENT_PREFIX_PATH=/home/haoran/Arm/meter_replacement/robot/install/cr5_moveit_config:/home/haoran/Arm/meter_replacement/robot/install/cr5_description:${AMENT_PREFIX_PATH} CMAKE_PREFIX_PATH=/home/haoran/Arm/meter_replacement/robot/install/cr5_moveit_config:/home/haoran/Arm/meter_replacement/robot/install/cr5_description CONDA_PROMPT_MODIFIER=(base) PYTHONPATH=/home/haoran/Arm/meter_replacement/robot/build/meter_grasp/prefix_override:/usr/lib/python3/dist-packages/colcon_core/task/python/colcon_distutils_commands:/home/haoran/Arm/meter_replacement/robot/install/meter_grasp/lib/python3.10/site-packages:${PYTHONPATH} /usr/bin/python3 -W ignore:setup.py install is deprecated -W ignore:easy_install command is deprecated setup.py develop --editable --build-directory /home/haoran/Arm/meter_replacement/robot/build/meter_grasp/build --no-deps symlink_data
[2.076s] INFO:colcon.colcon_core.shell:Creating environment hook '/home/haoran/Arm/meter_replacement/robot/build/meter_grasp/share/meter_grasp/hook/pythonpath_develop.ps1'
[2.078s] INFO:colcon.colcon_core.shell:Creating environment descriptor '/home/haoran/Arm/meter_replacement/robot/build/meter_grasp/share/meter_grasp/hook/pythonpath_develop.dsv'
[2.079s] INFO:colcon.colcon_core.shell:Creating environment hook '/home/haoran/Arm/meter_replacement/robot/build/meter_grasp/share/meter_grasp/hook/pythonpath_develop.sh'
[2.086s] Level 1:colcon.colcon_core.environment:checking '/home/haoran/Arm/meter_replacement/robot/install/meter_grasp' for CMake module files
[2.087s] Level 1:colcon.colcon_core.environment:checking '/home/haoran/Arm/meter_replacement/robot/install/meter_grasp' for CMake config files
[2.088s] Level 1:colcon.colcon_core.environment:checking '/home/haoran/Arm/meter_replacement/robot/install/meter_grasp/lib'
[2.088s] Level 1:colcon.colcon_core.environment:checking '/home/haoran/Arm/meter_replacement/robot/install/meter_grasp/bin'
[2.088s] Level 1:colcon.colcon_core.environment:checking '/home/haoran/Arm/meter_replacement/robot/install/meter_grasp/lib/pkgconfig/meter_grasp.pc'
[2.089s] Level 1:colcon.colcon_core.environment:checking '/home/haoran/Arm/meter_replacement/robot/install/meter_grasp/lib/python3.10/site-packages'
[2.089s] Level 1:colcon.colcon_core.shell:create_environment_hook('meter_grasp', 'pythonpath')
[2.089s] INFO:colcon.colcon_core.shell:Creating environment hook '/home/haoran/Arm/meter_replacement/robot/install/meter_grasp/share/meter_grasp/hook/pythonpath.ps1'
[2.090s] INFO:colcon.colcon_core.shell:Creating environment descriptor '/home/haoran/Arm/meter_replacement/robot/install/meter_grasp/share/meter_grasp/hook/pythonpath.dsv'
[2.091s] INFO:colcon.colcon_core.shell:Creating environment hook '/home/haoran/Arm/meter_replacement/robot/install/meter_grasp/share/meter_grasp/hook/pythonpath.sh'
[2.091s] Level 1:colcon.colcon_core.environment:checking '/home/haoran/Arm/meter_replacement/robot/install/meter_grasp/bin'
[2.091s] Level 1:colcon.colcon_core.environment:create_environment_scripts_only(meter_grasp)
[2.092s] INFO:colcon.colcon_core.shell:Creating package script '/home/haoran/Arm/meter_replacement/robot/install/meter_grasp/share/meter_grasp/package.ps1'
[2.093s] INFO:colcon.colcon_core.shell:Creating package descriptor '/home/haoran/Arm/meter_replacement/robot/install/meter_grasp/share/meter_grasp/package.dsv'
[2.094s] INFO:colcon.colcon_core.shell:Creating package script '/home/haoran/Arm/meter_replacement/robot/install/meter_grasp/share/meter_grasp/package.sh'
[2.095s] INFO:colcon.colcon_core.shell:Creating package script '/home/haoran/Arm/meter_replacement/robot/install/meter_grasp/share/meter_grasp/package.bash'
[2.096s] INFO:colcon.colcon_core.shell:Creating package script '/home/haoran/Arm/meter_replacement/robot/install/meter_grasp/share/meter_grasp/package.zsh'
[2.098s] Level 1:colcon.colcon_core.environment:create_file_with_runtime_dependencies(/home/haoran/Arm/meter_replacement/robot/install/meter_grasp/share/colcon-core/packages/meter_grasp)
[2.099s] DEBUG:colcon.colcon_parallel_executor.executor.parallel:closing loop
[2.099s] DEBUG:colcon.colcon_parallel_executor.executor.parallel:loop closed
[2.099s] DEBUG:colcon.colcon_parallel_executor.executor.parallel:run_until_complete finished with '0'
[2.099s] DEBUG:colcon.colcon_core.event_reactor:joining thread
[2.110s] INFO:colcon.colcon_core.plugin_system:Skipping extension 'colcon_notification.desktop_notification.terminal_notifier': Not used on non-Darwin systems
[2.110s] INFO:colcon.colcon_core.plugin_system:Skipping extension 'colcon_notification.desktop_notification.win32': Not used on non-Windows systems
[2.110s] INFO:colcon.colcon_notification.desktop_notification:Sending desktop notification using 'notify2'
[2.110s] DEBUG:colcon.colcon_notification.desktop_notification.notify2:Failed to initialize notify2: org.freedesktop.DBus.Error.AccessDenied: Failed to connect to socket /run/user/1000/bus: Operation not permitted
[2.110s] DEBUG:colcon.colcon_core.event_reactor:joined thread
[2.111s] INFO:colcon.colcon_core.shell:Creating prefix script '/home/haoran/Arm/meter_replacement/robot/install/local_setup.ps1'
[2.112s] INFO:colcon.colcon_core.shell:Creating prefix util module '/home/haoran/Arm/meter_replacement/robot/install/_local_setup_util_ps1.py'
[2.114s] INFO:colcon.colcon_core.shell:Creating prefix chain script '/home/haoran/Arm/meter_replacement/robot/install/setup.ps1'
[2.115s] INFO:colcon.colcon_core.shell:Creating prefix script '/home/haoran/Arm/meter_replacement/robot/install/local_setup.sh'
[2.116s] INFO:colcon.colcon_core.shell:Creating prefix util module '/home/haoran/Arm/meter_replacement/robot/install/_local_setup_util_sh.py'
[2.117s] INFO:colcon.colcon_core.shell:Creating prefix chain script '/home/haoran/Arm/meter_replacement/robot/install/setup.sh'
[2.118s] INFO:colcon.colcon_core.shell:Creating prefix script '/home/haoran/Arm/meter_replacement/robot/install/local_setup.bash'
[2.119s] INFO:colcon.colcon_core.shell:Creating prefix chain script '/home/haoran/Arm/meter_replacement/robot/install/setup.bash'
[2.120s] INFO:colcon.colcon_core.shell:Creating prefix script '/home/haoran/Arm/meter_replacement/robot/install/local_setup.zsh'
[2.120s] INFO:colcon.colcon_core.shell:Creating prefix chain script '/home/haoran/Arm/meter_replacement/robot/install/setup.zsh'
