[0.149s] DEBUG:colcon:Command line arguments: ['/usr/bin/colcon', 'build', '--base-paths', 'simulation/ros2', '--packages-select', 'meter_grasp', '--symlink-install']
[0.149s] DEBUG:colcon:Parsed command line arguments: Namespace(log_base=None, log_level=None, verb_name='build', build_base='build', install_base='install', merge_install=False, symlink_install=True, test_result_base=None, continue_on_error=False, executor='parallel', parallel_workers=4, event_handlers=None, ignore_user_meta=False, metas=['./colcon.meta'], base_paths=['simulation/ros2'], packages_ignore=None, packages_ignore_regex=None, paths=None, packages_up_to=None, packages_up_to_regex=None, packages_above=None, packages_above_and_dependencies=None, packages_above_depth=None, packages_select_by_dep=None, packages_skip_by_dep=None, packages_skip_up_to=None, packages_select_build_failed=False, packages_skip_build_finished=False, packages_select_test_failures=False, packages_skip_test_passed=False, packages_select=['meter_grasp'], packages_skip=None, packages_select_regex=None, packages_skip_regex=None, packages_start=None, packages_end=None, allow_overriding=[], cmake_args=None, cmake_target=None, cmake_target_skip_unavailable=False, cmake_clean_cache=False, cmake_clean_first=False, cmake_force_configure=False, ament_cmake_args=None, catkin_cmake_args=None, catkin_skip_building_tests=False, verb_parser=<colcon_defaults.argument_parser.defaults.DefaultArgumentsDecorator object at 0x7e3e613586d0>, verb_extension=<colcon_core.verb.build.BuildVerb object at 0x7e3e614d5d50>, main=<bound method BuildVerb.main of <colcon_core.verb.build.BuildVerb object at 0x7e3e614d5d50>>)
[0.339s] Level 1:colcon.colcon_core.package_discovery:discover_packages(colcon_meta) check parameters
[0.339s] Level 1:colcon.colcon_core.package_discovery:discover_packages(recursive) check parameters
[0.339s] Level 1:colcon.colcon_core.package_discovery:discover_packages(ignore) check parameters
[0.339s] Level 1:colcon.colcon_core.package_discovery:discover_packages(path) check parameters
[0.339s] Level 1:colcon.colcon_core.package_discovery:discover_packages(recursive) discover
[0.340s] INFO:colcon.colcon_core.package_discovery:Crawling recursively for packages in '/home/haoran/Arm/meter_replacement/simulation/ros2'
[0.340s] Level 1:colcon.colcon_core.package_identification:_identify(simulation/ros2) by extensions ['ignore', 'ignore_ament_install']
[0.340s] Level 1:colcon.colcon_core.package_identification:_identify(simulation/ros2) by extension 'ignore'
[0.340s] Level 1:colcon.colcon_core.package_identification:_identify(simulation/ros2) by extension 'ignore_ament_install'
[0.340s] Level 1:colcon.colcon_core.package_identification:_identify(simulation/ros2) by extensions ['colcon_pkg']
[0.340s] Level 1:colcon.colcon_core.package_identification:_identify(simulation/ros2) by extension 'colcon_pkg'
[0.340s] Level 1:colcon.colcon_core.package_identification:_identify(simulation/ros2) by extensions ['colcon_meta']
[0.340s] Level 1:colcon.colcon_core.package_identification:_identify(simulation/ros2) by extension 'colcon_meta'
[0.340s] Level 1:colcon.colcon_core.package_identification:_identify(simulation/ros2) by extensions ['ros']
[0.340s] Level 1:colcon.colcon_core.package_identification:_identify(simulation/ros2) by extension 'ros'
[0.352s] Level 1:colcon.colcon_core.package_identification:_identify(simulation/ros2) by extensions ['cmake', 'python']
[0.352s] Level 1:colcon.colcon_core.package_identification:_identify(simulation/ros2) by extension 'cmake'
[0.352s] Level 1:colcon.colcon_core.package_identification:_identify(simulation/ros2) by extension 'python'
[0.353s] Level 1:colcon.colcon_core.package_identification:_identify(simulation/ros2) by extensions ['python_setup_py']
[0.353s] Level 1:colcon.colcon_core.package_identification:_identify(simulation/ros2) by extension 'python_setup_py'
[0.353s] Level 1:colcon.colcon_core.package_identification:_identify(simulation/ros2/meter_grasp) by extensions ['ignore', 'ignore_ament_install']
[0.353s] Level 1:colcon.colcon_core.package_identification:_identify(simulation/ros2/meter_grasp) by extension 'ignore'
[0.353s] Level 1:colcon.colcon_core.package_identification:_identify(simulation/ros2/meter_grasp) by extension 'ignore_ament_install'
[0.353s] Level 1:colcon.colcon_core.package_identification:_identify(simulation/ros2/meter_grasp) by extensions ['colcon_pkg']
[0.353s] Level 1:colcon.colcon_core.package_identification:_identify(simulation/ros2/meter_grasp) by extension 'colcon_pkg'
[0.353s] Level 1:colcon.colcon_core.package_identification:_identify(simulation/ros2/meter_grasp) by extensions ['colcon_meta']
[0.353s] Level 1:colcon.colcon_core.package_identification:_identify(simulation/ros2/meter_grasp) by extension 'colcon_meta'
[0.353s] Level 1:colcon.colcon_core.package_identification:_identify(simulation/ros2/meter_grasp) by extensions ['ros']
[0.353s] Level 1:colcon.colcon_core.package_identification:_identify(simulation/ros2/meter_grasp) by extension 'ros'
[0.356s] DEBUG:colcon.colcon_core.package_identification:Package 'simulation/ros2/meter_grasp' with type 'ros.ament_python' and name 'meter_grasp'
[0.356s] Level 1:colcon.colcon_core.package_discovery:discover_packages(recursive) using defaults
[0.379s] Level 1:colcon.colcon_core.package_discovery:discover_packages(prefix_path) check parameters
[0.379s] Level 1:colcon.colcon_core.package_discovery:discover_packages(prefix_path) discover
[0.382s] DEBUG:colcon.colcon_installed_package_information.package_discovery:Found 362 installed packages in /opt/ros/humble
[0.405s] Level 1:colcon.colcon_core.package_discovery:discover_packages(prefix_path) using defaults
[0.460s] Level 5:colcon.colcon_core.verb:set package 'meter_grasp' build argument 'cmake_args' from command line to 'None'
[0.461s] Level 5:colcon.colcon_core.verb:set package 'meter_grasp' build argument 'cmake_target' from command line to 'None'
[0.461s] Level 5:colcon.colcon_core.verb:set package 'meter_grasp' build argument 'cmake_target_skip_unavailable' from command line to 'False'
[0.461s] Level 5:colcon.colcon_core.verb:set package 'meter_grasp' build argument 'cmake_clean_cache' from command line to 'False'
[0.461s] Level 5:colcon.colcon_core.verb:set package 'meter_grasp' build argument 'cmake_clean_first' from command line to 'False'
[0.461s] Level 5:colcon.colcon_core.verb:set package 'meter_grasp' build argument 'cmake_force_configure' from command line to 'False'
[0.461s] Level 5:colcon.colcon_core.verb:set package 'meter_grasp' build argument 'ament_cmake_args' from command line to 'None'
[0.461s] Level 5:colcon.colcon_core.verb:set package 'meter_grasp' build argument 'catkin_cmake_args' from command line to 'None'
[0.461s] Level 5:colcon.colcon_core.verb:set package 'meter_grasp' build argument 'catkin_skip_building_tests' from command line to 'False'
[0.461s] DEBUG:colcon.colcon_core.verb:Building package 'meter_grasp' with the following arguments: {'ament_cmake_args': None, 'build_base': '/home/haoran/Arm/meter_replacement/build/meter_grasp', 'catkin_cmake_args': None, 'catkin_skip_building_tests': False, 'cmake_args': None, 'cmake_clean_cache': False, 'cmake_clean_first': False, 'cmake_force_configure': False, 'cmake_target': None, 'cmake_target_skip_unavailable': False, 'install_base': '/home/haoran/Arm/meter_replacement/install/meter_grasp', 'merge_install': False, 'path': '/home/haoran/Arm/meter_replacement/simulation/ros2/meter_grasp', 'symlink_install': True, 'test_result_base': None}
[0.461s] INFO:colcon.colcon_core.executor:Executing jobs using 'parallel' executor
[0.463s] DEBUG:colcon.colcon_parallel_executor.executor.parallel:run_until_complete
[0.463s] INFO:colcon.colcon_ros.task.ament_python.build:Building ROS package in '/home/haoran/Arm/meter_replacement/simulation/ros2/meter_grasp' with build type 'ament_python'
[0.464s] Level 1:colcon.colcon_core.shell:create_environment_hook('meter_grasp', 'ament_prefix_path')
[0.466s] INFO:colcon.colcon_core.plugin_system:Skipping extension 'colcon_core.shell.bat': Not used on non-Windows systems
[0.466s] INFO:colcon.colcon_core.shell:Creating environment hook '/home/haoran/Arm/meter_replacement/install/meter_grasp/share/meter_grasp/hook/ament_prefix_path.ps1'
[0.468s] INFO:colcon.colcon_core.shell:Creating environment descriptor '/home/haoran/Arm/meter_replacement/install/meter_grasp/share/meter_grasp/hook/ament_prefix_path.dsv'
[0.469s] INFO:colcon.colcon_core.shell:Creating environment hook '/home/haoran/Arm/meter_replacement/install/meter_grasp/share/meter_grasp/hook/ament_prefix_path.sh'
[0.470s] INFO:colcon.colcon_core.shell:Skip shell extension 'powershell' for command environment: Not usable outside of PowerShell
[0.470s] DEBUG:colcon.colcon_core.shell:Skip shell extension 'dsv' for command environment
[0.812s] INFO:colcon.colcon_core.task.python.build:Building Python package in '/home/haoran/Arm/meter_replacement/simulation/ros2/meter_grasp'
[0.812s] INFO:colcon.colcon_core.shell:Skip shell extension 'powershell' for command environment: Not usable outside of PowerShell
[0.812s] DEBUG:colcon.colcon_core.shell:Skip shell extension 'dsv' for command environment
[60.523s] DEBUG:colcon.colcon_core.task.python.build:Available setuptools commands: bdist_rpm, install_egg_info, clean, dist_info, bdist_egg, test, build_scripts, install_scripts, check, bdist, egg_info, init_catalog, install_headers, symlink_data, compile_catalog, update_catalog, build_ext, build_py, easy_install, rotate, install, extract_messages, install_data, upload_docs, install_lib, setopt, upload, bdist_dumb, build, register, sdist, develop, alias, saveopts, build_clib
[90.554s] DEBUG:colcon.colcon_core.task.python.build:Available setuptools 'develop' options: --no-find-links, --quiet, --prefix, --version, --dry-run, --build-directory, --egg-path, --local-snapshots-ok, --optimize, --editable, --always-copy, --site-dirs, --no-deps, --no-user-cfg, --uninstall, --install-layout, --upgrade, --script-dir, --find-links, --always-unzip, --zip-ok, --verbose, --record, --multi-version, --exclude-scripts, --install-dir, --help, --allow-hosts, --index-url, --user, --force-installation-into-system-dir
[90.570s] DEBUG:colcon.colcon_core.event_handler.log_command:Invoking command in '/home/haoran/Arm/meter_replacement/build/meter_grasp': CONDA_PROMPT_MODIFIER=(base) PYTHONPATH=/home/haoran/Arm/meter_replacement/build/meter_grasp/prefix_override:/usr/lib/python3/dist-packages/colcon_core/task/python/colcon_distutils_commands:/home/haoran/Arm/meter_replacement/install/meter_grasp/lib/python3.10/site-packages:${PYTHONPATH} /usr/bin/python3 -W ignore:setup.py install is deprecated -W ignore:easy_install command is deprecated setup.py develop --editable --build-directory /home/haoran/Arm/meter_replacement/build/meter_grasp/build --no-deps symlink_data
[91.343s] Level 1:colcon.colcon_core.shell:create_environment_hook('meter_grasp', 'pythonpath_develop')
[91.344s] INFO:colcon.colcon_core.shell:Creating environment hook '/home/haoran/Arm/meter_replacement/build/meter_grasp/share/meter_grasp/hook/pythonpath_develop.ps1'
[91.344s] DEBUG:colcon.colcon_core.event_handler.log_command:Invoked command in '/home/haoran/Arm/meter_replacement/build/meter_grasp' returned '0': CONDA_PROMPT_MODIFIER=(base) PYTHONPATH=/home/haoran/Arm/meter_replacement/build/meter_grasp/prefix_override:/usr/lib/python3/dist-packages/colcon_core/task/python/colcon_distutils_commands:/home/haoran/Arm/meter_replacement/install/meter_grasp/lib/python3.10/site-packages:${PYTHONPATH} /usr/bin/python3 -W ignore:setup.py install is deprecated -W ignore:easy_install command is deprecated setup.py develop --editable --build-directory /home/haoran/Arm/meter_replacement/build/meter_grasp/build --no-deps symlink_data
[91.346s] INFO:colcon.colcon_core.shell:Creating environment descriptor '/home/haoran/Arm/meter_replacement/build/meter_grasp/share/meter_grasp/hook/pythonpath_develop.dsv'
[91.347s] INFO:colcon.colcon_core.shell:Creating environment hook '/home/haoran/Arm/meter_replacement/build/meter_grasp/share/meter_grasp/hook/pythonpath_develop.sh'
[91.355s] Level 1:colcon.colcon_core.environment:checking '/home/haoran/Arm/meter_replacement/install/meter_grasp' for CMake module files
[91.356s] Level 1:colcon.colcon_core.environment:checking '/home/haoran/Arm/meter_replacement/install/meter_grasp' for CMake config files
[91.358s] Level 1:colcon.colcon_core.environment:checking '/home/haoran/Arm/meter_replacement/install/meter_grasp/lib'
[91.358s] Level 1:colcon.colcon_core.environment:checking '/home/haoran/Arm/meter_replacement/install/meter_grasp/bin'
[91.359s] Level 1:colcon.colcon_core.environment:checking '/home/haoran/Arm/meter_replacement/install/meter_grasp/lib/pkgconfig/meter_grasp.pc'
[91.359s] Level 1:colcon.colcon_core.environment:checking '/home/haoran/Arm/meter_replacement/install/meter_grasp/lib/python3.10/site-packages'
[91.359s] Level 1:colcon.colcon_core.shell:create_environment_hook('meter_grasp', 'pythonpath')
[91.359s] INFO:colcon.colcon_core.shell:Creating environment hook '/home/haoran/Arm/meter_replacement/install/meter_grasp/share/meter_grasp/hook/pythonpath.ps1'
[91.360s] INFO:colcon.colcon_core.shell:Creating environment descriptor '/home/haoran/Arm/meter_replacement/install/meter_grasp/share/meter_grasp/hook/pythonpath.dsv'
[91.361s] INFO:colcon.colcon_core.shell:Creating environment hook '/home/haoran/Arm/meter_replacement/install/meter_grasp/share/meter_grasp/hook/pythonpath.sh'
[91.363s] Level 1:colcon.colcon_core.environment:checking '/home/haoran/Arm/meter_replacement/install/meter_grasp/bin'
[91.363s] Level 1:colcon.colcon_core.environment:create_environment_scripts_only(meter_grasp)
[91.364s] INFO:colcon.colcon_core.shell:Creating package script '/home/haoran/Arm/meter_replacement/install/meter_grasp/share/meter_grasp/package.ps1'
[91.367s] INFO:colcon.colcon_core.shell:Creating package descriptor '/home/haoran/Arm/meter_replacement/install/meter_grasp/share/meter_grasp/package.dsv'
[91.369s] INFO:colcon.colcon_core.shell:Creating package script '/home/haoran/Arm/meter_replacement/install/meter_grasp/share/meter_grasp/package.sh'
[91.371s] INFO:colcon.colcon_core.shell:Creating package script '/home/haoran/Arm/meter_replacement/install/meter_grasp/share/meter_grasp/package.bash'
[91.373s] INFO:colcon.colcon_core.shell:Creating package script '/home/haoran/Arm/meter_replacement/install/meter_grasp/share/meter_grasp/package.zsh'
[91.375s] Level 1:colcon.colcon_core.environment:create_file_with_runtime_dependencies(/home/haoran/Arm/meter_replacement/install/meter_grasp/share/colcon-core/packages/meter_grasp)
[91.376s] DEBUG:colcon.colcon_parallel_executor.executor.parallel:closing loop
[91.377s] DEBUG:colcon.colcon_parallel_executor.executor.parallel:loop closed
[91.377s] DEBUG:colcon.colcon_parallel_executor.executor.parallel:run_until_complete finished with '0'
[91.377s] DEBUG:colcon.colcon_core.event_reactor:joining thread
[91.386s] INFO:colcon.colcon_core.plugin_system:Skipping extension 'colcon_notification.desktop_notification.terminal_notifier': Not used on non-Darwin systems
[91.386s] INFO:colcon.colcon_core.plugin_system:Skipping extension 'colcon_notification.desktop_notification.win32': Not used on non-Windows systems
[91.386s] INFO:colcon.colcon_notification.desktop_notification:Sending desktop notification using 'notify2'
[91.387s] DEBUG:colcon.colcon_notification.desktop_notification.notify2:Failed to initialize notify2: org.freedesktop.DBus.Error.AccessDenied: Failed to connect to socket /run/user/1000/bus: Operation not permitted
[91.387s] DEBUG:colcon.colcon_core.event_reactor:joined thread
[91.387s] INFO:colcon.colcon_core.shell:Creating prefix script '/home/haoran/Arm/meter_replacement/install/local_setup.ps1'
[91.388s] INFO:colcon.colcon_core.shell:Creating prefix util module '/home/haoran/Arm/meter_replacement/install/_local_setup_util_ps1.py'
[91.390s] INFO:colcon.colcon_core.shell:Creating prefix chain script '/home/haoran/Arm/meter_replacement/install/setup.ps1'
[91.392s] INFO:colcon.colcon_core.shell:Creating prefix script '/home/haoran/Arm/meter_replacement/install/local_setup.sh'
[91.393s] INFO:colcon.colcon_core.shell:Creating prefix util module '/home/haoran/Arm/meter_replacement/install/_local_setup_util_sh.py'
[91.393s] INFO:colcon.colcon_core.shell:Creating prefix chain script '/home/haoran/Arm/meter_replacement/install/setup.sh'
[91.395s] INFO:colcon.colcon_core.shell:Creating prefix script '/home/haoran/Arm/meter_replacement/install/local_setup.bash'
[91.396s] INFO:colcon.colcon_core.shell:Creating prefix chain script '/home/haoran/Arm/meter_replacement/install/setup.bash'
[91.398s] INFO:colcon.colcon_core.shell:Creating prefix script '/home/haoran/Arm/meter_replacement/install/local_setup.zsh'
[91.400s] INFO:colcon.colcon_core.shell:Creating prefix chain script '/home/haoran/Arm/meter_replacement/install/setup.zsh'
