[0.925s] Invoking command in '/home/haoran/Arm/meter_replacement/robot/build/meter_grasp': CONDA_PROMPT_MODIFIER=(base) PYTHONPATH=/home/haoran/Arm/meter_replacement/robot/build/meter_grasp/prefix_override:/usr/lib/python3/dist-packages/colcon_core/task/python/colcon_distutils_commands:/home/haoran/Arm/meter_replacement/robot/install/meter_grasp/lib/python3.10/site-packages:${PYTHONPATH} /usr/bin/python3 -W ignore:setup.py install is deprecated -W ignore:easy_install command is deprecated setup.py develop --editable --build-directory /home/haoran/Arm/meter_replacement/robot/build/meter_grasp/build --no-deps symlink_data
[1.147s] running develop
[1.282s] running egg_info
[1.282s] writing meter_grasp.egg-info/PKG-INFO
[1.283s] writing dependency_links to meter_grasp.egg-info/dependency_links.txt
[1.283s] writing entry points to meter_grasp.egg-info/entry_points.txt
[1.285s] writing requirements to meter_grasp.egg-info/requires.txt
[1.285s] writing top-level names to meter_grasp.egg-info/top_level.txt
[1.287s] reading manifest file 'meter_grasp.egg-info/SOURCES.txt'
[1.288s] writing manifest file 'meter_grasp.egg-info/SOURCES.txt'
[1.289s] running build_ext
[1.289s] Creating /home/haoran/Arm/meter_replacement/robot/install/meter_grasp/lib/python3.10/site-packages/meter-grasp.egg-link (link to .)
[1.290s] Installing add_meter_collision script to /home/haoran/Arm/meter_replacement/robot/install/meter_grasp/lib/meter_grasp
[1.291s] Installing attach_meter script to /home/haoran/Arm/meter_replacement/robot/install/meter_grasp/lib/meter_grasp
[1.291s] Installing detach_meter script to /home/haoran/Arm/meter_replacement/robot/install/meter_grasp/lib/meter_grasp
[1.291s] Installing run_meter_grasp script to /home/haoran/Arm/meter_replacement/robot/install/meter_grasp/lib/meter_grasp
[1.291s] Installing run_meter_remove script to /home/haoran/Arm/meter_replacement/robot/install/meter_grasp/lib/meter_grasp
[1.292s] Installing run_pick_sequence script to /home/haoran/Arm/meter_replacement/robot/install/meter_grasp/lib/meter_grasp
[1.292s] Installing show_meter_cad script to /home/haoran/Arm/meter_replacement/robot/install/meter_grasp/lib/meter_grasp
[1.292s] Installing show_meter_slots script to /home/haoran/Arm/meter_replacement/robot/install/meter_grasp/lib/meter_grasp
[1.292s] 
[1.293s] Installed /home/haoran/Arm/meter_replacement/robot/build/meter_grasp
[1.293s] running symlink_data
[30.019s] Invoked command in '/home/haoran/Arm/meter_replacement/robot/build/meter_grasp' returned '0': CONDA_PROMPT_MODIFIER=(base) PYTHONPATH=/home/haoran/Arm/meter_replacement/robot/build/meter_grasp/prefix_override:/usr/lib/python3/dist-packages/colcon_core/task/python/colcon_distutils_commands:/home/haoran/Arm/meter_replacement/robot/install/meter_grasp/lib/python3.10/site-packages:${PYTHONPATH} /usr/bin/python3 -W ignore:setup.py install is deprecated -W ignore:easy_install command is deprecated setup.py develop --editable --build-directory /home/haoran/Arm/meter_replacement/robot/build/meter_grasp/build --no-deps symlink_data
