[30.034s] Invoking command in '/home/haoran/Arm/meter_replacement/robot/build/cr5_description': CMAKE_PREFIX_PATH=/opt/ros/humble CONDA_PROMPT_MODIFIER=(base) /usr/bin/cmake /home/haoran/Arm/meter_replacement/robot/src/cr5_description -DAMENT_CMAKE_SYMLINK_INSTALL=1 -DCMAKE_INSTALL_PREFIX=/home/haoran/Arm/meter_replacement/robot/install/cr5_description
[30.097s] -- The C compiler identification is GNU 11.4.0
[30.148s] -- The CXX compiler identification is GNU 11.4.0
[30.157s] -- Detecting C compiler ABI info
[30.235s] -- Detecting C compiler ABI info - done
[30.241s] -- Check for working C compiler: /usr/bin/cc - skipped
[30.243s] -- Detecting C compile features
[30.243s] -- Detecting C compile features - done
[30.245s] -- Detecting CXX compiler ABI info
[30.329s] -- Detecting CXX compiler ABI info - done
[30.337s] -- Check for working CXX compiler: /usr/bin/c++ - skipped
[30.337s] -- Detecting CXX compile features
[30.338s] -- Detecting CXX compile features - done
[30.338s] -- Found ament_cmake: 1.3.14 (/opt/ros/humble/share/ament_cmake/cmake)
[30.474s] -- Found Python3: /usr/bin/python3 (found version "3.10.12") found components: Interpreter 
[30.531s] -- Override CMake install command with custom implementation using symlinks instead of copying resources
[30.552s] -- Found ament_lint_auto: 0.12.15 (/opt/ros/humble/share/ament_lint_auto/cmake)
[30.634s] -- Added test 'flake8' to check Python code syntax and style conventions
[30.636s] -- Added test 'lint_cmake' to check CMake code style
[30.636s] -- Added test 'pep257' to check Python code against some of the docstring style conventions in PEP 257
[30.638s] -- Added test 'xmllint' to check XML markup files
[30.641s] -- Configuring done
[30.645s] -- Generating done
[30.648s] -- Build files have been written to: /home/haoran/Arm/meter_replacement/robot/build/cr5_description
[30.653s] Invoked command in '/home/haoran/Arm/meter_replacement/robot/build/cr5_description' returned '0': CMAKE_PREFIX_PATH=/opt/ros/humble CONDA_PROMPT_MODIFIER=(base) /usr/bin/cmake /home/haoran/Arm/meter_replacement/robot/src/cr5_description -DAMENT_CMAKE_SYMLINK_INSTALL=1 -DCMAKE_INSTALL_PREFIX=/home/haoran/Arm/meter_replacement/robot/install/cr5_description
[30.654s] Invoking command in '/home/haoran/Arm/meter_replacement/robot/build/cr5_description': CMAKE_PREFIX_PATH=/opt/ros/humble CONDA_PROMPT_MODIFIER=(base) /usr/bin/cmake --build /home/haoran/Arm/meter_replacement/robot/build/cr5_description -- -j4 -l4
