[0.148s] DEBUG:colcon:Command line arguments: ['/usr/bin/colcon', '--log-base', 'robot/log', 'build', '--base-paths', 'robot/src', 'simulation/ros2', '--packages-up-to', 'meter_grasp', '--symlink-install', '--build-base', 'robot/build', '--install-base', 'robot/install']
[0.148s] DEBUG:colcon:Parsed command line arguments: Namespace(log_base='robot/log', log_level=None, verb_name='build', build_base='/home/haoran/Arm/meter_replacement/robot/build', install_base='/home/haoran/Arm/meter_replacement/robot/install', merge_install=False, symlink_install=True, test_result_base=None, continue_on_error=False, executor='parallel', parallel_workers=4, event_handlers=None, ignore_user_meta=False, metas=['./colcon.meta'], base_paths=['robot/src', 'simulation/ros2'], packages_ignore=None, packages_ignore_regex=None, paths=None, packages_up_to=['meter_grasp'], packages_up_to_regex=None, packages_above=None, packages_above_and_dependencies=None, packages_above_depth=None, packages_select_by_dep=None, packages_skip_by_dep=None, packages_skip_up_to=None, packages_select_build_failed=False, packages_skip_build_finished=False, packages_select_test_failures=False, packages_skip_test_passed=False, packages_select=None, packages_skip=None, packages_select_regex=None, packages_skip_regex=None, packages_start=None, packages_end=None, allow_overriding=[], cmake_args=None, cmake_target=None, cmake_target_skip_unavailable=False, cmake_clean_cache=False, cmake_clean_first=False, cmake_force_configure=False, ament_cmake_args=None, catkin_cmake_args=None, catkin_skip_building_tests=False, verb_parser=<colcon_defaults.argument_parser.defaults.DefaultArgumentsDecorator object at 0x7e53d6b58c10>, verb_extension=<colcon_core.verb.build.BuildVerb object at 0x7e53d6cce260>, main=<bound method BuildVerb.main of <colcon_core.verb.build.BuildVerb object at 0x7e53d6cce260>>)
[0.297s] Level 1:colcon.colcon_core.package_discovery:discover_packages(colcon_meta) check parameters
[0.297s] Level 1:colcon.colcon_core.package_discovery:discover_packages(recursive) check parameters
[0.297s] Level 1:colcon.colcon_core.package_discovery:discover_packages(ignore) check parameters
[0.297s] Level 1:colcon.colcon_core.package_discovery:discover_packages(path) check parameters
[0.297s] Level 1:colcon.colcon_core.package_discovery:discover_packages(recursive) discover
[0.298s] INFO:colcon.colcon_core.package_discovery:Crawling recursively for packages in '/home/haoran/Arm/meter_replacement/robot/src', '/home/haoran/Arm/meter_replacement/simulation/ros2'
[0.298s] Level 1:colcon.colcon_core.package_identification:_identify(robot/src) by extensions ['ignore', 'ignore_ament_install']
[0.298s] Level 1:colcon.colcon_core.package_identification:_identify(robot/src) by extension 'ignore'
[0.298s] Level 1:colcon.colcon_core.package_identification:_identify(robot/src) by extension 'ignore_ament_install'
[0.298s] Level 1:colcon.colcon_core.package_identification:_identify(robot/src) by extensions ['colcon_pkg']
[0.298s] Level 1:colcon.colcon_core.package_identification:_identify(robot/src) by extension 'colcon_pkg'
[0.298s] Level 1:colcon.colcon_core.package_identification:_identify(robot/src) by extensions ['colcon_meta']
[0.298s] Level 1:colcon.colcon_core.package_identification:_identify(robot/src) by extension 'colcon_meta'
[0.298s] Level 1:colcon.colcon_core.package_identification:_identify(robot/src) by extensions ['ros']
[0.298s] Level 1:colcon.colcon_core.package_identification:_identify(robot/src) by extension 'ros'
[0.310s] Level 1:colcon.colcon_core.package_identification:_identify(robot/src) by extensions ['cmake', 'python']
[0.310s] Level 1:colcon.colcon_core.package_identification:_identify(robot/src) by extension 'cmake'
[0.310s] Level 1:colcon.colcon_core.package_identification:_identify(robot/src) by extension 'python'
[0.310s] Level 1:colcon.colcon_core.package_identification:_identify(robot/src) by extensions ['python_setup_py']
[0.310s] Level 1:colcon.colcon_core.package_identification:_identify(robot/src) by extension 'python_setup_py'
[0.310s] Level 1:colcon.colcon_core.package_identification:_identify(robot/src/cr5_description) by extensions ['ignore', 'ignore_ament_install']
[0.310s] Level 1:colcon.colcon_core.package_identification:_identify(robot/src/cr5_description) by extension 'ignore'
[0.310s] Level 1:colcon.colcon_core.package_identification:_identify(robot/src/cr5_description) by extension 'ignore_ament_install'
[0.310s] Level 1:colcon.colcon_core.package_identification:_identify(robot/src/cr5_description) by extensions ['colcon_pkg']
[0.311s] Level 1:colcon.colcon_core.package_identification:_identify(robot/src/cr5_description) by extension 'colcon_pkg'
[0.311s] Level 1:colcon.colcon_core.package_identification:_identify(robot/src/cr5_description) by extensions ['colcon_meta']
[0.311s] Level 1:colcon.colcon_core.package_identification:_identify(robot/src/cr5_description) by extension 'colcon_meta'
[0.311s] Level 1:colcon.colcon_core.package_identification:_identify(robot/src/cr5_description) by extensions ['ros']
[0.311s] Level 1:colcon.colcon_core.package_identification:_identify(robot/src/cr5_description) by extension 'ros'
[0.313s] DEBUG:colcon.colcon_core.package_identification:Package 'robot/src/cr5_description' with type 'ros.ament_cmake' and name 'cr5_description'
[0.313s] Level 1:colcon.colcon_core.package_identification:_identify(robot/src/cr5_moveit_config) by extensions ['ignore', 'ignore_ament_install']
[0.313s] Level 1:colcon.colcon_core.package_identification:_identify(robot/src/cr5_moveit_config) by extension 'ignore'
[0.313s] Level 1:colcon.colcon_core.package_identification:_identify(robot/src/cr5_moveit_config) by extension 'ignore_ament_install'
[0.313s] Level 1:colcon.colcon_core.package_identification:_identify(robot/src/cr5_moveit_config) by extensions ['colcon_pkg']
[0.313s] Level 1:colcon.colcon_core.package_identification:_identify(robot/src/cr5_moveit_config) by extension 'colcon_pkg'
[0.313s] Level 1:colcon.colcon_core.package_identification:_identify(robot/src/cr5_moveit_config) by extensions ['colcon_meta']
[0.313s] Level 1:colcon.colcon_core.package_identification:_identify(robot/src/cr5_moveit_config) by extension 'colcon_meta'
[0.314s] Level 1:colcon.colcon_core.package_identification:_identify(robot/src/cr5_moveit_config) by extensions ['ros']
[0.314s] Level 1:colcon.colcon_core.package_identification:_identify(robot/src/cr5_moveit_config) by extension 'ros'
[0.314s] DEBUG:colcon.colcon_core.package_identification:Package 'robot/src/cr5_moveit_config' with type 'ros.ament_cmake' and name 'cr5_moveit_config'
[0.315s] Level 1:colcon.colcon_core.package_identification:_identify(simulation/ros2) by extensions ['ignore', 'ignore_ament_install']
[0.315s] Level 1:colcon.colcon_core.package_identification:_identify(simulation/ros2) by extension 'ignore'
[0.315s] Level 1:colcon.colcon_core.package_identification:_identify(simulation/ros2) by extension 'ignore_ament_install'
[0.315s] Level 1:colcon.colcon_core.package_identification:_identify(simulation/ros2) by extensions ['colcon_pkg']
[0.315s] Level 1:colcon.colcon_core.package_identification:_identify(simulation/ros2) by extension 'colcon_pkg'
[0.315s] Level 1:colcon.colcon_core.package_identification:_identify(simulation/ros2) by extensions ['colcon_meta']
[0.315s] Level 1:colcon.colcon_core.package_identification:_identify(simulation/ros2) by extension 'colcon_meta'
[0.315s] Level 1:colcon.colcon_core.package_identification:_identify(simulation/ros2) by extensions ['ros']
[0.315s] Level 1:colcon.colcon_core.package_identification:_identify(simulation/ros2) by extension 'ros'
[0.315s] Level 1:colcon.colcon_core.package_identification:_identify(simulation/ros2) by extensions ['cmake', 'python']
[0.315s] Level 1:colcon.colcon_core.package_identification:_identify(simulation/ros2) by extension 'cmake'
[0.315s] Level 1:colcon.colcon_core.package_identification:_identify(simulation/ros2) by extension 'python'
[0.315s] Level 1:colcon.colcon_core.package_identification:_identify(simulation/ros2) by extensions ['python_setup_py']
[0.315s] Level 1:colcon.colcon_core.package_identification:_identify(simulation/ros2) by extension 'python_setup_py'
[0.315s] Level 1:colcon.colcon_core.package_identification:_identify(simulation/ros2/meter_grasp) by extensions ['ignore', 'ignore_ament_install']
[0.315s] Level 1:colcon.colcon_core.package_identification:_identify(simulation/ros2/meter_grasp) by extension 'ignore'
[0.316s] Level 1:colcon.colcon_core.package_identification:_identify(simulation/ros2/meter_grasp) by extension 'ignore_ament_install'
[0.316s] Level 1:colcon.colcon_core.package_identification:_identify(simulation/ros2/meter_grasp) by extensions ['colcon_pkg']
[0.316s] Level 1:colcon.colcon_core.package_identification:_identify(simulation/ros2/meter_grasp) by extension 'colcon_pkg'
[0.316s] Level 1:colcon.colcon_core.package_identification:_identify(simulation/ros2/meter_grasp) by extensions ['colcon_meta']
[0.316s] Level 1:colcon.colcon_core.package_identification:_identify(simulation/ros2/meter_grasp) by extension 'colcon_meta'
[0.316s] Level 1:colcon.colcon_core.package_identification:_identify(simulation/ros2/meter_grasp) by extensions ['ros']
[0.316s] Level 1:colcon.colcon_core.package_identification:_identify(simulation/ros2/meter_grasp) by extension 'ros'
[0.316s] DEBUG:colcon.colcon_core.package_identification:Package 'simulation/ros2/meter_grasp' with type 'ros.ament_python' and name 'meter_grasp'
[0.316s] Level 1:colcon.colcon_core.package_discovery:discover_packages(recursive) using defaults
[0.339s] Level 1:colcon.colcon_core.package_discovery:discover_packages(prefix_path) check parameters
[0.339s] Level 1:colcon.colcon_core.package_discovery:discover_packages(prefix_path) discover
[0.342s] DEBUG:colcon.colcon_installed_package_information.package_discovery:Found 3 installed packages in /home/haoran/Arm/meter_replacement/robot/install
[0.344s] DEBUG:colcon.colcon_installed_package_information.package_discovery:Found 359 installed packages in /opt/ros/humble
[0.359s] Level 1:colcon.colcon_core.package_discovery:discover_packages(prefix_path) using defaults
[0.402s] Level 5:colcon.colcon_core.verb:set package 'cr5_description' build argument 'cmake_args' from command line to 'None'
[0.402s] Level 5:colcon.colcon_core.verb:set package 'cr5_description' build argument 'cmake_target' from command line to 'None'
[0.402s] Level 5:colcon.colcon_core.verb:set package 'cr5_description' build argument 'cmake_target_skip_unavailable' from command line to 'False'
[0.402s] Level 5:colcon.colcon_core.verb:set package 'cr5_description' build argument 'cmake_clean_cache' from command line to 'False'
[0.402s] Level 5:colcon.colcon_core.verb:set package 'cr5_description' build argument 'cmake_clean_first' from command line to 'False'
[0.402s] Level 5:colcon.colcon_core.verb:set package 'cr5_description' build argument 'cmake_force_configure' from command line to 'False'
[0.402s] Level 5:colcon.colcon_core.verb:set package 'cr5_description' build argument 'ament_cmake_args' from command line to 'None'
[0.402s] Level 5:colcon.colcon_core.verb:set package 'cr5_description' build argument 'catkin_cmake_args' from command line to 'None'
[0.402s] Level 5:colcon.colcon_core.verb:set package 'cr5_description' build argument 'catkin_skip_building_tests' from command line to 'False'
[0.402s] DEBUG:colcon.colcon_core.verb:Building package 'cr5_description' with the following arguments: {'ament_cmake_args': None, 'build_base': '/home/haoran/Arm/meter_replacement/robot/build/cr5_description', 'catkin_cmake_args': None, 'catkin_skip_building_tests': False, 'cmake_args': None, 'cmake_clean_cache': False, 'cmake_clean_first': False, 'cmake_force_configure': False, 'cmake_target': None, 'cmake_target_skip_unavailable': False, 'install_base': '/home/haoran/Arm/meter_replacement/robot/install/cr5_description', 'merge_install': False, 'path': '/home/haoran/Arm/meter_replacement/robot/src/cr5_description', 'symlink_install': True, 'test_result_base': None}
[0.403s] Level 5:colcon.colcon_core.verb:set package 'cr5_moveit_config' build argument 'cmake_args' from command line to 'None'
[0.403s] Level 5:colcon.colcon_core.verb:set package 'cr5_moveit_config' build argument 'cmake_target' from command line to 'None'
[0.403s] Level 5:colcon.colcon_core.verb:set package 'cr5_moveit_config' build argument 'cmake_target_skip_unavailable' from command line to 'False'
[0.403s] Level 5:colcon.colcon_core.verb:set package 'cr5_moveit_config' build argument 'cmake_clean_cache' from command line to 'False'
[0.403s] Level 5:colcon.colcon_core.verb:set package 'cr5_moveit_config' build argument 'cmake_clean_first' from command line to 'False'
[0.403s] Level 5:colcon.colcon_core.verb:set package 'cr5_moveit_config' build argument 'cmake_force_configure' from command line to 'False'
[0.403s] Level 5:colcon.colcon_core.verb:set package 'cr5_moveit_config' build argument 'ament_cmake_args' from command line to 'None'
[0.403s] Level 5:colcon.colcon_core.verb:set package 'cr5_moveit_config' build argument 'catkin_cmake_args' from command line to 'None'
[0.403s] Level 5:colcon.colcon_core.verb:set package 'cr5_moveit_config' build argument 'catkin_skip_building_tests' from command line to 'False'
[0.403s] DEBUG:colcon.colcon_core.verb:Building package 'cr5_moveit_config' with the following arguments: {'ament_cmake_args': None, 'build_base': '/home/haoran/Arm/meter_replacement/robot/build/cr5_moveit_config', 'catkin_cmake_args': None, 'catkin_skip_building_tests': False, 'cmake_args': None, 'cmake_clean_cache': False, 'cmake_clean_first': False, 'cmake_force_configure': False, 'cmake_target': None, 'cmake_target_skip_unavailable': False, 'install_base': '/home/haoran/Arm/meter_replacement/robot/install/cr5_moveit_config', 'merge_install': False, 'path': '/home/haoran/Arm/meter_replacement/robot/src/cr5_moveit_config', 'symlink_install': True, 'test_result_base': None}
[0.404s] Level 5:colcon.colcon_core.verb:set package 'meter_grasp' build argument 'cmake_args' from command line to 'None'
[0.404s] Level 5:colcon.colcon_core.verb:set package 'meter_grasp' build argument 'cmake_target' from command line to 'None'
[0.404s] Level 5:colcon.colcon_core.verb:set package 'meter_grasp' build argument 'cmake_target_skip_unavailable' from command line to 'False'
[0.404s] Level 5:colcon.colcon_core.verb:set package 'meter_grasp' build argument 'cmake_clean_cache' from command line to 'False'
[0.404s] Level 5:colcon.colcon_core.verb:set package 'meter_grasp' build argument 'cmake_clean_first' from command line to 'False'
[0.404s] Level 5:colcon.colcon_core.verb:set package 'meter_grasp' build argument 'cmake_force_configure' from command line to 'False'
[0.404s] Level 5:colcon.colcon_core.verb:set package 'meter_grasp' build argument 'ament_cmake_args' from command line to 'None'
[0.404s] Level 5:colcon.colcon_core.verb:set package 'meter_grasp' build argument 'catkin_cmake_args' from command line to 'None'
[0.404s] Level 5:colcon.colcon_core.verb:set package 'meter_grasp' build argument 'catkin_skip_building_tests' from command line to 'False'
[0.404s] DEBUG:colcon.colcon_core.verb:Building package 'meter_grasp' with the following arguments: {'ament_cmake_args': None, 'build_base': '/home/haoran/Arm/meter_replacement/robot/build/meter_grasp', 'catkin_cmake_args': None, 'catkin_skip_building_tests': False, 'cmake_args': None, 'cmake_clean_cache': False, 'cmake_clean_first': False, 'cmake_force_configure': False, 'cmake_target': None, 'cmake_target_skip_unavailable': False, 'install_base': '/home/haoran/Arm/meter_replacement/robot/install/meter_grasp', 'merge_install': False, 'path': '/home/haoran/Arm/meter_replacement/simulation/ros2/meter_grasp', 'symlink_install': True, 'test_result_base': None}
[0.404s] INFO:colcon.colcon_core.executor:Executing jobs using 'parallel' executor
[0.405s] DEBUG:colcon.colcon_parallel_executor.executor.parallel:run_until_complete
[0.406s] INFO:colcon.colcon_ros.task.ament_cmake.build:Building ROS package in '/home/haoran/Arm/meter_replacement/robot/src/cr5_description' with build type 'ament_cmake'
[0.406s] INFO:colcon.colcon_cmake.task.cmake.build:Building CMake package in '/home/haoran/Arm/meter_replacement/robot/src/cr5_description'
[0.409s] INFO:colcon.colcon_core.plugin_system:Skipping extension 'colcon_core.shell.bat': Not used on non-Windows systems
[0.409s] INFO:colcon.colcon_core.shell:Skip shell extension 'powershell' for command environment: Not usable outside of PowerShell
[0.410s] DEBUG:colcon.colcon_core.shell:Skip shell extension 'dsv' for command environment
[30.455s] DEBUG:colcon.colcon_core.event_handler.log_command:Invoking command in '/home/haoran/Arm/meter_replacement/robot/build/cr5_description': CMAKE_PREFIX_PATH=${CMAKE_PREFIX_PATH}:/home/haoran/Arm/meter_replacement/robot/install/meter_grasp:/opt/ros/humble CONDA_PROMPT_MODIFIER=(base) /usr/bin/cmake --build /home/haoran/Arm/meter_replacement/robot/build/cr5_description -- -j4 -l4
[60.451s] DEBUG:colcon.colcon_core.event_handler.log_command:Invoked command in '/home/haoran/Arm/meter_replacement/robot/build/cr5_description' returned '0': CMAKE_PREFIX_PATH=${CMAKE_PREFIX_PATH}:/home/haoran/Arm/meter_replacement/robot/install/meter_grasp:/opt/ros/humble CONDA_PROMPT_MODIFIER=(base) /usr/bin/cmake --build /home/haoran/Arm/meter_replacement/robot/build/cr5_description -- -j4 -l4
[60.466s] DEBUG:colcon.colcon_core.event_handler.log_command:Invoking command in '/home/haoran/Arm/meter_replacement/robot/build/cr5_description': CMAKE_PREFIX_PATH=${CMAKE_PREFIX_PATH}:/home/haoran/Arm/meter_replacement/robot/install/meter_grasp:/opt/ros/humble CONDA_PROMPT_MODIFIER=(base) /usr/bin/cmake --install /home/haoran/Arm/meter_replacement/robot/build/cr5_description
[90.477s] Level 1:colcon.colcon_core.environment:create_environment_scripts_only(cr5_description)
[90.477s] DEBUG:colcon.colcon_core.event_handler.log_command:Invoked command in '/home/haoran/Arm/meter_replacement/robot/build/cr5_description' returned '0': CMAKE_PREFIX_PATH=${CMAKE_PREFIX_PATH}:/home/haoran/Arm/meter_replacement/robot/install/meter_grasp:/opt/ros/humble CONDA_PROMPT_MODIFIER=(base) /usr/bin/cmake --install /home/haoran/Arm/meter_replacement/robot/build/cr5_description
[90.493s] Level 1:colcon.colcon_core.environment:checking '/home/haoran/Arm/meter_replacement/robot/install/cr5_description' for CMake module files
[90.494s] Level 1:colcon.colcon_core.environment:checking '/home/haoran/Arm/meter_replacement/robot/install/cr5_description' for CMake config files
[90.494s] Level 1:colcon.colcon_core.shell:create_environment_hook('cr5_description', 'cmake_prefix_path')
[90.494s] INFO:colcon.colcon_core.shell:Creating environment hook '/home/haoran/Arm/meter_replacement/robot/install/cr5_description/share/cr5_description/hook/cmake_prefix_path.ps1'
[90.495s] INFO:colcon.colcon_core.shell:Creating environment descriptor '/home/haoran/Arm/meter_replacement/robot/install/cr5_description/share/cr5_description/hook/cmake_prefix_path.dsv'
[90.496s] INFO:colcon.colcon_core.shell:Creating environment hook '/home/haoran/Arm/meter_replacement/robot/install/cr5_description/share/cr5_description/hook/cmake_prefix_path.sh'
[90.497s] Level 1:colcon.colcon_core.environment:checking '/home/haoran/Arm/meter_replacement/robot/install/cr5_description/bin'
[90.497s] Level 1:colcon.colcon_core.environment:checking '/home/haoran/Arm/meter_replacement/robot/install/cr5_description/lib/pkgconfig/cr5_description.pc'
[90.497s] Level 1:colcon.colcon_core.environment:checking '/home/haoran/Arm/meter_replacement/robot/install/cr5_description/lib/python3.10/site-packages'
[90.497s] Level 1:colcon.colcon_core.environment:checking '/home/haoran/Arm/meter_replacement/robot/install/cr5_description/bin'
[90.498s] INFO:colcon.colcon_core.shell:Creating package script '/home/haoran/Arm/meter_replacement/robot/install/cr5_description/share/cr5_description/package.ps1'
[90.499s] INFO:colcon.colcon_core.shell:Creating package descriptor '/home/haoran/Arm/meter_replacement/robot/install/cr5_description/share/cr5_description/package.dsv'
[90.501s] INFO:colcon.colcon_core.shell:Creating package script '/home/haoran/Arm/meter_replacement/robot/install/cr5_description/share/cr5_description/package.sh'
[90.502s] INFO:colcon.colcon_core.shell:Creating package script '/home/haoran/Arm/meter_replacement/robot/install/cr5_description/share/cr5_description/package.bash'
[90.503s] INFO:colcon.colcon_core.shell:Creating package script '/home/haoran/Arm/meter_replacement/robot/install/cr5_description/share/cr5_description/package.zsh'
[90.504s] Level 1:colcon.colcon_core.environment:create_file_with_runtime_dependencies(/home/haoran/Arm/meter_replacement/robot/install/cr5_description/share/colcon-core/packages/cr5_description)
[90.505s] Level 1:colcon.colcon_core.environment:create_environment_scripts_only(cr5_description)
[90.505s] Level 1:colcon.colcon_core.environment:checking '/home/haoran/Arm/meter_replacement/robot/install/cr5_description' for CMake module files
[90.506s] Level 1:colcon.colcon_core.environment:checking '/home/haoran/Arm/meter_replacement/robot/install/cr5_description' for CMake config files
[90.506s] Level 1:colcon.colcon_core.shell:create_environment_hook('cr5_description', 'cmake_prefix_path')
[90.507s] INFO:colcon.colcon_core.shell:Creating environment hook '/home/haoran/Arm/meter_replacement/robot/install/cr5_description/share/cr5_description/hook/cmake_prefix_path.ps1'
[90.507s] INFO:colcon.colcon_core.shell:Creating environment descriptor '/home/haoran/Arm/meter_replacement/robot/install/cr5_description/share/cr5_description/hook/cmake_prefix_path.dsv'
[90.508s] INFO:colcon.colcon_core.shell:Creating environment hook '/home/haoran/Arm/meter_replacement/robot/install/cr5_description/share/cr5_description/hook/cmake_prefix_path.sh'
[90.509s] Level 1:colcon.colcon_core.environment:checking '/home/haoran/Arm/meter_replacement/robot/install/cr5_description/bin'
[90.509s] Level 1:colcon.colcon_core.environment:checking '/home/haoran/Arm/meter_replacement/robot/install/cr5_description/lib/pkgconfig/cr5_description.pc'
[90.509s] Level 1:colcon.colcon_core.environment:checking '/home/haoran/Arm/meter_replacement/robot/install/cr5_description/lib/python3.10/site-packages'
[90.509s] Level 1:colcon.colcon_core.environment:checking '/home/haoran/Arm/meter_replacement/robot/install/cr5_description/bin'
[90.509s] INFO:colcon.colcon_core.shell:Creating package script '/home/haoran/Arm/meter_replacement/robot/install/cr5_description/share/cr5_description/package.ps1'
[90.510s] INFO:colcon.colcon_core.shell:Creating package descriptor '/home/haoran/Arm/meter_replacement/robot/install/cr5_description/share/cr5_description/package.dsv'
[90.511s] INFO:colcon.colcon_core.shell:Creating package script '/home/haoran/Arm/meter_replacement/robot/install/cr5_description/share/cr5_description/package.sh'
[90.511s] INFO:colcon.colcon_core.shell:Creating package script '/home/haoran/Arm/meter_replacement/robot/install/cr5_description/share/cr5_description/package.bash'
[90.512s] INFO:colcon.colcon_core.shell:Creating package script '/home/haoran/Arm/meter_replacement/robot/install/cr5_description/share/cr5_description/package.zsh'
[90.512s] Level 1:colcon.colcon_core.environment:create_file_with_runtime_dependencies(/home/haoran/Arm/meter_replacement/robot/install/cr5_description/share/colcon-core/packages/cr5_description)
[90.513s] INFO:colcon.colcon_ros.task.ament_cmake.build:Building ROS package in '/home/haoran/Arm/meter_replacement/robot/src/cr5_moveit_config' with build type 'ament_cmake'
[90.513s] INFO:colcon.colcon_cmake.task.cmake.build:Building CMake package in '/home/haoran/Arm/meter_replacement/robot/src/cr5_moveit_config'
[90.513s] INFO:colcon.colcon_core.shell:Skip shell extension 'powershell' for command environment: Not usable outside of PowerShell
[90.513s] DEBUG:colcon.colcon_core.shell:Skip shell extension 'dsv' for command environment
[90.526s] DEBUG:colcon.colcon_core.event_handler.log_command:Invoking command in '/home/haoran/Arm/meter_replacement/robot/build/cr5_moveit_config': CMAKE_PREFIX_PATH=/home/haoran/Arm/meter_replacement/robot/install/cr5_description:/home/haoran/Arm/meter_replacement/robot/install/cr5_moveit_config:/home/haoran/Arm/meter_replacement/robot/install/meter_grasp:/opt/ros/humble CONDA_PROMPT_MODIFIER=(base) /usr/bin/cmake --build /home/haoran/Arm/meter_replacement/robot/build/cr5_moveit_config -- -j4 -l4
[120.539s] DEBUG:colcon.colcon_core.event_handler.log_command:Invoked command in '/home/haoran/Arm/meter_replacement/robot/build/cr5_moveit_config' returned '0': CMAKE_PREFIX_PATH=/home/haoran/Arm/meter_replacement/robot/install/cr5_description:/home/haoran/Arm/meter_replacement/robot/install/cr5_moveit_config:/home/haoran/Arm/meter_replacement/robot/install/meter_grasp:/opt/ros/humble CONDA_PROMPT_MODIFIER=(base) /usr/bin/cmake --build /home/haoran/Arm/meter_replacement/robot/build/cr5_moveit_config -- -j4 -l4
[120.543s] DEBUG:colcon.colcon_core.event_handler.log_command:Invoking command in '/home/haoran/Arm/meter_replacement/robot/build/cr5_moveit_config': CMAKE_PREFIX_PATH=/home/haoran/Arm/meter_replacement/robot/install/cr5_description:/home/haoran/Arm/meter_replacement/robot/install/cr5_moveit_config:/home/haoran/Arm/meter_replacement/robot/install/meter_grasp:/opt/ros/humble CONDA_PROMPT_MODIFIER=(base) /usr/bin/cmake --install /home/haoran/Arm/meter_replacement/robot/build/cr5_moveit_config
[150.564s] Level 1:colcon.colcon_core.environment:create_environment_scripts_only(cr5_moveit_config)
[150.565s] DEBUG:colcon.colcon_core.event_handler.log_command:Invoked command in '/home/haoran/Arm/meter_replacement/robot/build/cr5_moveit_config' returned '0': CMAKE_PREFIX_PATH=/home/haoran/Arm/meter_replacement/robot/install/cr5_description:/home/haoran/Arm/meter_replacement/robot/install/cr5_moveit_config:/home/haoran/Arm/meter_replacement/robot/install/meter_grasp:/opt/ros/humble CONDA_PROMPT_MODIFIER=(base) /usr/bin/cmake --install /home/haoran/Arm/meter_replacement/robot/build/cr5_moveit_config
[150.565s] Level 1:colcon.colcon_core.environment:checking '/home/haoran/Arm/meter_replacement/robot/install/cr5_moveit_config' for CMake module files
[150.566s] Level 1:colcon.colcon_core.environment:checking '/home/haoran/Arm/meter_replacement/robot/install/cr5_moveit_config' for CMake config files
[150.566s] Level 1:colcon.colcon_core.shell:create_environment_hook('cr5_moveit_config', 'cmake_prefix_path')
[150.566s] INFO:colcon.colcon_core.shell:Creating environment hook '/home/haoran/Arm/meter_replacement/robot/install/cr5_moveit_config/share/cr5_moveit_config/hook/cmake_prefix_path.ps1'
[150.567s] INFO:colcon.colcon_core.shell:Creating environment descriptor '/home/haoran/Arm/meter_replacement/robot/install/cr5_moveit_config/share/cr5_moveit_config/hook/cmake_prefix_path.dsv'
[150.567s] INFO:colcon.colcon_core.shell:Creating environment hook '/home/haoran/Arm/meter_replacement/robot/install/cr5_moveit_config/share/cr5_moveit_config/hook/cmake_prefix_path.sh'
[150.568s] Level 1:colcon.colcon_core.environment:checking '/home/haoran/Arm/meter_replacement/robot/install/cr5_moveit_config/bin'
[150.568s] Level 1:colcon.colcon_core.environment:checking '/home/haoran/Arm/meter_replacement/robot/install/cr5_moveit_config/lib/pkgconfig/cr5_moveit_config.pc'
[150.568s] Level 1:colcon.colcon_core.environment:checking '/home/haoran/Arm/meter_replacement/robot/install/cr5_moveit_config/lib/python3.10/site-packages'
[150.569s] Level 1:colcon.colcon_core.environment:checking '/home/haoran/Arm/meter_replacement/robot/install/cr5_moveit_config/bin'
[150.569s] INFO:colcon.colcon_core.shell:Creating package script '/home/haoran/Arm/meter_replacement/robot/install/cr5_moveit_config/share/cr5_moveit_config/package.ps1'
[150.570s] INFO:colcon.colcon_core.shell:Creating package descriptor '/home/haoran/Arm/meter_replacement/robot/install/cr5_moveit_config/share/cr5_moveit_config/package.dsv'
[150.570s] INFO:colcon.colcon_core.shell:Creating package script '/home/haoran/Arm/meter_replacement/robot/install/cr5_moveit_config/share/cr5_moveit_config/package.sh'
[150.571s] INFO:colcon.colcon_core.shell:Creating package script '/home/haoran/Arm/meter_replacement/robot/install/cr5_moveit_config/share/cr5_moveit_config/package.bash'
[150.571s] INFO:colcon.colcon_core.shell:Creating package script '/home/haoran/Arm/meter_replacement/robot/install/cr5_moveit_config/share/cr5_moveit_config/package.zsh'
[150.572s] Level 1:colcon.colcon_core.environment:create_file_with_runtime_dependencies(/home/haoran/Arm/meter_replacement/robot/install/cr5_moveit_config/share/colcon-core/packages/cr5_moveit_config)
[150.572s] Level 1:colcon.colcon_core.environment:create_environment_scripts_only(cr5_moveit_config)
[150.572s] Level 1:colcon.colcon_core.environment:checking '/home/haoran/Arm/meter_replacement/robot/install/cr5_moveit_config' for CMake module files
[150.573s] Level 1:colcon.colcon_core.environment:checking '/home/haoran/Arm/meter_replacement/robot/install/cr5_moveit_config' for CMake config files
[150.573s] Level 1:colcon.colcon_core.shell:create_environment_hook('cr5_moveit_config', 'cmake_prefix_path')
[150.574s] INFO:colcon.colcon_core.shell:Creating environment hook '/home/haoran/Arm/meter_replacement/robot/install/cr5_moveit_config/share/cr5_moveit_config/hook/cmake_prefix_path.ps1'
[150.574s] INFO:colcon.colcon_core.shell:Creating environment descriptor '/home/haoran/Arm/meter_replacement/robot/install/cr5_moveit_config/share/cr5_moveit_config/hook/cmake_prefix_path.dsv'
[150.575s] INFO:colcon.colcon_core.shell:Creating environment hook '/home/haoran/Arm/meter_replacement/robot/install/cr5_moveit_config/share/cr5_moveit_config/hook/cmake_prefix_path.sh'
[150.576s] Level 1:colcon.colcon_core.environment:checking '/home/haoran/Arm/meter_replacement/robot/install/cr5_moveit_config/bin'
[150.576s] Level 1:colcon.colcon_core.environment:checking '/home/haoran/Arm/meter_replacement/robot/install/cr5_moveit_config/lib/pkgconfig/cr5_moveit_config.pc'
[150.576s] Level 1:colcon.colcon_core.environment:checking '/home/haoran/Arm/meter_replacement/robot/install/cr5_moveit_config/lib/python3.10/site-packages'
[150.576s] Level 1:colcon.colcon_core.environment:checking '/home/haoran/Arm/meter_replacement/robot/install/cr5_moveit_config/bin'
[150.577s] INFO:colcon.colcon_core.shell:Creating package script '/home/haoran/Arm/meter_replacement/robot/install/cr5_moveit_config/share/cr5_moveit_config/package.ps1'
[150.577s] INFO:colcon.colcon_core.shell:Creating package descriptor '/home/haoran/Arm/meter_replacement/robot/install/cr5_moveit_config/share/cr5_moveit_config/package.dsv'
[150.578s] INFO:colcon.colcon_core.shell:Creating package script '/home/haoran/Arm/meter_replacement/robot/install/cr5_moveit_config/share/cr5_moveit_config/package.sh'
[150.579s] INFO:colcon.colcon_core.shell:Creating package script '/home/haoran/Arm/meter_replacement/robot/install/cr5_moveit_config/share/cr5_moveit_config/package.bash'
[150.579s] INFO:colcon.colcon_core.shell:Creating package script '/home/haoran/Arm/meter_replacement/robot/install/cr5_moveit_config/share/cr5_moveit_config/package.zsh'
[150.580s] Level 1:colcon.colcon_core.environment:create_file_with_runtime_dependencies(/home/haoran/Arm/meter_replacement/robot/install/cr5_moveit_config/share/colcon-core/packages/cr5_moveit_config)
[150.580s] INFO:colcon.colcon_ros.task.ament_python.build:Building ROS package in '/home/haoran/Arm/meter_replacement/simulation/ros2/meter_grasp' with build type 'ament_python'
[150.580s] Level 1:colcon.colcon_core.shell:create_environment_hook('meter_grasp', 'ament_prefix_path')
[150.581s] INFO:colcon.colcon_core.shell:Creating environment hook '/home/haoran/Arm/meter_replacement/robot/install/meter_grasp/share/meter_grasp/hook/ament_prefix_path.ps1'
[150.582s] INFO:colcon.colcon_core.shell:Creating environment descriptor '/home/haoran/Arm/meter_replacement/robot/install/meter_grasp/share/meter_grasp/hook/ament_prefix_path.dsv'
[150.582s] INFO:colcon.colcon_core.shell:Creating environment hook '/home/haoran/Arm/meter_replacement/robot/install/meter_grasp/share/meter_grasp/hook/ament_prefix_path.sh'
[150.584s] INFO:colcon.colcon_core.shell:Skip shell extension 'powershell' for command environment: Not usable outside of PowerShell
[150.584s] DEBUG:colcon.colcon_core.shell:Skip shell extension 'dsv' for command environment
[180.822s] INFO:colcon.colcon_core.task.python.build:Building Python package in '/home/haoran/Arm/meter_replacement/simulation/ros2/meter_grasp'
[180.822s] INFO:colcon.colcon_core.shell:Skip shell extension 'powershell' for command environment: Not usable outside of PowerShell
[180.822s] DEBUG:colcon.colcon_core.shell:Skip shell extension 'dsv' for command environment
[181.161s] DEBUG:colcon.colcon_core.task.python.build:Available setuptools commands: saveopts, bdist_dumb, easy_install, init_catalog, install_data, install, register, bdist, install_scripts, build_py, test, upload, egg_info, build_scripts, sdist, bdist_egg, clean, update_catalog, compile_catalog, build_clib, build_ext, install_lib, setopt, check, rotate, alias, install_egg_info, upload_docs, install_headers, bdist_rpm, develop, dist_info, build, extract_messages, symlink_data
[181.401s] DEBUG:colcon.colcon_core.task.python.build:Available setuptools 'develop' options: --build-directory, --script-dir, --multi-version, --user, --no-user-cfg, --uninstall, --always-unzip, --install-layout, --egg-path, --dry-run, --help, --allow-hosts, --version, --install-dir, --upgrade, --index-url, --verbose, --optimize, --editable, --force-installation-into-system-dir, --local-snapshots-ok, --exclude-scripts, --no-deps, --no-find-links, --prefix, --zip-ok, --site-dirs, --find-links, --always-copy, --record, --quiet
[181.404s] DEBUG:colcon.colcon_core.event_handler.log_command:Invoking command in '/home/haoran/Arm/meter_replacement/robot/build/meter_grasp': CONDA_PROMPT_MODIFIER=(base) PYTHONPATH=/home/haoran/Arm/meter_replacement/robot/build/meter_grasp/prefix_override:/usr/lib/python3/dist-packages/colcon_core/task/python/colcon_distutils_commands:/home/haoran/Arm/meter_replacement/robot/install/meter_grasp/lib/python3.10/site-packages:${PYTHONPATH} /usr/bin/python3 -W ignore:setup.py install is deprecated -W ignore:easy_install command is deprecated setup.py develop --editable --build-directory /home/haoran/Arm/meter_replacement/robot/build/meter_grasp/build --no-deps symlink_data
[210.632s] Level 1:colcon.colcon_core.shell:create_environment_hook('meter_grasp', 'pythonpath_develop')
[210.633s] INFO:colcon.colcon_core.shell:Creating environment hook '/home/haoran/Arm/meter_replacement/robot/build/meter_grasp/share/meter_grasp/hook/pythonpath_develop.ps1'
[210.633s] DEBUG:colcon.colcon_core.event_handler.log_command:Invoked command in '/home/haoran/Arm/meter_replacement/robot/build/meter_grasp' returned '0': CONDA_PROMPT_MODIFIER=(base) PYTHONPATH=/home/haoran/Arm/meter_replacement/robot/build/meter_grasp/prefix_override:/usr/lib/python3/dist-packages/colcon_core/task/python/colcon_distutils_commands:/home/haoran/Arm/meter_replacement/robot/install/meter_grasp/lib/python3.10/site-packages:${PYTHONPATH} /usr/bin/python3 -W ignore:setup.py install is deprecated -W ignore:easy_install command is deprecated setup.py develop --editable --build-directory /home/haoran/Arm/meter_replacement/robot/build/meter_grasp/build --no-deps symlink_data
[210.635s] INFO:colcon.colcon_core.shell:Creating environment descriptor '/home/haoran/Arm/meter_replacement/robot/build/meter_grasp/share/meter_grasp/hook/pythonpath_develop.dsv'
[210.636s] INFO:colcon.colcon_core.shell:Creating environment hook '/home/haoran/Arm/meter_replacement/robot/build/meter_grasp/share/meter_grasp/hook/pythonpath_develop.sh'
[210.637s] Level 1:colcon.colcon_core.environment:checking '/home/haoran/Arm/meter_replacement/robot/install/meter_grasp' for CMake module files
[210.638s] Level 1:colcon.colcon_core.environment:checking '/home/haoran/Arm/meter_replacement/robot/install/meter_grasp' for CMake config files
[210.639s] Level 1:colcon.colcon_core.environment:checking '/home/haoran/Arm/meter_replacement/robot/install/meter_grasp/lib'
[210.639s] Level 1:colcon.colcon_core.environment:checking '/home/haoran/Arm/meter_replacement/robot/install/meter_grasp/bin'
[210.640s] Level 1:colcon.colcon_core.environment:checking '/home/haoran/Arm/meter_replacement/robot/install/meter_grasp/lib/pkgconfig/meter_grasp.pc'
[210.640s] Level 1:colcon.colcon_core.environment:checking '/home/haoran/Arm/meter_replacement/robot/install/meter_grasp/lib/python3.10/site-packages'
[210.640s] Level 1:colcon.colcon_core.shell:create_environment_hook('meter_grasp', 'pythonpath')
[210.641s] INFO:colcon.colcon_core.shell:Creating environment hook '/home/haoran/Arm/meter_replacement/robot/install/meter_grasp/share/meter_grasp/hook/pythonpath.ps1'
[210.642s] INFO:colcon.colcon_core.shell:Creating environment descriptor '/home/haoran/Arm/meter_replacement/robot/install/meter_grasp/share/meter_grasp/hook/pythonpath.dsv'
[210.642s] INFO:colcon.colcon_core.shell:Creating environment hook '/home/haoran/Arm/meter_replacement/robot/install/meter_grasp/share/meter_grasp/hook/pythonpath.sh'
[210.644s] Level 1:colcon.colcon_core.environment:checking '/home/haoran/Arm/meter_replacement/robot/install/meter_grasp/bin'
[210.644s] Level 1:colcon.colcon_core.environment:create_environment_scripts_only(meter_grasp)
[210.644s] INFO:colcon.colcon_core.shell:Creating package script '/home/haoran/Arm/meter_replacement/robot/install/meter_grasp/share/meter_grasp/package.ps1'
[210.646s] INFO:colcon.colcon_core.shell:Creating package descriptor '/home/haoran/Arm/meter_replacement/robot/install/meter_grasp/share/meter_grasp/package.dsv'
[210.647s] INFO:colcon.colcon_core.shell:Creating package script '/home/haoran/Arm/meter_replacement/robot/install/meter_grasp/share/meter_grasp/package.sh'
[210.648s] INFO:colcon.colcon_core.shell:Creating package script '/home/haoran/Arm/meter_replacement/robot/install/meter_grasp/share/meter_grasp/package.bash'
[210.649s] INFO:colcon.colcon_core.shell:Creating package script '/home/haoran/Arm/meter_replacement/robot/install/meter_grasp/share/meter_grasp/package.zsh'
[210.650s] Level 1:colcon.colcon_core.environment:create_file_with_runtime_dependencies(/home/haoran/Arm/meter_replacement/robot/install/meter_grasp/share/colcon-core/packages/meter_grasp)
[210.651s] DEBUG:colcon.colcon_parallel_executor.executor.parallel:closing loop
[210.651s] DEBUG:colcon.colcon_parallel_executor.executor.parallel:loop closed
[210.651s] DEBUG:colcon.colcon_parallel_executor.executor.parallel:run_until_complete finished with '0'
[210.652s] DEBUG:colcon.colcon_core.event_reactor:joining thread
[210.664s] INFO:colcon.colcon_core.plugin_system:Skipping extension 'colcon_notification.desktop_notification.terminal_notifier': Not used on non-Darwin systems
[210.665s] INFO:colcon.colcon_core.plugin_system:Skipping extension 'colcon_notification.desktop_notification.win32': Not used on non-Windows systems
[210.665s] INFO:colcon.colcon_notification.desktop_notification:Sending desktop notification using 'notify2'
[210.665s] DEBUG:colcon.colcon_notification.desktop_notification.notify2:Failed to initialize notify2: org.freedesktop.DBus.Error.AccessDenied: Failed to connect to socket /run/user/1000/bus: Operation not permitted
[210.666s] DEBUG:colcon.colcon_core.event_reactor:joined thread
[210.666s] INFO:colcon.colcon_core.shell:Creating prefix script '/home/haoran/Arm/meter_replacement/robot/install/local_setup.ps1'
[210.667s] INFO:colcon.colcon_core.shell:Creating prefix util module '/home/haoran/Arm/meter_replacement/robot/install/_local_setup_util_ps1.py'
[210.669s] INFO:colcon.colcon_core.shell:Creating prefix chain script '/home/haoran/Arm/meter_replacement/robot/install/setup.ps1'
[210.671s] INFO:colcon.colcon_core.shell:Creating prefix script '/home/haoran/Arm/meter_replacement/robot/install/local_setup.sh'
[210.671s] INFO:colcon.colcon_core.shell:Creating prefix util module '/home/haoran/Arm/meter_replacement/robot/install/_local_setup_util_sh.py'
[210.673s] INFO:colcon.colcon_core.shell:Creating prefix chain script '/home/haoran/Arm/meter_replacement/robot/install/setup.sh'
[210.674s] INFO:colcon.colcon_core.shell:Creating prefix script '/home/haoran/Arm/meter_replacement/robot/install/local_setup.bash'
[210.674s] INFO:colcon.colcon_core.shell:Creating prefix chain script '/home/haoran/Arm/meter_replacement/robot/install/setup.bash'
[210.675s] INFO:colcon.colcon_core.shell:Creating prefix script '/home/haoran/Arm/meter_replacement/robot/install/local_setup.zsh'
[210.676s] INFO:colcon.colcon_core.shell:Creating prefix chain script '/home/haoran/Arm/meter_replacement/robot/install/setup.zsh'
