[1.049s] Invoking command in '/home/haoran/Arm/meter_replacement/robot/build/meter_grasp': PYTHONPATH=/home/haoran/Arm/meter_replacement/robot/build/meter_grasp/prefix_override:/usr/lib/python3/dist-packages/colcon_core/task/python/colcon_distutils_commands:/home/haoran/Arm/meter_replacement/robot/install/meter_grasp/lib/python3.10/site-packages:${PYTHONPATH} /usr/bin/python3 -W ignore:setup.py install is deprecated -W ignore:easy_install command is deprecated setup.py develop --editable --build-directory /home/haoran/Arm/meter_replacement/robot/build/meter_grasp/build --no-deps symlink_data
[1.265s] running develop
[1.398s] running egg_info
[1.398s] writing meter_grasp.egg-info/PKG-INFO
[1.399s] writing dependency_links to meter_grasp.egg-info/dependency_links.txt
[1.399s] writing entry points to meter_grasp.egg-info/entry_points.txt
[1.399s] writing requirements to meter_grasp.egg-info/requires.txt
[1.400s] writing top-level names to meter_grasp.egg-info/top_level.txt
[1.402s] reading manifest file 'meter_grasp.egg-info/SOURCES.txt'
[1.402s] writing manifest file 'meter_grasp.egg-info/SOURCES.txt'
[1.404s] running build_ext
[1.404s] Creating /home/haoran/Arm/meter_replacement/robot/install/meter_grasp/lib/python3.10/site-packages/meter-grasp.egg-link (link to .)
[1.405s] Installing add_meter_collision script to /home/haoran/Arm/meter_replacement/robot/install/meter_grasp/lib/meter_grasp
[1.405s] Installing attach_meter script to /home/haoran/Arm/meter_replacement/robot/install/meter_grasp/lib/meter_grasp
[1.407s] Installing detach_meter script to /home/haoran/Arm/meter_replacement/robot/install/meter_grasp/lib/meter_grasp
[1.407s] Installing run_meter_grasp script to /home/haoran/Arm/meter_replacement/robot/install/meter_grasp/lib/meter_grasp
[1.407s] Installing run_pick_sequence script to /home/haoran/Arm/meter_replacement/robot/install/meter_grasp/lib/meter_grasp
[1.407s] 
[1.407s] Installed /home/haoran/Arm/meter_replacement/robot/build/meter_grasp
[1.407s] running symlink_data
[1.434s] Invoked command in '/home/haoran/Arm/meter_replacement/robot/build/meter_grasp' returned '0': PYTHONPATH=/home/haoran/Arm/meter_replacement/robot/build/meter_grasp/prefix_override:/usr/lib/python3/dist-packages/colcon_core/task/python/colcon_distutils_commands:/home/haoran/Arm/meter_replacement/robot/install/meter_grasp/lib/python3.10/site-packages:${PYTHONPATH} /usr/bin/python3 -W ignore:setup.py install is deprecated -W ignore:easy_install command is deprecated setup.py develop --editable --build-directory /home/haoran/Arm/meter_replacement/robot/build/meter_grasp/build --no-deps symlink_data
