[0.019s] Invoking command in '/home/haoran/Arm/meter_replacement/robot/build/cr5_description': CMAKE_PREFIX_PATH=/opt/ros/humble CONDA_PROMPT_MODIFIER=(base) /usr/bin/cmake --build /home/haoran/Arm/meter_replacement/robot/build/cr5_description -- -j4 -l4
[0.154s] Invoked command in '/home/haoran/Arm/meter_replacement/robot/build/cr5_description' returned '0': CMAKE_PREFIX_PATH=/opt/ros/humble CONDA_PROMPT_MODIFIER=(base) /usr/bin/cmake --build /home/haoran/Arm/meter_replacement/robot/build/cr5_description -- -j4 -l4
[0.169s] Invoking command in '/home/haoran/Arm/meter_replacement/robot/build/cr5_description': CMAKE_PREFIX_PATH=/opt/ros/humble CONDA_PROMPT_MODIFIER=(base) /usr/bin/cmake --install /home/haoran/Arm/meter_replacement/robot/build/cr5_description
[0.178s] -- Install configuration: ""
[0.178s] -- Execute custom install script
[0.180s] -- Up-to-date symlink: /home/haoran/Arm/meter_replacement/robot/install/cr5_description/share/cr5_description/launch/__pycache__/display.launch.cpython-310.pyc
[0.180s] -- Up-to-date symlink: /home/haoran/Arm/meter_replacement/robot/install/cr5_description/share/cr5_description/launch/display.launch.py
[0.181s] -- Up-to-date symlink: /home/haoran/Arm/meter_replacement/robot/install/cr5_description/share/cr5_description/meshes/J1.STL
[0.181s] -- Up-to-date symlink: /home/haoran/Arm/meter_replacement/robot/install/cr5_description/share/cr5_description/meshes/J2.STL
[0.181s] -- Up-to-date symlink: /home/haoran/Arm/meter_replacement/robot/install/cr5_description/share/cr5_description/meshes/J3.STL
[0.181s] -- Up-to-date symlink: /home/haoran/Arm/meter_replacement/robot/install/cr5_description/share/cr5_description/meshes/J4.STL
[0.182s] -- Up-to-date symlink: /home/haoran/Arm/meter_replacement/robot/install/cr5_description/share/cr5_description/meshes/J5.STL
[0.182s] -- Up-to-date symlink: /home/haoran/Arm/meter_replacement/robot/install/cr5_description/share/cr5_description/meshes/J6.STL
[0.182s] -- Up-to-date symlink: /home/haoran/Arm/meter_replacement/robot/install/cr5_description/share/cr5_description/meshes/base_link.STL
[0.182s] -- Symlinking: /home/haoran/Arm/meter_replacement/robot/install/cr5_description/share/cr5_description/meshes/epg40_100/epg40_100_body.stl
[0.192s] -- Symlinking: /home/haoran/Arm/meter_replacement/robot/install/cr5_description/share/cr5_description/meshes/epg40_100/epg40_100_left_jaw.stl
[0.203s] -- Symlinking: /home/haoran/Arm/meter_replacement/robot/install/cr5_description/share/cr5_description/meshes/epg40_100/epg40_100_right_jaw.stl
[0.214s] -- Up-to-date symlink: /home/haoran/Arm/meter_replacement/robot/install/cr5_description/share/cr5_description/rviz/cr5.rviz
[0.214s] -- Up-to-date symlink: /home/haoran/Arm/meter_replacement/robot/install/cr5_description/share/cr5_description/urdf/cr5_robot.urdf
[0.214s] -- Up-to-date symlink: /home/haoran/Arm/meter_replacement/robot/install/cr5_description/share/cr5_description/urdf/cr5_with_gripper.urdf.xacro
[0.214s] -- Symlinking: /home/haoran/Arm/meter_replacement/robot/install/cr5_description/share/cr5_description/urdf/epg40_100_gripper.xacro
[0.224s] -- Up-to-date symlink: /home/haoran/Arm/meter_replacement/robot/install/cr5_description/share/ament_index/resource_index/package_run_dependencies/cr5_description
[0.224s] -- Up-to-date symlink: /home/haoran/Arm/meter_replacement/robot/install/cr5_description/share/ament_index/resource_index/parent_prefix_path/cr5_description
[0.225s] -- Up-to-date symlink: /home/haoran/Arm/meter_replacement/robot/install/cr5_description/share/cr5_description/environment/ament_prefix_path.sh
[0.226s] -- Up-to-date symlink: /home/haoran/Arm/meter_replacement/robot/install/cr5_description/share/cr5_description/environment/ament_prefix_path.dsv
[0.226s] -- Up-to-date symlink: /home/haoran/Arm/meter_replacement/robot/install/cr5_description/share/cr5_description/environment/path.sh
[0.226s] -- Up-to-date symlink: /home/haoran/Arm/meter_replacement/robot/install/cr5_description/share/cr5_description/environment/path.dsv
[0.226s] -- Up-to-date symlink: /home/haoran/Arm/meter_replacement/robot/install/cr5_description/share/cr5_description/local_setup.bash
[0.226s] -- Up-to-date symlink: /home/haoran/Arm/meter_replacement/robot/install/cr5_description/share/cr5_description/local_setup.sh
[0.226s] -- Up-to-date symlink: /home/haoran/Arm/meter_replacement/robot/install/cr5_description/share/cr5_description/local_setup.zsh
[0.226s] -- Up-to-date symlink: /home/haoran/Arm/meter_replacement/robot/install/cr5_description/share/cr5_description/local_setup.dsv
[0.226s] -- Symlinking: /home/haoran/Arm/meter_replacement/robot/install/cr5_description/share/cr5_description/package.dsv
[0.237s] -- Up-to-date symlink: /home/haoran/Arm/meter_replacement/robot/install/cr5_description/share/ament_index/resource_index/packages/cr5_description
[0.238s] -- Up-to-date symlink: /home/haoran/Arm/meter_replacement/robot/install/cr5_description/share/cr5_description/cmake/cr5_descriptionConfig.cmake
[0.238s] -- Up-to-date symlink: /home/haoran/Arm/meter_replacement/robot/install/cr5_description/share/cr5_description/cmake/cr5_descriptionConfig-version.cmake
[0.238s] -- Up-to-date symlink: /home/haoran/Arm/meter_replacement/robot/install/cr5_description/share/cr5_description/package.xml
[30.028s] Invoked command in '/home/haoran/Arm/meter_replacement/robot/build/cr5_description' returned '0': CMAKE_PREFIX_PATH=/opt/ros/humble CONDA_PROMPT_MODIFIER=(base) /usr/bin/cmake --install /home/haoran/Arm/meter_replacement/robot/build/cr5_description
