[0.107s] DEBUG:colcon:Command line arguments: ['/usr/bin/colcon', 'build', '--base-paths', 'src', '../simulation/ros2', '--packages-select', 'cr5_moveit_config', 'meter_grasp', '--symlink-install']
[0.107s] DEBUG:colcon:Parsed command line arguments: Namespace(log_base=None, log_level=None, verb_name='build', build_base='build', install_base='install', merge_install=False, symlink_install=True, test_result_base=None, continue_on_error=False, executor='parallel', parallel_workers=4, event_handlers=None, ignore_user_meta=False, metas=['./colcon.meta'], base_paths=['src', '../simulation/ros2'], packages_ignore=None, packages_ignore_regex=None, paths=None, packages_up_to=None, packages_up_to_regex=None, packages_above=None, packages_above_and_dependencies=None, packages_above_depth=None, packages_select_by_dep=None, packages_skip_by_dep=None, packages_skip_up_to=None, packages_select_build_failed=False, packages_skip_build_finished=False, packages_select_test_failures=False, packages_skip_test_passed=False, packages_select=['cr5_moveit_config', 'meter_grasp'], packages_skip=None, packages_select_regex=None, packages_skip_regex=None, packages_start=None, packages_end=None, allow_overriding=[], cmake_args=None, cmake_target=None, cmake_target_skip_unavailable=False, cmake_clean_cache=False, cmake_clean_first=False, cmake_force_configure=False, ament_cmake_args=None, catkin_cmake_args=None, catkin_skip_building_tests=False, verb_parser=<colcon_defaults.argument_parser.defaults.DefaultArgumentsDecorator object at 0x7855c1350550>, verb_extension=<colcon_core.verb.build.BuildVerb object at 0x7855c14cdbd0>, main=<bound method BuildVerb.main of <colcon_core.verb.build.BuildVerb object at 0x7855c14cdbd0>>)
[0.254s] Level 1:colcon.colcon_core.package_discovery:discover_packages(colcon_meta) check parameters
[0.255s] Level 1:colcon.colcon_core.package_discovery:discover_packages(recursive) check parameters
[0.255s] Level 1:colcon.colcon_core.package_discovery:discover_packages(ignore) check parameters
[0.255s] Level 1:colcon.colcon_core.package_discovery:discover_packages(path) check parameters
[0.255s] Level 1:colcon.colcon_core.package_discovery:discover_packages(recursive) discover
[0.255s] INFO:colcon.colcon_core.package_discovery:Crawling recursively for packages in '/home/haoran/Arm/meter_replacement/robot/src', '/home/haoran/Arm/meter_replacement/simulation/ros2'
[0.255s] Level 1:colcon.colcon_core.package_identification:_identify(src) by extensions ['ignore', 'ignore_ament_install']
[0.255s] Level 1:colcon.colcon_core.package_identification:_identify(src) by extension 'ignore'
[0.255s] Level 1:colcon.colcon_core.package_identification:_identify(src) by extension 'ignore_ament_install'
[0.255s] Level 1:colcon.colcon_core.package_identification:_identify(src) by extensions ['colcon_pkg']
[0.255s] Level 1:colcon.colcon_core.package_identification:_identify(src) by extension 'colcon_pkg'
[0.255s] Level 1:colcon.colcon_core.package_identification:_identify(src) by extensions ['colcon_meta']
[0.255s] Level 1:colcon.colcon_core.package_identification:_identify(src) by extension 'colcon_meta'
[0.255s] Level 1:colcon.colcon_core.package_identification:_identify(src) by extensions ['ros']
[0.255s] Level 1:colcon.colcon_core.package_identification:_identify(src) by extension 'ros'
[0.267s] Level 1:colcon.colcon_core.package_identification:_identify(src) by extensions ['cmake', 'python']
[0.267s] Level 1:colcon.colcon_core.package_identification:_identify(src) by extension 'cmake'
[0.268s] Level 1:colcon.colcon_core.package_identification:_identify(src) by extension 'python'
[0.268s] Level 1:colcon.colcon_core.package_identification:_identify(src) by extensions ['python_setup_py']
[0.268s] Level 1:colcon.colcon_core.package_identification:_identify(src) by extension 'python_setup_py'
[0.268s] Level 1:colcon.colcon_core.package_identification:_identify(src/cr5_description) by extensions ['ignore', 'ignore_ament_install']
[0.268s] Level 1:colcon.colcon_core.package_identification:_identify(src/cr5_description) by extension 'ignore'
[0.268s] Level 1:colcon.colcon_core.package_identification:_identify(src/cr5_description) by extension 'ignore_ament_install'
[0.268s] Level 1:colcon.colcon_core.package_identification:_identify(src/cr5_description) by extensions ['colcon_pkg']
[0.268s] Level 1:colcon.colcon_core.package_identification:_identify(src/cr5_description) by extension 'colcon_pkg'
[0.268s] Level 1:colcon.colcon_core.package_identification:_identify(src/cr5_description) by extensions ['colcon_meta']
[0.268s] Level 1:colcon.colcon_core.package_identification:_identify(src/cr5_description) by extension 'colcon_meta'
[0.268s] Level 1:colcon.colcon_core.package_identification:_identify(src/cr5_description) by extensions ['ros']
[0.269s] Level 1:colcon.colcon_core.package_identification:_identify(src/cr5_description) by extension 'ros'
[0.271s] DEBUG:colcon.colcon_core.package_identification:Package 'src/cr5_description' with type 'ros.ament_cmake' and name 'cr5_description'
[0.271s] Level 1:colcon.colcon_core.package_identification:_identify(src/cr5_moveit_config) by extensions ['ignore', 'ignore_ament_install']
[0.271s] Level 1:colcon.colcon_core.package_identification:_identify(src/cr5_moveit_config) by extension 'ignore'
[0.271s] Level 1:colcon.colcon_core.package_identification:_identify(src/cr5_moveit_config) by extension 'ignore_ament_install'
[0.271s] Level 1:colcon.colcon_core.package_identification:_identify(src/cr5_moveit_config) by extensions ['colcon_pkg']
[0.271s] Level 1:colcon.colcon_core.package_identification:_identify(src/cr5_moveit_config) by extension 'colcon_pkg'
[0.271s] Level 1:colcon.colcon_core.package_identification:_identify(src/cr5_moveit_config) by extensions ['colcon_meta']
[0.271s] Level 1:colcon.colcon_core.package_identification:_identify(src/cr5_moveit_config) by extension 'colcon_meta'
[0.271s] Level 1:colcon.colcon_core.package_identification:_identify(src/cr5_moveit_config) by extensions ['ros']
[0.271s] Level 1:colcon.colcon_core.package_identification:_identify(src/cr5_moveit_config) by extension 'ros'
[0.272s] DEBUG:colcon.colcon_core.package_identification:Package 'src/cr5_moveit_config' with type 'ros.ament_cmake' and name 'cr5_moveit_config'
[0.272s] Level 1:colcon.colcon_core.package_identification:_identify(../simulation/ros2) by extensions ['ignore', 'ignore_ament_install']
[0.272s] Level 1:colcon.colcon_core.package_identification:_identify(../simulation/ros2) by extension 'ignore'
[0.273s] Level 1:colcon.colcon_core.package_identification:_identify(../simulation/ros2) by extension 'ignore_ament_install'
[0.273s] Level 1:colcon.colcon_core.package_identification:_identify(../simulation/ros2) by extensions ['colcon_pkg']
[0.273s] Level 1:colcon.colcon_core.package_identification:_identify(../simulation/ros2) by extension 'colcon_pkg'
[0.273s] Level 1:colcon.colcon_core.package_identification:_identify(../simulation/ros2) by extensions ['colcon_meta']
[0.273s] Level 1:colcon.colcon_core.package_identification:_identify(../simulation/ros2) by extension 'colcon_meta'
[0.273s] Level 1:colcon.colcon_core.package_identification:_identify(../simulation/ros2) by extensions ['ros']
[0.273s] Level 1:colcon.colcon_core.package_identification:_identify(../simulation/ros2) by extension 'ros'
[0.273s] Level 1:colcon.colcon_core.package_identification:_identify(../simulation/ros2) by extensions ['cmake', 'python']
[0.273s] Level 1:colcon.colcon_core.package_identification:_identify(../simulation/ros2) by extension 'cmake'
[0.273s] Level 1:colcon.colcon_core.package_identification:_identify(../simulation/ros2) by extension 'python'
[0.273s] Level 1:colcon.colcon_core.package_identification:_identify(../simulation/ros2) by extensions ['python_setup_py']
[0.273s] Level 1:colcon.colcon_core.package_identification:_identify(../simulation/ros2) by extension 'python_setup_py'
[0.273s] Level 1:colcon.colcon_core.package_identification:_identify(../simulation/ros2/meter_grasp) by extensions ['ignore', 'ignore_ament_install']
[0.274s] Level 1:colcon.colcon_core.package_identification:_identify(../simulation/ros2/meter_grasp) by extension 'ignore'
[0.274s] Level 1:colcon.colcon_core.package_identification:_identify(../simulation/ros2/meter_grasp) by extension 'ignore_ament_install'
[0.274s] Level 1:colcon.colcon_core.package_identification:_identify(../simulation/ros2/meter_grasp) by extensions ['colcon_pkg']
[0.274s] Level 1:colcon.colcon_core.package_identification:_identify(../simulation/ros2/meter_grasp) by extension 'colcon_pkg'
[0.274s] Level 1:colcon.colcon_core.package_identification:_identify(../simulation/ros2/meter_grasp) by extensions ['colcon_meta']
[0.274s] Level 1:colcon.colcon_core.package_identification:_identify(../simulation/ros2/meter_grasp) by extension 'colcon_meta'
[0.274s] Level 1:colcon.colcon_core.package_identification:_identify(../simulation/ros2/meter_grasp) by extensions ['ros']
[0.274s] Level 1:colcon.colcon_core.package_identification:_identify(../simulation/ros2/meter_grasp) by extension 'ros'
[0.275s] DEBUG:colcon.colcon_core.package_identification:Package '../simulation/ros2/meter_grasp' with type 'ros.ament_python' and name 'meter_grasp'
[0.275s] Level 1:colcon.colcon_core.package_discovery:discover_packages(recursive) using defaults
[0.293s] INFO:colcon.colcon_core.package_selection:Skipping not selected package 'cr5_description' in 'src/cr5_description'
[0.293s] Level 1:colcon.colcon_core.package_discovery:discover_packages(prefix_path) check parameters
[0.294s] Level 1:colcon.colcon_core.package_discovery:discover_packages(prefix_path) discover
[0.296s] DEBUG:colcon.colcon_installed_package_information.package_discovery:Found 359 installed packages in /opt/ros/humble
[0.310s] Level 1:colcon.colcon_core.package_discovery:discover_packages(prefix_path) using defaults
[0.355s] Level 5:colcon.colcon_core.verb:set package 'cr5_moveit_config' build argument 'cmake_args' from command line to 'None'
[0.355s] Level 5:colcon.colcon_core.verb:set package 'cr5_moveit_config' build argument 'cmake_target' from command line to 'None'
[0.355s] Level 5:colcon.colcon_core.verb:set package 'cr5_moveit_config' build argument 'cmake_target_skip_unavailable' from command line to 'False'
[0.355s] Level 5:colcon.colcon_core.verb:set package 'cr5_moveit_config' build argument 'cmake_clean_cache' from command line to 'False'
[0.355s] Level 5:colcon.colcon_core.verb:set package 'cr5_moveit_config' build argument 'cmake_clean_first' from command line to 'False'
[0.355s] Level 5:colcon.colcon_core.verb:set package 'cr5_moveit_config' build argument 'cmake_force_configure' from command line to 'False'
[0.355s] Level 5:colcon.colcon_core.verb:set package 'cr5_moveit_config' build argument 'ament_cmake_args' from command line to 'None'
[0.355s] Level 5:colcon.colcon_core.verb:set package 'cr5_moveit_config' build argument 'catkin_cmake_args' from command line to 'None'
[0.355s] Level 5:colcon.colcon_core.verb:set package 'cr5_moveit_config' build argument 'catkin_skip_building_tests' from command line to 'False'
[0.355s] DEBUG:colcon.colcon_core.verb:Building package 'cr5_moveit_config' with the following arguments: {'ament_cmake_args': None, 'build_base': '/home/haoran/Arm/meter_replacement/robot/build/cr5_moveit_config', 'catkin_cmake_args': None, 'catkin_skip_building_tests': False, 'cmake_args': None, 'cmake_clean_cache': False, 'cmake_clean_first': False, 'cmake_force_configure': False, 'cmake_target': None, 'cmake_target_skip_unavailable': False, 'install_base': '/home/haoran/Arm/meter_replacement/robot/install/cr5_moveit_config', 'merge_install': False, 'path': '/home/haoran/Arm/meter_replacement/robot/src/cr5_moveit_config', 'symlink_install': True, 'test_result_base': None}
[0.355s] Level 5:colcon.colcon_core.verb:set package 'meter_grasp' build argument 'cmake_args' from command line to 'None'
[0.355s] Level 5:colcon.colcon_core.verb:set package 'meter_grasp' build argument 'cmake_target' from command line to 'None'
[0.356s] Level 5:colcon.colcon_core.verb:set package 'meter_grasp' build argument 'cmake_target_skip_unavailable' from command line to 'False'
[0.356s] Level 5:colcon.colcon_core.verb:set package 'meter_grasp' build argument 'cmake_clean_cache' from command line to 'False'
[0.356s] Level 5:colcon.colcon_core.verb:set package 'meter_grasp' build argument 'cmake_clean_first' from command line to 'False'
[0.356s] Level 5:colcon.colcon_core.verb:set package 'meter_grasp' build argument 'cmake_force_configure' from command line to 'False'
[0.356s] Level 5:colcon.colcon_core.verb:set package 'meter_grasp' build argument 'ament_cmake_args' from command line to 'None'
[0.356s] Level 5:colcon.colcon_core.verb:set package 'meter_grasp' build argument 'catkin_cmake_args' from command line to 'None'
[0.356s] Level 5:colcon.colcon_core.verb:set package 'meter_grasp' build argument 'catkin_skip_building_tests' from command line to 'False'
[0.356s] DEBUG:colcon.colcon_core.verb:Building package 'meter_grasp' with the following arguments: {'ament_cmake_args': None, 'build_base': '/home/haoran/Arm/meter_replacement/robot/build/meter_grasp', 'catkin_cmake_args': None, 'catkin_skip_building_tests': False, 'cmake_args': None, 'cmake_clean_cache': False, 'cmake_clean_first': False, 'cmake_force_configure': False, 'cmake_target': None, 'cmake_target_skip_unavailable': False, 'install_base': '/home/haoran/Arm/meter_replacement/robot/install/meter_grasp', 'merge_install': False, 'path': '/home/haoran/Arm/meter_replacement/simulation/ros2/meter_grasp', 'symlink_install': True, 'test_result_base': None}
[0.356s] INFO:colcon.colcon_core.executor:Executing jobs using 'parallel' executor
[0.358s] DEBUG:colcon.colcon_parallel_executor.executor.parallel:run_until_complete
[0.358s] INFO:colcon.colcon_ros.task.ament_cmake.build:Building ROS package in '/home/haoran/Arm/meter_replacement/robot/src/cr5_moveit_config' with build type 'ament_cmake'
[0.358s] INFO:colcon.colcon_cmake.task.cmake.build:Building CMake package in '/home/haoran/Arm/meter_replacement/robot/src/cr5_moveit_config'
[0.361s] INFO:colcon.colcon_core.plugin_system:Skipping extension 'colcon_core.shell.bat': Not used on non-Windows systems
[0.361s] INFO:colcon.colcon_core.shell:Skip shell extension 'powershell' for command environment: Not usable outside of PowerShell
[0.361s] DEBUG:colcon.colcon_core.shell:Skip shell extension 'dsv' for command environment
[0.374s] DEBUG:colcon.colcon_core.event_handler.log_command:Invoking command in '/home/haoran/Arm/meter_replacement/robot/build/cr5_moveit_config': AMENT_PREFIX_PATH=/home/haoran/Arm/meter_replacement/robot/install/cr5_description:${AMENT_PREFIX_PATH} CMAKE_PREFIX_PATH=/home/haoran/Arm/meter_replacement/robot/install/cr5_description:/opt/ros/humble CONDA_PROMPT_MODIFIER=(base) /usr/bin/cmake --build /home/haoran/Arm/meter_replacement/robot/build/cr5_moveit_config -- -j4 -l4
[30.389s] DEBUG:colcon.colcon_core.event_handler.log_command:Invoked command in '/home/haoran/Arm/meter_replacement/robot/build/cr5_moveit_config' returned '0': AMENT_PREFIX_PATH=/home/haoran/Arm/meter_replacement/robot/install/cr5_description:${AMENT_PREFIX_PATH} CMAKE_PREFIX_PATH=/home/haoran/Arm/meter_replacement/robot/install/cr5_description:/opt/ros/humble CONDA_PROMPT_MODIFIER=(base) /usr/bin/cmake --build /home/haoran/Arm/meter_replacement/robot/build/cr5_moveit_config -- -j4 -l4
[30.403s] DEBUG:colcon.colcon_core.event_handler.log_command:Invoking command in '/home/haoran/Arm/meter_replacement/robot/build/cr5_moveit_config': AMENT_PREFIX_PATH=/home/haoran/Arm/meter_replacement/robot/install/cr5_description:${AMENT_PREFIX_PATH} CMAKE_PREFIX_PATH=/home/haoran/Arm/meter_replacement/robot/install/cr5_description:/opt/ros/humble CONDA_PROMPT_MODIFIER=(base) /usr/bin/cmake --install /home/haoran/Arm/meter_replacement/robot/build/cr5_moveit_config
[30.457s] Level 1:colcon.colcon_core.environment:create_environment_scripts_only(cr5_moveit_config)
[30.457s] DEBUG:colcon.colcon_core.event_handler.log_command:Invoked command in '/home/haoran/Arm/meter_replacement/robot/build/cr5_moveit_config' returned '0': AMENT_PREFIX_PATH=/home/haoran/Arm/meter_replacement/robot/install/cr5_description:${AMENT_PREFIX_PATH} CMAKE_PREFIX_PATH=/home/haoran/Arm/meter_replacement/robot/install/cr5_description:/opt/ros/humble CONDA_PROMPT_MODIFIER=(base) /usr/bin/cmake --install /home/haoran/Arm/meter_replacement/robot/build/cr5_moveit_config
[30.459s] Level 1:colcon.colcon_core.environment:checking '/home/haoran/Arm/meter_replacement/robot/install/cr5_moveit_config' for CMake module files
[30.460s] Level 1:colcon.colcon_core.environment:checking '/home/haoran/Arm/meter_replacement/robot/install/cr5_moveit_config' for CMake config files
[30.460s] Level 1:colcon.colcon_core.shell:create_environment_hook('cr5_moveit_config', 'cmake_prefix_path')
[30.461s] INFO:colcon.colcon_core.shell:Creating environment hook '/home/haoran/Arm/meter_replacement/robot/install/cr5_moveit_config/share/cr5_moveit_config/hook/cmake_prefix_path.ps1'
[30.462s] INFO:colcon.colcon_core.shell:Creating environment descriptor '/home/haoran/Arm/meter_replacement/robot/install/cr5_moveit_config/share/cr5_moveit_config/hook/cmake_prefix_path.dsv'
[30.462s] INFO:colcon.colcon_core.shell:Creating environment hook '/home/haoran/Arm/meter_replacement/robot/install/cr5_moveit_config/share/cr5_moveit_config/hook/cmake_prefix_path.sh'
[30.463s] Level 1:colcon.colcon_core.environment:checking '/home/haoran/Arm/meter_replacement/robot/install/cr5_moveit_config/bin'
[30.463s] Level 1:colcon.colcon_core.environment:checking '/home/haoran/Arm/meter_replacement/robot/install/cr5_moveit_config/lib/pkgconfig/cr5_moveit_config.pc'
[30.464s] Level 1:colcon.colcon_core.environment:checking '/home/haoran/Arm/meter_replacement/robot/install/cr5_moveit_config/lib/python3.10/site-packages'
[30.464s] Level 1:colcon.colcon_core.environment:checking '/home/haoran/Arm/meter_replacement/robot/install/cr5_moveit_config/bin'
[30.464s] INFO:colcon.colcon_core.shell:Creating package script '/home/haoran/Arm/meter_replacement/robot/install/cr5_moveit_config/share/cr5_moveit_config/package.ps1'
[30.466s] INFO:colcon.colcon_core.shell:Creating package descriptor '/home/haoran/Arm/meter_replacement/robot/install/cr5_moveit_config/share/cr5_moveit_config/package.dsv'
[30.467s] INFO:colcon.colcon_core.shell:Creating package script '/home/haoran/Arm/meter_replacement/robot/install/cr5_moveit_config/share/cr5_moveit_config/package.sh'
[30.468s] INFO:colcon.colcon_core.shell:Creating package script '/home/haoran/Arm/meter_replacement/robot/install/cr5_moveit_config/share/cr5_moveit_config/package.bash'
[30.469s] INFO:colcon.colcon_core.shell:Creating package script '/home/haoran/Arm/meter_replacement/robot/install/cr5_moveit_config/share/cr5_moveit_config/package.zsh'
[30.470s] Level 1:colcon.colcon_core.environment:create_file_with_runtime_dependencies(/home/haoran/Arm/meter_replacement/robot/install/cr5_moveit_config/share/colcon-core/packages/cr5_moveit_config)
[30.471s] Level 1:colcon.colcon_core.environment:create_environment_scripts_only(cr5_moveit_config)
[30.472s] Level 1:colcon.colcon_core.environment:checking '/home/haoran/Arm/meter_replacement/robot/install/cr5_moveit_config' for CMake module files
[30.472s] Level 1:colcon.colcon_core.environment:checking '/home/haoran/Arm/meter_replacement/robot/install/cr5_moveit_config' for CMake config files
[30.473s] Level 1:colcon.colcon_core.shell:create_environment_hook('cr5_moveit_config', 'cmake_prefix_path')
[30.474s] INFO:colcon.colcon_core.shell:Creating environment hook '/home/haoran/Arm/meter_replacement/robot/install/cr5_moveit_config/share/cr5_moveit_config/hook/cmake_prefix_path.ps1'
[30.475s] INFO:colcon.colcon_core.shell:Creating environment descriptor '/home/haoran/Arm/meter_replacement/robot/install/cr5_moveit_config/share/cr5_moveit_config/hook/cmake_prefix_path.dsv'
[30.475s] INFO:colcon.colcon_core.shell:Creating environment hook '/home/haoran/Arm/meter_replacement/robot/install/cr5_moveit_config/share/cr5_moveit_config/hook/cmake_prefix_path.sh'
[30.476s] Level 1:colcon.colcon_core.environment:checking '/home/haoran/Arm/meter_replacement/robot/install/cr5_moveit_config/bin'
[30.476s] Level 1:colcon.colcon_core.environment:checking '/home/haoran/Arm/meter_replacement/robot/install/cr5_moveit_config/lib/pkgconfig/cr5_moveit_config.pc'
[30.476s] Level 1:colcon.colcon_core.environment:checking '/home/haoran/Arm/meter_replacement/robot/install/cr5_moveit_config/lib/python3.10/site-packages'
[30.477s] Level 1:colcon.colcon_core.environment:checking '/home/haoran/Arm/meter_replacement/robot/install/cr5_moveit_config/bin'
[30.477s] INFO:colcon.colcon_core.shell:Creating package script '/home/haoran/Arm/meter_replacement/robot/install/cr5_moveit_config/share/cr5_moveit_config/package.ps1'
[30.478s] INFO:colcon.colcon_core.shell:Creating package descriptor '/home/haoran/Arm/meter_replacement/robot/install/cr5_moveit_config/share/cr5_moveit_config/package.dsv'
[30.479s] INFO:colcon.colcon_core.shell:Creating package script '/home/haoran/Arm/meter_replacement/robot/install/cr5_moveit_config/share/cr5_moveit_config/package.sh'
[30.479s] INFO:colcon.colcon_core.shell:Creating package script '/home/haoran/Arm/meter_replacement/robot/install/cr5_moveit_config/share/cr5_moveit_config/package.bash'
[30.480s] INFO:colcon.colcon_core.shell:Creating package script '/home/haoran/Arm/meter_replacement/robot/install/cr5_moveit_config/share/cr5_moveit_config/package.zsh'
[30.481s] Level 1:colcon.colcon_core.environment:create_file_with_runtime_dependencies(/home/haoran/Arm/meter_replacement/robot/install/cr5_moveit_config/share/colcon-core/packages/cr5_moveit_config)
[30.483s] INFO:colcon.colcon_ros.task.ament_python.build:Building ROS package in '/home/haoran/Arm/meter_replacement/simulation/ros2/meter_grasp' with build type 'ament_python'
[30.483s] Level 1:colcon.colcon_core.shell:create_environment_hook('meter_grasp', 'ament_prefix_path')
[30.484s] INFO:colcon.colcon_core.shell:Creating environment hook '/home/haoran/Arm/meter_replacement/robot/install/meter_grasp/share/meter_grasp/hook/ament_prefix_path.ps1'
[30.485s] INFO:colcon.colcon_core.shell:Creating environment descriptor '/home/haoran/Arm/meter_replacement/robot/install/meter_grasp/share/meter_grasp/hook/ament_prefix_path.dsv'
[30.485s] INFO:colcon.colcon_core.shell:Creating environment hook '/home/haoran/Arm/meter_replacement/robot/install/meter_grasp/share/meter_grasp/hook/ament_prefix_path.sh'
[30.486s] INFO:colcon.colcon_core.shell:Skip shell extension 'powershell' for command environment: Not usable outside of PowerShell
[30.486s] DEBUG:colcon.colcon_core.shell:Skip shell extension 'dsv' for command environment
[30.726s] INFO:colcon.colcon_core.task.python.build:Building Python package in '/home/haoran/Arm/meter_replacement/simulation/ros2/meter_grasp'
[30.726s] INFO:colcon.colcon_core.shell:Skip shell extension 'powershell' for command environment: Not usable outside of PowerShell
[30.726s] DEBUG:colcon.colcon_core.shell:Skip shell extension 'dsv' for command environment
[60.513s] DEBUG:colcon.colcon_core.task.python.build:Available setuptools commands: build_clib, alias, bdist, saveopts, install_data, test, extract_messages, install, clean, bdist_egg, bdist_dumb, build_scripts, easy_install, sdist, setopt, install_headers, build_py, build_ext, bdist_rpm, install_egg_info, dist_info, install_lib, develop, install_scripts, upload_docs, compile_catalog, register, build, update_catalog, egg_info, upload, symlink_data, check, init_catalog, rotate
[60.756s] DEBUG:colcon.colcon_core.task.python.build:Available setuptools 'develop' options: --help, --editable, --zip-ok, --no-deps, --uninstall, --exclude-scripts, --install-layout, --version, --find-links, --build-directory, --allow-hosts, --no-user-cfg, --always-unzip, --dry-run, --site-dirs, --always-copy, --prefix, --force-installation-into-system-dir, --egg-path, --verbose, --multi-version, --user, --quiet, --upgrade, --install-dir, --script-dir, --index-url, --no-find-links, --optimize, --local-snapshots-ok, --record
[60.759s] DEBUG:colcon.colcon_core.event_handler.log_command:Invoking command in '/home/haoran/Arm/meter_replacement/robot/build/meter_grasp': AMENT_PREFIX_PATH=/home/haoran/Arm/meter_replacement/robot/install/cr5_moveit_config:/home/haoran/Arm/meter_replacement/robot/install/cr5_description:${AMENT_PREFIX_PATH} CMAKE_PREFIX_PATH=/home/haoran/Arm/meter_replacement/robot/install/cr5_moveit_config:/home/haoran/Arm/meter_replacement/robot/install/cr5_description CONDA_PROMPT_MODIFIER=(base) PYTHONPATH=/home/haoran/Arm/meter_replacement/robot/build/meter_grasp/prefix_override:/usr/lib/python3/dist-packages/colcon_core/task/python/colcon_distutils_commands:/home/haoran/Arm/meter_replacement/robot/install/meter_grasp/lib/python3.10/site-packages:${PYTHONPATH} /usr/bin/python3 -W ignore:setup.py install is deprecated -W ignore:easy_install command is deprecated setup.py develop --editable --build-directory /home/haoran/Arm/meter_replacement/robot/build/meter_grasp/build --no-deps symlink_data
[61.148s] Level 1:colcon.colcon_core.shell:create_environment_hook('meter_grasp', 'pythonpath_develop')
[61.149s] DEBUG:colcon.colcon_core.event_handler.log_command:Invoked command in '/home/haoran/Arm/meter_replacement/robot/build/meter_grasp' returned '0': AMENT_PREFIX_PATH=/home/haoran/Arm/meter_replacement/robot/install/cr5_moveit_config:/home/haoran/Arm/meter_replacement/robot/install/cr5_description:${AMENT_PREFIX_PATH} CMAKE_PREFIX_PATH=/home/haoran/Arm/meter_replacement/robot/install/cr5_moveit_config:/home/haoran/Arm/meter_replacement/robot/install/cr5_description CONDA_PROMPT_MODIFIER=(base) PYTHONPATH=/home/haoran/Arm/meter_replacement/robot/build/meter_grasp/prefix_override:/usr/lib/python3/dist-packages/colcon_core/task/python/colcon_distutils_commands:/home/haoran/Arm/meter_replacement/robot/install/meter_grasp/lib/python3.10/site-packages:${PYTHONPATH} /usr/bin/python3 -W ignore:setup.py install is deprecated -W ignore:easy_install command is deprecated setup.py develop --editable --build-directory /home/haoran/Arm/meter_replacement/robot/build/meter_grasp/build --no-deps symlink_data
[61.149s] INFO:colcon.colcon_core.shell:Creating environment hook '/home/haoran/Arm/meter_replacement/robot/build/meter_grasp/share/meter_grasp/hook/pythonpath_develop.ps1'
[61.150s] INFO:colcon.colcon_core.shell:Creating environment descriptor '/home/haoran/Arm/meter_replacement/robot/build/meter_grasp/share/meter_grasp/hook/pythonpath_develop.dsv'
[61.150s] INFO:colcon.colcon_core.shell:Creating environment hook '/home/haoran/Arm/meter_replacement/robot/build/meter_grasp/share/meter_grasp/hook/pythonpath_develop.sh'
[61.151s] Level 1:colcon.colcon_core.environment:checking '/home/haoran/Arm/meter_replacement/robot/install/meter_grasp' for CMake module files
[61.151s] Level 1:colcon.colcon_core.environment:checking '/home/haoran/Arm/meter_replacement/robot/install/meter_grasp' for CMake config files
[61.152s] Level 1:colcon.colcon_core.environment:checking '/home/haoran/Arm/meter_replacement/robot/install/meter_grasp/lib'
[61.152s] Level 1:colcon.colcon_core.environment:checking '/home/haoran/Arm/meter_replacement/robot/install/meter_grasp/bin'
[61.152s] Level 1:colcon.colcon_core.environment:checking '/home/haoran/Arm/meter_replacement/robot/install/meter_grasp/lib/pkgconfig/meter_grasp.pc'
[61.153s] Level 1:colcon.colcon_core.environment:checking '/home/haoran/Arm/meter_replacement/robot/install/meter_grasp/lib/python3.10/site-packages'
[61.153s] Level 1:colcon.colcon_core.shell:create_environment_hook('meter_grasp', 'pythonpath')
[61.153s] INFO:colcon.colcon_core.shell:Creating environment hook '/home/haoran/Arm/meter_replacement/robot/install/meter_grasp/share/meter_grasp/hook/pythonpath.ps1'
[61.154s] INFO:colcon.colcon_core.shell:Creating environment descriptor '/home/haoran/Arm/meter_replacement/robot/install/meter_grasp/share/meter_grasp/hook/pythonpath.dsv'
[61.155s] INFO:colcon.colcon_core.shell:Creating environment hook '/home/haoran/Arm/meter_replacement/robot/install/meter_grasp/share/meter_grasp/hook/pythonpath.sh'
[61.156s] Level 1:colcon.colcon_core.environment:checking '/home/haoran/Arm/meter_replacement/robot/install/meter_grasp/bin'
[61.156s] Level 1:colcon.colcon_core.environment:create_environment_scripts_only(meter_grasp)
[61.157s] INFO:colcon.colcon_core.shell:Creating package script '/home/haoran/Arm/meter_replacement/robot/install/meter_grasp/share/meter_grasp/package.ps1'
[61.158s] INFO:colcon.colcon_core.shell:Creating package descriptor '/home/haoran/Arm/meter_replacement/robot/install/meter_grasp/share/meter_grasp/package.dsv'
[61.159s] INFO:colcon.colcon_core.shell:Creating package script '/home/haoran/Arm/meter_replacement/robot/install/meter_grasp/share/meter_grasp/package.sh'
[61.160s] INFO:colcon.colcon_core.shell:Creating package script '/home/haoran/Arm/meter_replacement/robot/install/meter_grasp/share/meter_grasp/package.bash'
[61.160s] INFO:colcon.colcon_core.shell:Creating package script '/home/haoran/Arm/meter_replacement/robot/install/meter_grasp/share/meter_grasp/package.zsh'
[61.160s] Level 1:colcon.colcon_core.environment:create_file_with_runtime_dependencies(/home/haoran/Arm/meter_replacement/robot/install/meter_grasp/share/colcon-core/packages/meter_grasp)
[61.161s] DEBUG:colcon.colcon_parallel_executor.executor.parallel:closing loop
[61.161s] DEBUG:colcon.colcon_parallel_executor.executor.parallel:loop closed
[61.161s] DEBUG:colcon.colcon_parallel_executor.executor.parallel:run_until_complete finished with '0'
[61.161s] DEBUG:colcon.colcon_core.event_reactor:joining thread
[61.167s] INFO:colcon.colcon_core.plugin_system:Skipping extension 'colcon_notification.desktop_notification.terminal_notifier': Not used on non-Darwin systems
[61.167s] INFO:colcon.colcon_core.plugin_system:Skipping extension 'colcon_notification.desktop_notification.win32': Not used on non-Windows systems
[61.168s] INFO:colcon.colcon_notification.desktop_notification:Sending desktop notification using 'notify2'
[61.168s] DEBUG:colcon.colcon_notification.desktop_notification.notify2:Failed to initialize notify2: org.freedesktop.DBus.Error.AccessDenied: Failed to connect to socket /run/user/1000/bus: Operation not permitted
[61.168s] DEBUG:colcon.colcon_core.event_reactor:joined thread
[61.168s] INFO:colcon.colcon_core.shell:Creating prefix script '/home/haoran/Arm/meter_replacement/robot/install/local_setup.ps1'
[61.169s] INFO:colcon.colcon_core.shell:Creating prefix util module '/home/haoran/Arm/meter_replacement/robot/install/_local_setup_util_ps1.py'
[61.170s] INFO:colcon.colcon_core.shell:Creating prefix chain script '/home/haoran/Arm/meter_replacement/robot/install/setup.ps1'
[61.171s] INFO:colcon.colcon_core.shell:Creating prefix script '/home/haoran/Arm/meter_replacement/robot/install/local_setup.sh'
[61.172s] INFO:colcon.colcon_core.shell:Creating prefix util module '/home/haoran/Arm/meter_replacement/robot/install/_local_setup_util_sh.py'
[61.173s] INFO:colcon.colcon_core.shell:Creating prefix chain script '/home/haoran/Arm/meter_replacement/robot/install/setup.sh'
[61.174s] INFO:colcon.colcon_core.shell:Creating prefix script '/home/haoran/Arm/meter_replacement/robot/install/local_setup.bash'
[61.175s] INFO:colcon.colcon_core.shell:Creating prefix chain script '/home/haoran/Arm/meter_replacement/robot/install/setup.bash'
[61.175s] INFO:colcon.colcon_core.shell:Creating prefix script '/home/haoran/Arm/meter_replacement/robot/install/local_setup.zsh'
[61.176s] INFO:colcon.colcon_core.shell:Creating prefix chain script '/home/haoran/Arm/meter_replacement/robot/install/setup.zsh'
