[0.187s] DEBUG:colcon:Command line arguments: ['/usr/bin/colcon', 'build', '--base-paths', '../simulation/ros2', '--packages-select', 'meter_grasp', '--symlink-install']
[0.187s] DEBUG:colcon:Parsed command line arguments: Namespace(log_base=None, log_level=None, verb_name='build', build_base='build', install_base='install', merge_install=False, symlink_install=True, test_result_base=None, continue_on_error=False, executor='parallel', parallel_workers=4, event_handlers=None, ignore_user_meta=False, metas=['./colcon.meta'], base_paths=['../simulation/ros2'], packages_ignore=None, packages_ignore_regex=None, paths=None, packages_up_to=None, packages_up_to_regex=None, packages_above=None, packages_above_and_dependencies=None, packages_above_depth=None, packages_select_by_dep=None, packages_skip_by_dep=None, packages_skip_up_to=None, packages_select_build_failed=False, packages_skip_build_finished=False, packages_select_test_failures=False, packages_skip_test_passed=False, packages_select=['meter_grasp'], packages_skip=None, packages_select_regex=None, packages_skip_regex=None, packages_start=None, packages_end=None, allow_overriding=[], cmake_args=None, cmake_target=None, cmake_target_skip_unavailable=False, cmake_clean_cache=False, cmake_clean_first=False, cmake_force_configure=False, ament_cmake_args=None, catkin_cmake_args=None, catkin_skip_building_tests=False, verb_parser=<colcon_defaults.argument_parser.defaults.DefaultArgumentsDecorator object at 0x74c599c486d0>, verb_extension=<colcon_core.verb.build.BuildVerb object at 0x74c599dc5d50>, main=<bound method BuildVerb.main of <colcon_core.verb.build.BuildVerb object at 0x74c599dc5d50>>)
[0.534s] Level 1:colcon.colcon_core.package_discovery:discover_packages(colcon_meta) check parameters
[0.535s] Level 1:colcon.colcon_core.package_discovery:discover_packages(recursive) check parameters
[0.535s] Level 1:colcon.colcon_core.package_discovery:discover_packages(ignore) check parameters
[0.535s] Level 1:colcon.colcon_core.package_discovery:discover_packages(path) check parameters
[0.535s] Level 1:colcon.colcon_core.package_discovery:discover_packages(recursive) discover
[0.535s] INFO:colcon.colcon_core.package_discovery:Crawling recursively for packages in '/home/haoran/Arm/meter_replacement/simulation/ros2'
[0.535s] Level 1:colcon.colcon_core.package_identification:_identify(../simulation/ros2) by extensions ['ignore', 'ignore_ament_install']
[0.535s] Level 1:colcon.colcon_core.package_identification:_identify(../simulation/ros2) by extension 'ignore'
[0.535s] Level 1:colcon.colcon_core.package_identification:_identify(../simulation/ros2) by extension 'ignore_ament_install'
[0.536s] Level 1:colcon.colcon_core.package_identification:_identify(../simulation/ros2) by extensions ['colcon_pkg']
[0.536s] Level 1:colcon.colcon_core.package_identification:_identify(../simulation/ros2) by extension 'colcon_pkg'
[0.536s] Level 1:colcon.colcon_core.package_identification:_identify(../simulation/ros2) by extensions ['colcon_meta']
[0.536s] Level 1:colcon.colcon_core.package_identification:_identify(../simulation/ros2) by extension 'colcon_meta'
[0.536s] Level 1:colcon.colcon_core.package_identification:_identify(../simulation/ros2) by extensions ['ros']
[0.536s] Level 1:colcon.colcon_core.package_identification:_identify(../simulation/ros2) by extension 'ros'
[0.559s] Level 1:colcon.colcon_core.package_identification:_identify(../simulation/ros2) by extensions ['cmake', 'python']
[0.559s] Level 1:colcon.colcon_core.package_identification:_identify(../simulation/ros2) by extension 'cmake'
[0.559s] Level 1:colcon.colcon_core.package_identification:_identify(../simulation/ros2) by extension 'python'
[0.559s] Level 1:colcon.colcon_core.package_identification:_identify(../simulation/ros2) by extensions ['python_setup_py']
[0.559s] Level 1:colcon.colcon_core.package_identification:_identify(../simulation/ros2) by extension 'python_setup_py'
[0.559s] Level 1:colcon.colcon_core.package_identification:_identify(../simulation/ros2/meter_grasp) by extensions ['ignore', 'ignore_ament_install']
[0.559s] Level 1:colcon.colcon_core.package_identification:_identify(../simulation/ros2/meter_grasp) by extension 'ignore'
[0.560s] Level 1:colcon.colcon_core.package_identification:_identify(../simulation/ros2/meter_grasp) by extension 'ignore_ament_install'
[0.560s] Level 1:colcon.colcon_core.package_identification:_identify(../simulation/ros2/meter_grasp) by extensions ['colcon_pkg']
[0.560s] Level 1:colcon.colcon_core.package_identification:_identify(../simulation/ros2/meter_grasp) by extension 'colcon_pkg'
[0.560s] Level 1:colcon.colcon_core.package_identification:_identify(../simulation/ros2/meter_grasp) by extensions ['colcon_meta']
[0.560s] Level 1:colcon.colcon_core.package_identification:_identify(../simulation/ros2/meter_grasp) by extension 'colcon_meta'
[0.560s] Level 1:colcon.colcon_core.package_identification:_identify(../simulation/ros2/meter_grasp) by extensions ['ros']
[0.560s] Level 1:colcon.colcon_core.package_identification:_identify(../simulation/ros2/meter_grasp) by extension 'ros'
[0.566s] DEBUG:colcon.colcon_core.package_identification:Package '../simulation/ros2/meter_grasp' with type 'ros.ament_python' and name 'meter_grasp'
[0.566s] Level 1:colcon.colcon_core.package_discovery:discover_packages(recursive) using defaults
[0.618s] Level 1:colcon.colcon_core.package_discovery:discover_packages(prefix_path) check parameters
[0.619s] Level 1:colcon.colcon_core.package_discovery:discover_packages(prefix_path) discover
[0.628s] DEBUG:colcon.colcon_installed_package_information.package_discovery:Found 362 installed packages in /opt/ros/humble
[0.661s] Level 1:colcon.colcon_core.package_discovery:discover_packages(prefix_path) using defaults
[0.800s] Level 5:colcon.colcon_core.verb:set package 'meter_grasp' build argument 'cmake_args' from command line to 'None'
[0.801s] Level 5:colcon.colcon_core.verb:set package 'meter_grasp' build argument 'cmake_target' from command line to 'None'
[0.801s] Level 5:colcon.colcon_core.verb:set package 'meter_grasp' build argument 'cmake_target_skip_unavailable' from command line to 'False'
[0.801s] Level 5:colcon.colcon_core.verb:set package 'meter_grasp' build argument 'cmake_clean_cache' from command line to 'False'
[0.801s] Level 5:colcon.colcon_core.verb:set package 'meter_grasp' build argument 'cmake_clean_first' from command line to 'False'
[0.802s] Level 5:colcon.colcon_core.verb:set package 'meter_grasp' build argument 'cmake_force_configure' from command line to 'False'
[0.802s] Level 5:colcon.colcon_core.verb:set package 'meter_grasp' build argument 'ament_cmake_args' from command line to 'None'
[0.802s] Level 5:colcon.colcon_core.verb:set package 'meter_grasp' build argument 'catkin_cmake_args' from command line to 'None'
[0.802s] Level 5:colcon.colcon_core.verb:set package 'meter_grasp' build argument 'catkin_skip_building_tests' from command line to 'False'
[0.802s] DEBUG:colcon.colcon_core.verb:Building package 'meter_grasp' with the following arguments: {'ament_cmake_args': None, 'build_base': '/home/haoran/Arm/meter_replacement/robot/build/meter_grasp', 'catkin_cmake_args': None, 'catkin_skip_building_tests': False, 'cmake_args': None, 'cmake_clean_cache': False, 'cmake_clean_first': False, 'cmake_force_configure': False, 'cmake_target': None, 'cmake_target_skip_unavailable': False, 'install_base': '/home/haoran/Arm/meter_replacement/robot/install/meter_grasp', 'merge_install': False, 'path': '/home/haoran/Arm/meter_replacement/simulation/ros2/meter_grasp', 'symlink_install': True, 'test_result_base': None}
[0.802s] INFO:colcon.colcon_core.executor:Executing jobs using 'parallel' executor
[0.804s] DEBUG:colcon.colcon_parallel_executor.executor.parallel:run_until_complete
[0.804s] INFO:colcon.colcon_ros.task.ament_python.build:Building ROS package in '/home/haoran/Arm/meter_replacement/simulation/ros2/meter_grasp' with build type 'ament_python'
[0.804s] Level 1:colcon.colcon_core.shell:create_environment_hook('meter_grasp', 'ament_prefix_path')
[0.811s] INFO:colcon.colcon_core.plugin_system:Skipping extension 'colcon_core.shell.bat': Not used on non-Windows systems
[0.812s] INFO:colcon.colcon_core.shell:Creating environment hook '/home/haoran/Arm/meter_replacement/robot/install/meter_grasp/share/meter_grasp/hook/ament_prefix_path.ps1'
[0.815s] INFO:colcon.colcon_core.shell:Creating environment descriptor '/home/haoran/Arm/meter_replacement/robot/install/meter_grasp/share/meter_grasp/hook/ament_prefix_path.dsv'
[0.817s] INFO:colcon.colcon_core.shell:Creating environment hook '/home/haoran/Arm/meter_replacement/robot/install/meter_grasp/share/meter_grasp/hook/ament_prefix_path.sh'
[0.818s] INFO:colcon.colcon_core.shell:Skip shell extension 'powershell' for command environment: Not usable outside of PowerShell
[0.819s] DEBUG:colcon.colcon_core.shell:Skip shell extension 'dsv' for command environment
[1.159s] INFO:colcon.colcon_core.task.python.build:Building Python package in '/home/haoran/Arm/meter_replacement/simulation/ros2/meter_grasp'
[1.159s] INFO:colcon.colcon_core.shell:Skip shell extension 'powershell' for command environment: Not usable outside of PowerShell
[1.159s] DEBUG:colcon.colcon_core.shell:Skip shell extension 'dsv' for command environment
[30.835s] DEBUG:colcon.colcon_core.task.python.build:Available setuptools commands: build_clib, bdist, install_scripts, dist_info, upload_docs, symlink_data, install_egg_info, bdist_rpm, init_catalog, extract_messages, install_headers, bdist_dumb, test, build_py, compile_catalog, check, register, saveopts, bdist_egg, alias, upload, build_ext, easy_install, clean, setopt, develop, egg_info, install_lib, build_scripts, sdist, rotate, install, build, update_catalog, install_data
[60.868s] DEBUG:colcon.colcon_core.task.python.build:Available setuptools 'develop' options: --uninstall, --find-links, --no-deps, --prefix, --record, --no-find-links, --egg-path, --optimize, --upgrade, --site-dirs, --editable, --allow-hosts, --script-dir, --force-installation-into-system-dir, --quiet, --help, --user, --always-copy, --install-dir, --dry-run, --multi-version, --local-snapshots-ok, --index-url, --build-directory, --always-unzip, --version, --no-user-cfg, --install-layout, --zip-ok, --exclude-scripts, --verbose
[60.882s] DEBUG:colcon.colcon_core.event_handler.log_command:Invoking command in '/home/haoran/Arm/meter_replacement/robot/build/meter_grasp': CONDA_PROMPT_MODIFIER=(base) PYTHONPATH=/home/haoran/Arm/meter_replacement/robot/build/meter_grasp/prefix_override:/usr/lib/python3/dist-packages/colcon_core/task/python/colcon_distutils_commands:/home/haoran/Arm/meter_replacement/robot/install/meter_grasp/lib/python3.10/site-packages:${PYTHONPATH} /usr/bin/python3 -W ignore:setup.py install is deprecated -W ignore:easy_install command is deprecated setup.py develop --editable --build-directory /home/haoran/Arm/meter_replacement/robot/build/meter_grasp/build --no-deps symlink_data
[61.504s] Level 1:colcon.colcon_core.shell:create_environment_hook('meter_grasp', 'pythonpath_develop')
[61.505s] INFO:colcon.colcon_core.shell:Creating environment hook '/home/haoran/Arm/meter_replacement/robot/build/meter_grasp/share/meter_grasp/hook/pythonpath_develop.ps1'
[61.506s] DEBUG:colcon.colcon_core.event_handler.log_command:Invoked command in '/home/haoran/Arm/meter_replacement/robot/build/meter_grasp' returned '0': CONDA_PROMPT_MODIFIER=(base) PYTHONPATH=/home/haoran/Arm/meter_replacement/robot/build/meter_grasp/prefix_override:/usr/lib/python3/dist-packages/colcon_core/task/python/colcon_distutils_commands:/home/haoran/Arm/meter_replacement/robot/install/meter_grasp/lib/python3.10/site-packages:${PYTHONPATH} /usr/bin/python3 -W ignore:setup.py install is deprecated -W ignore:easy_install command is deprecated setup.py develop --editable --build-directory /home/haoran/Arm/meter_replacement/robot/build/meter_grasp/build --no-deps symlink_data
[61.508s] INFO:colcon.colcon_core.shell:Creating environment descriptor '/home/haoran/Arm/meter_replacement/robot/build/meter_grasp/share/meter_grasp/hook/pythonpath_develop.dsv'
[61.509s] INFO:colcon.colcon_core.shell:Creating environment hook '/home/haoran/Arm/meter_replacement/robot/build/meter_grasp/share/meter_grasp/hook/pythonpath_develop.sh'
[61.521s] Level 1:colcon.colcon_core.environment:checking '/home/haoran/Arm/meter_replacement/robot/install/meter_grasp' for CMake module files
[61.522s] Level 1:colcon.colcon_core.environment:checking '/home/haoran/Arm/meter_replacement/robot/install/meter_grasp' for CMake config files
[61.523s] Level 1:colcon.colcon_core.environment:checking '/home/haoran/Arm/meter_replacement/robot/install/meter_grasp/lib'
[61.523s] Level 1:colcon.colcon_core.environment:checking '/home/haoran/Arm/meter_replacement/robot/install/meter_grasp/bin'
[61.523s] Level 1:colcon.colcon_core.environment:checking '/home/haoran/Arm/meter_replacement/robot/install/meter_grasp/lib/pkgconfig/meter_grasp.pc'
[61.524s] Level 1:colcon.colcon_core.environment:checking '/home/haoran/Arm/meter_replacement/robot/install/meter_grasp/lib/python3.10/site-packages'
[61.524s] Level 1:colcon.colcon_core.shell:create_environment_hook('meter_grasp', 'pythonpath')
[61.524s] INFO:colcon.colcon_core.shell:Creating environment hook '/home/haoran/Arm/meter_replacement/robot/install/meter_grasp/share/meter_grasp/hook/pythonpath.ps1'
[61.525s] INFO:colcon.colcon_core.shell:Creating environment descriptor '/home/haoran/Arm/meter_replacement/robot/install/meter_grasp/share/meter_grasp/hook/pythonpath.dsv'
[61.526s] INFO:colcon.colcon_core.shell:Creating environment hook '/home/haoran/Arm/meter_replacement/robot/install/meter_grasp/share/meter_grasp/hook/pythonpath.sh'
[61.527s] Level 1:colcon.colcon_core.environment:checking '/home/haoran/Arm/meter_replacement/robot/install/meter_grasp/bin'
[61.527s] Level 1:colcon.colcon_core.environment:create_environment_scripts_only(meter_grasp)
[61.528s] INFO:colcon.colcon_core.shell:Creating package script '/home/haoran/Arm/meter_replacement/robot/install/meter_grasp/share/meter_grasp/package.ps1'
[61.530s] INFO:colcon.colcon_core.shell:Creating package descriptor '/home/haoran/Arm/meter_replacement/robot/install/meter_grasp/share/meter_grasp/package.dsv'
[61.533s] INFO:colcon.colcon_core.shell:Creating package script '/home/haoran/Arm/meter_replacement/robot/install/meter_grasp/share/meter_grasp/package.sh'
[61.534s] INFO:colcon.colcon_core.shell:Creating package script '/home/haoran/Arm/meter_replacement/robot/install/meter_grasp/share/meter_grasp/package.bash'
[61.538s] INFO:colcon.colcon_core.shell:Creating package script '/home/haoran/Arm/meter_replacement/robot/install/meter_grasp/share/meter_grasp/package.zsh'
[61.539s] Level 1:colcon.colcon_core.environment:create_file_with_runtime_dependencies(/home/haoran/Arm/meter_replacement/robot/install/meter_grasp/share/colcon-core/packages/meter_grasp)
[61.540s] DEBUG:colcon.colcon_parallel_executor.executor.parallel:closing loop
[61.541s] DEBUG:colcon.colcon_parallel_executor.executor.parallel:loop closed
[61.541s] DEBUG:colcon.colcon_parallel_executor.executor.parallel:run_until_complete finished with '0'
[61.541s] DEBUG:colcon.colcon_core.event_reactor:joining thread
[61.553s] INFO:colcon.colcon_core.plugin_system:Skipping extension 'colcon_notification.desktop_notification.terminal_notifier': Not used on non-Darwin systems
[61.553s] INFO:colcon.colcon_core.plugin_system:Skipping extension 'colcon_notification.desktop_notification.win32': Not used on non-Windows systems
[61.553s] INFO:colcon.colcon_notification.desktop_notification:Sending desktop notification using 'notify2'
[61.554s] DEBUG:colcon.colcon_notification.desktop_notification.notify2:Failed to initialize notify2: org.freedesktop.DBus.Error.AccessDenied: Failed to connect to socket /run/user/1000/bus: Operation not permitted
[61.555s] DEBUG:colcon.colcon_core.event_reactor:joined thread
[61.555s] INFO:colcon.colcon_core.shell:Creating prefix script '/home/haoran/Arm/meter_replacement/robot/install/local_setup.ps1'
[61.558s] INFO:colcon.colcon_core.shell:Creating prefix util module '/home/haoran/Arm/meter_replacement/robot/install/_local_setup_util_ps1.py'
[61.560s] INFO:colcon.colcon_core.shell:Creating prefix chain script '/home/haoran/Arm/meter_replacement/robot/install/setup.ps1'
[61.561s] INFO:colcon.colcon_core.shell:Creating prefix script '/home/haoran/Arm/meter_replacement/robot/install/local_setup.sh'
[61.563s] INFO:colcon.colcon_core.shell:Creating prefix util module '/home/haoran/Arm/meter_replacement/robot/install/_local_setup_util_sh.py'
[61.564s] INFO:colcon.colcon_core.shell:Creating prefix chain script '/home/haoran/Arm/meter_replacement/robot/install/setup.sh'
[61.565s] INFO:colcon.colcon_core.shell:Creating prefix script '/home/haoran/Arm/meter_replacement/robot/install/local_setup.bash'
[61.567s] INFO:colcon.colcon_core.shell:Creating prefix chain script '/home/haoran/Arm/meter_replacement/robot/install/setup.bash'
[61.569s] INFO:colcon.colcon_core.shell:Creating prefix script '/home/haoran/Arm/meter_replacement/robot/install/local_setup.zsh'
[61.571s] INFO:colcon.colcon_core.shell:Creating prefix chain script '/home/haoran/Arm/meter_replacement/robot/install/setup.zsh'
