running develop
running egg_info
creating meter_grasp.egg-info
writing meter_grasp.egg-info/PKG-INFO
writing dependency_links to meter_grasp.egg-info/dependency_links.txt
writing entry points to meter_grasp.egg-info/entry_points.txt
writing requirements to meter_grasp.egg-info/requires.txt
writing top-level names to meter_grasp.egg-info/top_level.txt
writing manifest file 'meter_grasp.egg-info/SOURCES.txt'
reading manifest file 'meter_grasp.egg-info/SOURCES.txt'
writing manifest file 'meter_grasp.egg-info/SOURCES.txt'
running build_ext
Creating /home/haoran/Arm/meter_replacement/robot/install/meter_grasp/lib/python3.10/site-packages/meter-grasp.egg-link (link to .)
Installing add_meter_collision script to /home/haoran/Arm/meter_replacement/robot/install/meter_grasp/lib/meter_grasp
Installing attach_meter script to /home/haoran/Arm/meter_replacement/robot/install/meter_grasp/lib/meter_grasp
Installing detach_meter script to /home/haoran/Arm/meter_replacement/robot/install/meter_grasp/lib/meter_grasp
Installing run_meter_grasp script to /home/haoran/Arm/meter_replacement/robot/install/meter_grasp/lib/meter_grasp
Installing run_pick_sequence script to /home/haoran/Arm/meter_replacement/robot/install/meter_grasp/lib/meter_grasp

Installed /home/haoran/Arm/meter_replacement/robot/build/meter_grasp
running symlink_data
creating /home/haoran/Arm/meter_replacement/robot/install/meter_grasp/share/ament_index
creating /home/haoran/Arm/meter_replacement/robot/install/meter_grasp/share/ament_index/resource_index
creating /home/haoran/Arm/meter_replacement/robot/install/meter_grasp/share/ament_index/resource_index/packages
symbolically linking /home/haoran/Arm/meter_replacement/robot/build/meter_grasp/resource/meter_grasp -> /home/haoran/Arm/meter_replacement/robot/install/meter_grasp/share/ament_index/resource_index/packages
symbolically linking /home/haoran/Arm/meter_replacement/robot/build/meter_grasp/package.xml -> /home/haoran/Arm/meter_replacement/robot/install/meter_grasp/share/meter_grasp
creating /home/haoran/Arm/meter_replacement/robot/install/meter_grasp/share/meter_grasp/launch
symbolically linking /home/haoran/Arm/meter_replacement/robot/build/meter_grasp/launch/single_arm_scene.launch.py -> /home/haoran/Arm/meter_replacement/robot/install/meter_grasp/share/meter_grasp/launch
creating /home/haoran/Arm/meter_replacement/robot/install/meter_grasp/share/meter_grasp/config
symbolically linking /home/haoran/Arm/meter_replacement/config/scene.json -> /home/haoran/Arm/meter_replacement/robot/install/meter_grasp/share/meter_grasp/config
symbolically linking /home/haoran/Arm/meter_replacement/config/poses.yaml -> /home/haoran/Arm/meter_replacement/robot/install/meter_grasp/share/meter_grasp/config
